Archive member included to satisfy reference by file (symbol)

C:/PROGRA~2/ARMGNU~1/142BCE~1.3RE/bin/../lib/gcc/arm-none-eabi/14.3.1/thumb/v7e-m+fp/hard\libgcc.a(_arm_addsubdf3.o)
                              CMakeFiles/1550.dir/App/Src/usb_comm.c.obj (__aeabi_f2d)
C:/PROGRA~2/ARMGNU~1/142BCE~1.3RE/bin/../lib/gcc/arm-none-eabi/14.3.1/thumb/v7e-m+fp/hard\libgcc.a(_arm_truncdfsf2.o)
                              CMakeFiles/1550.dir/App/Src/usb_comm.c.obj (__aeabi_d2f)
C:/PROGRA~2/ARMGNU~1/142BCE~1.3RE/bin/../lib/gcc/arm-none-eabi/14.3.1/thumb/v7e-m+fp/hard\libgcc.a(_aeabi_uldivmod.o)
                              cmake/stm32cubemx/CMakeFiles/STM32_Drivers.dir/__/__/Drivers/STM32F4xx_HAL_Driver/Src/stm32f4xx_hal_rcc.c.obj (__aeabi_uldivmod)
C:/PROGRA~2/ARMGNU~1/142BCE~1.3RE/bin/../lib/gcc/arm-none-eabi/14.3.1/thumb/v7e-m+fp/hard\libgcc.a(_udivmoddi4.o)
                              C:/PROGRA~2/ARMGNU~1/142BCE~1.3RE/bin/../lib/gcc/arm-none-eabi/14.3.1/thumb/v7e-m+fp/hard\libgcc.a(_aeabi_uldivmod.o) (__udivmoddi4)
C:/PROGRA~2/ARMGNU~1/142BCE~1.3RE/bin/../lib/gcc/arm-none-eabi/14.3.1/thumb/v7e-m+fp/hard\libgcc.a(_dvmd_tls.o)
                              C:/PROGRA~2/ARMGNU~1/142BCE~1.3RE/bin/../lib/gcc/arm-none-eabi/14.3.1/thumb/v7e-m+fp/hard\libgcc.a(_aeabi_uldivmod.o) (__aeabi_ldiv0)
C:/PROGRA~2/ARMGNU~1/142BCE~1.3RE/bin/../lib/gcc/arm-none-eabi/14.3.1/../../../../arm-none-eabi/lib/thumb/v7e-m+fp/hard\libg_nano.a(libc_a-atof.o)
                              CMakeFiles/1550.dir/App/Src/usb_comm.c.obj (atof)
C:/PROGRA~2/ARMGNU~1/142BCE~1.3RE/bin/../lib/gcc/arm-none-eabi/14.3.1/../../../../arm-none-eabi/lib/thumb/v7e-m+fp/hard\libg_nano.a(libc_a-atoi.o)
                              CMakeFiles/1550.dir/App/Src/usb_comm.c.obj (atoi)
C:/PROGRA~2/ARMGNU~1/142BCE~1.3RE/bin/../lib/gcc/arm-none-eabi/14.3.1/../../../../arm-none-eabi/lib/thumb/v7e-m+fp/hard\libg_nano.a(libc_a-exit.o)
                              C:/PROGRA~2/ARMGNU~1/142BCE~1.3RE/bin/../lib/gcc/arm-none-eabi/14.3.1/../../../../arm-none-eabi/lib/thumb/v7e-m+fp/hard/crt0.o (exit)
C:/PROGRA~2/ARMGNU~1/142BCE~1.3RE/bin/../lib/gcc/arm-none-eabi/14.3.1/../../../../arm-none-eabi/lib/thumb/v7e-m+fp/hard\libg_nano.a(libc_a-strtod.o)
                              C:/PROGRA~2/ARMGNU~1/142BCE~1.3RE/bin/../lib/gcc/arm-none-eabi/14.3.1/../../../../arm-none-eabi/lib/thumb/v7e-m+fp/hard\libg_nano.a(libc_a-atof.o) (strtod)
C:/PROGRA~2/ARMGNU~1/142BCE~1.3RE/bin/../lib/gcc/arm-none-eabi/14.3.1/../../../../arm-none-eabi/lib/thumb/v7e-m+fp/hard\libg_nano.a(libc_a-strtol.o)
                              C:/PROGRA~2/ARMGNU~1/142BCE~1.3RE/bin/../lib/gcc/arm-none-eabi/14.3.1/../../../../arm-none-eabi/lib/thumb/v7e-m+fp/hard\libg_nano.a(libc_a-atoi.o) (_strtol_r)
C:/PROGRA~2/ARMGNU~1/142BCE~1.3RE/bin/../lib/gcc/arm-none-eabi/14.3.1/../../../../arm-none-eabi/lib/thumb/v7e-m+fp/hard\libg_nano.a(libc_a-ctype_.o)
                              C:/PROGRA~2/ARMGNU~1/142BCE~1.3RE/bin/../lib/gcc/arm-none-eabi/14.3.1/../../../../arm-none-eabi/lib/thumb/v7e-m+fp/hard\libg_nano.a(libc_a-strtol.o) (_ctype_)
C:/PROGRA~2/ARMGNU~1/142BCE~1.3RE/bin/../lib/gcc/arm-none-eabi/14.3.1/../../../../arm-none-eabi/lib/thumb/v7e-m+fp/hard\libg_nano.a(libc_a-nano-vfprintf_float.o)
                              (_printf_float)
C:/PROGRA~2/ARMGNU~1/142BCE~1.3RE/bin/../lib/gcc/arm-none-eabi/14.3.1/../../../../arm-none-eabi/lib/thumb/v7e-m+fp/hard\libg_nano.a(libc_a-nano-vfprintf_i.o)
                              C:/PROGRA~2/ARMGNU~1/142BCE~1.3RE/bin/../lib/gcc/arm-none-eabi/14.3.1/../../../../arm-none-eabi/lib/thumb/v7e-m+fp/hard\libg_nano.a(libc_a-nano-vfprintf_float.o) (_printf_common)
C:/PROGRA~2/ARMGNU~1/142BCE~1.3RE/bin/../lib/gcc/arm-none-eabi/14.3.1/../../../../arm-none-eabi/lib/thumb/v7e-m+fp/hard\libg_nano.a(libc_a-findfp.o)
                              C:/PROGRA~2/ARMGNU~1/142BCE~1.3RE/bin/../lib/gcc/arm-none-eabi/14.3.1/../../../../arm-none-eabi/lib/thumb/v7e-m+fp/hard\libg_nano.a(libc_a-exit.o) (__stdio_exit_handler)
C:/PROGRA~2/ARMGNU~1/142BCE~1.3RE/bin/../lib/gcc/arm-none-eabi/14.3.1/../../../../arm-none-eabi/lib/thumb/v7e-m+fp/hard\libg_nano.a(libc_a-fwalk.o)
                              C:/PROGRA~2/ARMGNU~1/142BCE~1.3RE/bin/../lib/gcc/arm-none-eabi/14.3.1/../../../../arm-none-eabi/lib/thumb/v7e-m+fp/hard\libg_nano.a(libc_a-findfp.o) (_fwalk_sglue)
C:/PROGRA~2/ARMGNU~1/142BCE~1.3RE/bin/../lib/gcc/arm-none-eabi/14.3.1/../../../../arm-none-eabi/lib/thumb/v7e-m+fp/hard\libg_nano.a(libc_a-snprintf.o)
                              CMakeFiles/1550.dir/App/Src/usb_comm.c.obj (snprintf)
C:/PROGRA~2/ARMGNU~1/142BCE~1.3RE/bin/../lib/gcc/arm-none-eabi/14.3.1/../../../../arm-none-eabi/lib/thumb/v7e-m+fp/hard\libg_nano.a(libc_a-stdio.o)
                              C:/PROGRA~2/ARMGNU~1/142BCE~1.3RE/bin/../lib/gcc/arm-none-eabi/14.3.1/../../../../arm-none-eabi/lib/thumb/v7e-m+fp/hard\libg_nano.a(libc_a-findfp.o) (__sread)
[...]
Memory Configuration

Name             Origin             Length             Attributes
RAM              0x20000000         0x00030000         xrw
CCMRAM           0x10000000         0x00010000         xrw
FLASH            0x08000000         0x00100000         xr
*default*        0x00000000         0xffffffff

Linker script and memory map

LOAD C:/PROGRA~2/ARMGNU~1/142BCE~1.3RE/bin/../lib/gcc/arm-none-eabi/14.3.1/thumb/v7e-m+fp/hard/crti.o
LOAD C:/PROGRA~2/ARMGNU~1/142BCE~1.3RE/bin/../lib/gcc/arm-none-eabi/14.3.1/thumb/v7e-m+fp/hard/crtbegin.o
LOAD C:/PROGRA~2/ARMGNU~1/142BCE~1.3RE/bin/../lib/gcc/arm-none-eabi/14.3.1/../../../../arm-none-eabi/lib/thumb/v7e-m+fp/hard/crt0.o
LOAD cmake/stm32cubemx/CMakeFiles/STM32_Drivers.dir/__/__/Core/Src/system_stm32f4xx.c.obj
LOAD cmake/stm32cubemx/CMakeFiles/STM32_Drivers.dir/__/__/Drivers/STM32F4xx_HAL_Driver/Src/stm32f4xx_hal_tim.c.obj
LOAD cmake/stm32cubemx/CMakeFiles/STM32_Drivers.dir/__/__/Drivers/STM32F4xx_HAL_Driver/Src/stm32f4xx_hal_tim_ex.c.obj
LOAD cmake/stm32cubemx/CMakeFiles/STM32_Drivers.dir/__/__/Drivers/STM32F4xx_HAL_Driver/Src/stm32f4xx_hal_pcd.c.obj
LOAD cmake/stm32cubemx/CMakeFiles/STM32_Drivers.dir/__/__/Drivers/STM32F4xx_HAL_Driver/Src/stm32f4xx_hal_pcd_ex.c.obj
LOAD cmake/stm32cubemx/CMakeFiles/STM32_Drivers.dir/__/__/Drivers/STM32F4xx_HAL_Driver/Src/stm32f4xx_ll_usb.c.obj
LOAD cmake/stm32cubemx/CMakeFiles/STM32_Drivers.dir/__/__/Drivers/STM32F4xx_HAL_Driver/Src/stm32f4xx_hal_rcc.c.obj
LOAD cmake/stm32cubemx/CMakeFiles/STM32_Drivers.dir/__/__/Drivers/STM32F4xx_HAL_Driver/Src/stm32f4xx_hal_rcc_ex.c.obj
LOAD cmake/stm32cubemx/CMakeFiles/STM32_Drivers.dir/__/__/Drivers/STM32F4xx_HAL_Driver/Src/stm32f4xx_hal_flash.c.obj
LOAD cmake/stm32cubemx/CMakeFiles/STM32_Drivers.dir/__/__/Drivers/STM32F4xx_HAL_Driver/Src/stm32f4xx_hal_flash_ex.c.obj
LOAD cmake/stm32cubemx/CMakeFiles/STM32_Drivers.dir/__/__/Drivers/STM32F4xx_HAL_Driver/Src/stm32f4xx_hal_flash_ramfunc.c.obj
LOAD cmake/stm32cubemx/CMakeFiles/STM32_Drivers.dir/__/__/Drivers/STM32F4xx_HAL_Driver/Src/stm32f4xx_hal_gpio.c.obj
LOAD cmake/stm32cubemx/CMakeFiles/STM32_Drivers.dir/__/__/Drivers/STM32F4xx_HAL_Driver/Src/stm32f4xx_hal_dma_ex.c.obj
LOAD cmake/stm32cubemx/CMakeFiles/STM32_Drivers.dir/__/__/Drivers/STM32F4xx_HAL_Driver/Src/stm32f4xx_hal_dma.c.obj
LOAD cmake/stm32cubemx/CMakeFiles/STM32_Drivers.dir/__/__/Drivers/STM32F4xx_HAL_Driver/Src/stm32f4xx_hal_pwr.c.obj
LOAD cmake/stm32cubemx/CMakeFiles/STM32_Drivers.dir/__/__/Drivers/STM32F4xx_HAL_Driver/Src/stm32f4xx_hal_pwr_ex.c.obj
LOAD cmake/stm32cubemx/CMakeFiles/STM32_Drivers.dir/__/__/Drivers/STM32F4xx_HAL_Driver/Src/stm32f4xx_hal_cortex.c.obj
LOAD cmake/stm32cubemx/CMakeFiles/STM32_Drivers.dir/__/__/Drivers/STM32F4xx_HAL_Driver/Src/stm32f4xx_hal.c.obj
LOAD cmake/stm32cubemx/CMakeFiles/STM32_Drivers.dir/__/__/Drivers/STM32F4xx_HAL_Driver/Src/stm32f4xx_hal_exti.c.obj
LOAD cmake/stm32cubemx/CMakeFiles/STM32_Drivers.dir/__/__/Drivers/STM32F4xx_HAL_Driver/Src/stm32f4xx_hal_dac.c.obj
LOAD cmake/stm32cubemx/CMakeFiles/STM32_Drivers.dir/__/__/Drivers/STM32F4xx_HAL_Driver/Src/stm32f4xx_hal_dac_ex.c.obj
LOAD cmake/stm32cubemx/CMakeFiles/STM32_Drivers.dir/__/__/Drivers/STM32F4xx_HAL_Driver/Src/stm32f4xx_hal_i2c.c.obj
LOAD cmake/stm32cubemx/CMakeFiles/STM32_Drivers.dir/__/__/Drivers/STM32F4xx_HAL_Driver/Src/stm32f4xx_hal_i2c_ex.c.obj
LOAD cmake/stm32cubemx/CMakeFiles/STM32_Drivers.dir/__/__/Drivers/STM32F4xx_HAL_Driver/Src/stm32f4xx_hal_spi.c.obj
LOAD cmake/stm32cubemx/CMakeFiles/USB_Device_Library.dir/__/__/Middlewares/ST/STM32_USB_Device_Library/Core/Src/usbd_core.c.obj
LOAD cmake/stm32cubemx/CMakeFiles/USB_Device_Library.dir/__/__/Middlewares/ST/STM32_USB_Device_Library/Core/Src/usbd_ctlreq.c.obj
LOAD cmake/stm32cubemx/CMakeFiles/USB_Device_Library.dir/__/__/Middlewares/ST/STM32_USB_Device_Library/Core/Src/usbd_ioreq.c.obj
LOAD cmake/stm32cubemx/CMakeFiles/USB_Device_Library.dir/__/__/Middlewares/ST/STM32_USB_Device_Library/Class/CDC/Src/usbd_cdc.c.obj
LOAD CMakeFiles/1550.dir/USB_DEVICE/Target/usbd_conf.c.obj
LOAD CMakeFiles/1550.dir/USB_DEVICE/App/usb_device.c.obj
LOAD CMakeFiles/1550.dir/USB_DEVICE/App/usbd_desc.c.obj
LOAD CMakeFiles/1550.dir/USB_DEVICE/App/usbd_cdc_if.c.obj
LOAD CMakeFiles/1550.dir/Core/Src/main.c.obj
LOAD CMakeFiles/1550.dir/Core/Src/stm32f4xx_it.c.obj
LOAD CMakeFiles/1550.dir/Core/Src/stm32f4xx_hal_msp.c.obj
LOAD CMakeFiles/1550.dir/Core/Src/stm32f4xx_hal_timebase_tim.c.obj
LOAD CMakeFiles/1550.dir/Core/Src/sysmem.c.obj
LOAD CMakeFiles/1550.dir/Core/Src/syscalls.c.obj
LOAD CMakeFiles/1550.dir/startup_stm32f429xx.s.obj
LOAD CMakeFiles/1550.dir/App/Src/thermal_control.c.obj
LOAD CMakeFiles/1550.dir/App/Src/laser_current.c.obj
LOAD CMakeFiles/1550.dir/App/Src/usb_comm.c.obj
LOAD C:/PROGRA~2/ARMGNU~1/142BCE~1.3RE/bin/../lib/gcc/arm-none-eabi/14.3.1/../../../../arm-none-eabi/lib/thumb/v7e-m+fp/hard\libm.a
START GROUP
LOAD C:/PROGRA~2/ARMGNU~1/142BCE~1.3RE/bin/../lib/gcc/arm-none-eabi/14.3.1/thumb/v7e-m+fp/hard\libgcc.a
LOAD C:/PROGRA~2/ARMGNU~1/142BCE~1.3RE/bin/../lib/gcc/arm-none-eabi/14.3.1/../../../../arm-none-eabi/lib/thumb/v7e-m+fp/hard\libg_nano.a
LOAD C:/PROGRA~2/ARMGNU~1/142BCE~1.3RE/bin/../lib/gcc/arm-none-eabi/14.3.1/../../../../arm-none-eabi/lib/thumb/v7e-m+fp/hard\libc_nano.a
END GROUP
START GROUP
LOAD C:/PROGRA~2/ARMGNU~1/142BCE~1.3RE/bin/../lib/gcc/arm-none-eabi/14.3.1/thumb/v7e-m+fp/hard\libgcc.a
LOAD C:/PROGRA~2/ARMGNU~1/142BCE~1.3RE/bin/../lib/gcc/arm-none-eabi/14.3.1/../../../../arm-none-eabi/lib/thumb/v7e-m+fp/hard\libc_nano.a
END GROUP
LOAD C:/PROGRA~2/ARMGNU~1/142BCE~1.3RE/bin/../lib/gcc/arm-none-eabi/14.3.1/thumb/v7e-m+fp/hard/crtend.o
LOAD C:/PROGRA~2/ARMGNU~1/142BCE~1.3RE/bin/../lib/gcc/arm-none-eabi/14.3.1/thumb/v7e-m+fp/hard/crtn.o
                0x20030000                        _estack = (ORIGIN (RAM) + LENGTH (RAM))
                0x00000200                        _Min_Heap_Size = 0x200
                0x00000400                        _Min_Stack_Size = 0x400

.isr_vector     0x08000000      0x1ac
                0x08000000                        . = ALIGN (0x4)
 *(.isr_vector)
 .isr_vector    0x08000000      0x1ac CMakeFiles/1550.dir/startup_stm32f429xx.s.obj
                0x08000000                g_pfnVectors
                0x080001ac                        . = ALIGN (0x4)

.text           0x080001b0    0x11b30
                0x080001b0                        . = ALIGN (0x4)
 *(.text)
 .text          0x080001b0      0x378 C:/PROGRA~2/ARMGNU~1/142BCE~1.3RE/bin/../lib/gcc/arm-none-eabi/14.3.1/thumb/v7e-m+fp/hard\libgcc.a(_arm_addsubdf3.o)
                0x080001b0                __aeabi_drsub
                0x080001b8                __aeabi_dsub
                0x080001b8                __subdf3
                0x080001bc                __aeabi_dadd
                0x080001bc                __adddf3
                0x08000434                __floatunsidf
                0x08000434                __aeabi_ui2d
                0x08000454                __floatsidf
                0x08000454                __aeabi_i2d
                0x08000478                __aeabi_f2d
                0x08000478                __extendsfdf2
                0x080004bc                __floatundidf
                0x080004bc                __aeabi_ul2d
                0x080004cc                __floatdidf
                0x080004cc                __aeabi_l2d
 .text          0x08000528       0xa0 C:/PROGRA~2/ARMGNU~1/142BCE~1.3RE/bin/../lib/gcc/arm-none-eabi/14.3.1/thumb/v7e-m+fp/hard\libgcc.a(_arm_truncdfsf2.o)
                0x08000528                __truncdfsf2
                0x08000528                __aeabi_d2f
 .text          0x080005c8       0x30 C:/PROGRA~2/ARMGNU~1/142BCE~1.3RE/bin/../lib/gcc/arm-none-eabi/14.3.1/thumb/v7e-m+fp/hard\libgcc.a(_aeabi_uldivmod.o)
                0x080005c8                __aeabi_uldivmod
 .text          0x080005f8        0x4 C:/PROGRA~2/ARMGNU~1/142BCE~1.3RE/bin/../lib/gcc/arm-none-eabi/14.3.1/thumb/v7e-m+fp/hard\libgcc.a(_dvmd_tls.o)
                0x080005f8                __aeabi_idiv0
                0x080005f8                __aeabi_ldiv0
 *fill*         0x080005fc        0x4 
 .text          0x08000600       0xa0 C:/PROGRA~2/ARMGNU~1/142BCE~1.3RE/bin/../lib/gcc/arm-none-eabi/14.3.1/../../../../arm-none-eabi/lib/thumb/v7e-m+fp/hard\libg_nano.a(libc_a-memchr.o)
                0x08000600                memchr
 .text          0x080006a0       0x10 C:/PROGRA~2/ARMGNU~1/142BCE~1.3RE/bin/../lib/gcc/arm-none-eabi/14.3.1/../../../../arm-none-eabi/lib/thumb/v7e-m+fp/hard\libg_nano.a(libc_a-strlen.o)
                0x080006a0                strlen
 .text          0x080006b0      0x424 C:/PROGRA~2/ARMGNU~1/142BCE~1.3RE/bin/../lib/gcc/arm-none-eabi/14.3.1/thumb/v7e-m+fp/hard\libgcc.a(_arm_muldivdf3.o)
                0x080006b0                __aeabi_dmul
                0x080006b0                __muldf3
                0x08000904                __divdf3
                0x08000904                __aeabi_ddiv
 .text          0x08000ad4      0x110 C:/PROGRA~2/ARMGNU~1/142BCE~1.3RE/bin/../lib/gcc/arm-none-eabi/14.3.1/thumb/v7e-m+fp/hard\libgcc.a(_arm_cmpdf2.o)
                0x08000ad4                __gtdf2
                0x08000ad4                __gedf2
                0x08000adc                __ltdf2
                0x08000adc                __ledf2
                0x08000ae4                __nedf2
                0x08000ae4                __eqdf2
                0x08000ae4                __cmpdf2
                0x08000b60                __aeabi_cdrcmple
                0x08000b70                __aeabi_cdcmpeq
                0x08000b70                __aeabi_cdcmple
                0x08000b80                __aeabi_dcmpeq
                0x08000b94                __aeabi_dcmplt
                0x08000ba8                __aeabi_dcmple
                0x08000bbc                __aeabi_dcmpge
                0x08000bd0                __aeabi_dcmpgt
 .text          0x08000be4       0x2c C:/PROGRA~2/ARMGNU~1/142BCE~1.3RE/bin/../lib/gcc/arm-none-eabi/14.3.1/thumb/v7e-m+fp/hard\libgcc.a(_arm_unorddf2.o)
                0x08000be4                __unorddf2
                0x08000be4                __aeabi_dcmpun
 .text          0x08000c10       0x50 C:/PROGRA~2/ARMGNU~1/142BCE~1.3RE/bin/../lib/gcc/arm-none-eabi/14.3.1/thumb/v7e-m+fp/hard\libgcc.a(_arm_fixdfsi.o)
                0x08000c10                __aeabi_d2iz
                0x08000c10                __fixdfsi
 .text          0x08000c60       0x40 C:/PROGRA~2/ARMGNU~1/142BCE~1.3RE/bin/../lib/gcc/arm-none-eabi/14.3.1/thumb/v7e-m+fp/hard\libgcc.a(_arm_fixunsdfsi.o)
                0x08000c60                __aeabi_d2uiz
                0x08000c60                __fixunsdfsi
 *(.text*)
 .text.deregister_tm_clones
                0x08000ca0       0x1c C:/PROGRA~2/ARMGNU~1/142BCE~1.3RE/bin/../lib/gcc/arm-none-eabi/14.3.1/thumb/v7e-m+fp/hard/crtbegin.o
 .text.register_tm_clones
                0x08000cbc       0x24 C:/PROGRA~2/ARMGNU~1/142BCE~1.3RE/bin/../lib/gcc/arm-none-eabi/14.3.1/thumb/v7e-m+fp/hard/crtbegin.o
 .text.__do_global_dtors_aux
                0x08000ce0       0x28 C:/PROGRA~2/ARMGNU~1/142BCE~1.3RE/bin/../lib/gcc/arm-none-eabi/14.3.1/thumb/v7e-m+fp/hard/crtbegin.o
 .text.frame_dummy
                0x08000d08       0x24 C:/PROGRA~2/ARMGNU~1/142BCE~1.3RE/bin/../lib/gcc/arm-none-eabi/14.3.1/thumb/v7e-m+fp/hard/crtbegin.o
 .text.SystemInit
                0x08000d2c       0x24 cmake/stm32cubemx/CMakeFiles/STM32_Drivers.dir/__/__/Core/Src/system_stm32f4xx.c.obj
                0x08000d2c                SystemInit
 .text.HAL_TIM_Base_Init
                0x08000d50       0x9e cmake/stm32cubemx/CMakeFiles/STM32_Drivers.dir/__/__/Drivers/STM32F4xx_HAL_Driver/Src/stm32f4xx_hal_tim.c.obj
                0x08000d50                HAL_TIM_Base_Init
 *fill*         0x08000dee        0x2 
 .text.HAL_TIM_Base_Start_IT
                0x08000df0       0xe0 cmake/stm32cubemx/CMakeFiles/STM32_Drivers.dir/__/__/Drivers/STM32F4xx_HAL_Driver/Src/stm32f4xx_hal_tim.c.obj
                0x08000df0                HAL_TIM_Base_Start_IT
 .text.HAL_TIM_Base_Stop_IT
                0x08000ed0       0x5e cmake/stm32cubemx/CMakeFiles/STM32_Drivers.dir/__/__/Drivers/STM32F4xx_HAL_Driver/Src/stm32f4xx_hal_tim.c.obj
                0x08000ed0                HAL_TIM_Base_Stop_IT
 .text.HAL_TIM_IRQHandler
                0x08000f2e      0x1e0 cmake/stm32cubemx/CMakeFiles/STM32_Drivers.dir/__/__/Drivers/STM32F4xx_HAL_Driver/Src/stm32f4xx_hal_tim.c.obj
                0x08000f2e                HAL_TIM_IRQHandler
 .text.HAL_TIM_OC_DelayElapsedCallback
                0x0800110e       0x14 cmake/stm32cubemx/CMakeFiles/STM32_Drivers.dir/__/__/Drivers/STM32F4xx_HAL_Driver/Src/stm32f4xx_hal_tim.c.obj
                0x0800110e                HAL_TIM_OC_DelayElapsedCallback
 .text.HAL_TIM_IC_CaptureCallback
                0x08001122       0x14 cmake/stm32cubemx/CMakeFiles/STM32_Drivers.dir/__/__/Drivers/STM32F4xx_HAL_Driver/Src/stm32f4xx_hal_tim.c.obj
                0x08001122                HAL_TIM_IC_CaptureCallback
 .text.HAL_TIM_PWM_PulseFinishedCallback
                0x08001136       0x14 cmake/stm32cubemx/CMakeFiles/STM32_Drivers.dir/__/__/Drivers/STM32F4xx_HAL_Driver/Src/stm32f4xx_hal_tim.c.obj
                0x08001136                HAL_TIM_PWM_PulseFinishedCallback
 .text.HAL_TIM_TriggerCallback
                0x0800114a       0x14 cmake/stm32cubemx/CMakeFiles/STM32_Drivers.dir/__/__/Drivers/STM32F4xx_HAL_Driver/Src/stm32f4xx_hal_tim.c.obj
                0x0800114a                HAL_TIM_TriggerCallback
 *fill*         0x0800115e        0x2 
 .text.TIM_Base_SetConfig
                0x08001160      0x14c cmake/stm32cubemx/CMakeFiles/STM32_Drivers.dir/__/__/Drivers/STM32F4xx_HAL_Driver/Src/stm32f4xx_hal_tim.c.obj
                0x08001160                TIM_Base_SetConfig
 .text.HAL_TIMEx_MasterConfigSynchronization
                0x080012ac       0xf8 cmake/stm32cubemx/CMakeFiles/STM32_Drivers.dir/__/__/Drivers/STM32F4xx_HAL_Driver/Src/stm32f4xx_hal_tim_ex.c.obj
                0x080012ac                HAL_TIMEx_MasterConfigSynchronization
 .text.HAL_TIMEx_CommutCallback
                0x080013a4       0x14 cmake/stm32cubemx/CMakeFiles/STM32_Drivers.dir/__/__/Drivers/STM32F4xx_HAL_Driver/Src/stm32f4xx_hal_tim_ex.c.obj
                0x080013a4                HAL_TIMEx_CommutCallback
 .text.HAL_TIMEx_BreakCallback
                0x080013b8       0x14 cmake/stm32cubemx/CMakeFiles/STM32_Drivers.dir/__/__/Drivers/STM32F4xx_HAL_Driver/Src/stm32f4xx_hal_tim_ex.c.obj
                0x080013b8                HAL_TIMEx_BreakCallback
 .text.HAL_PCD_Init
                0x080013cc      0x21e cmake/stm32cubemx/CMakeFiles/STM32_Drivers.dir/__/__/Drivers/STM32F4xx_HAL_Driver/Src/stm32f4xx_hal_pcd.c.obj
                0x080013cc                HAL_PCD_Init
 .text.HAL_PCD_Start
                0x080015ea       0x6a cmake/stm32cubemx/CMakeFiles/STM32_Drivers.dir/__/__/Drivers/STM32F4xx_HAL_Driver/Src/stm32f4xx_hal_pcd.c.obj
                0x080015ea                HAL_PCD_Start
 .text.HAL_PCD_IRQHandler
                0x08001654      0x942 cmake/stm32cubemx/CMakeFiles/STM32_Drivers.dir/__/__/Drivers/STM32F4xx_HAL_Driver/Src/stm32f4xx_hal_pcd.c.obj
                0x08001654                HAL_PCD_IRQHandler
 .text.HAL_PCD_SetAddress
                0x08001f96       0x48 cmake/stm32cubemx/CMakeFiles/STM32_Drivers.dir/__/__/Drivers/STM32F4xx_HAL_Driver/Src/stm32f4xx_hal_pcd.c.obj
                0x08001f96                HAL_PCD_SetAddress
 .text.HAL_PCD_EP_Open
                0x08001fde       0xd4 cmake/stm32cubemx/CMakeFiles/STM32_Drivers.dir/__/__/Drivers/STM32F4xx_HAL_Driver/Src/stm32f4xx_hal_pcd.c.obj
                0x08001fde                HAL_PCD_EP_Open
 .text.HAL_PCD_EP_Close
                0x080020b2       0x94 cmake/stm32cubemx/CMakeFiles/STM32_Drivers.dir/__/__/Drivers/STM32F4xx_HAL_Driver/Src/stm32f4xx_hal_pcd.c.obj
                0x080020b2                HAL_PCD_EP_Close
 .text.HAL_PCD_EP_Receive
                0x08002146       0x76 cmake/stm32cubemx/CMakeFiles/STM32_Drivers.dir/__/__/Drivers/STM32F4xx_HAL_Driver/Src/stm32f4xx_hal_pcd.c.obj
                0x08002146                HAL_PCD_EP_Receive
 .text.HAL_PCD_EP_GetRxCount
                0x080021bc       0x30 cmake/stm32cubemx/CMakeFiles/STM32_Drivers.dir/__/__/Drivers/STM32F4xx_HAL_Driver/Src/stm32f4xx_hal_pcd.c.obj
                0x080021bc                HAL_PCD_EP_GetRxCount
 .text.HAL_PCD_EP_Transmit
                0x080021ec       0x74 cmake/stm32cubemx/CMakeFiles/STM32_Drivers.dir/__/__/Drivers/STM32F4xx_HAL_Driver/Src/stm32f4xx_hal_pcd.c.obj
                0x080021ec                HAL_PCD_EP_Transmit
 .text.HAL_PCD_EP_SetStall
                0x08002260       0xc6 cmake/stm32cubemx/CMakeFiles/STM32_Drivers.dir/__/__/Drivers/STM32F4xx_HAL_Driver/Src/stm32f4xx_hal_pcd.c.obj
                0x08002260                HAL_PCD_EP_SetStall
 .text.HAL_PCD_EP_ClrStall
                0x08002326       0xac cmake/stm32cubemx/CMakeFiles/STM32_Drivers.dir/__/__/Drivers/STM32F4xx_HAL_Driver/Src/stm32f4xx_hal_pcd.c.obj
                0x08002326                HAL_PCD_EP_ClrStall
 .text.HAL_PCD_EP_Abort
                0x080023d2       0x62 cmake/stm32cubemx/CMakeFiles/STM32_Drivers.dir/__/__/Drivers/STM32F4xx_HAL_Driver/Src/stm32f4xx_hal_pcd.c.obj
                0x080023d2                HAL_PCD_EP_Abort
 .text.PCD_WriteEmptyTxFifo
                0x08002434      0x118 cmake/stm32cubemx/CMakeFiles/STM32_Drivers.dir/__/__/Drivers/STM32F4xx_HAL_Driver/Src/stm32f4xx_hal_pcd.c.obj
 .text.PCD_EP_OutXfrComplete_int
                0x0800254c      0x1d0 cmake/stm32cubemx/CMakeFiles/STM32_Drivers.dir/__/__/Drivers/STM32F4xx_HAL_Driver/Src/stm32f4xx_hal_pcd.c.obj
 .text.PCD_EP_OutSetupPacket_int
                0x0800271c       0x8c cmake/stm32cubemx/CMakeFiles/STM32_Drivers.dir/__/__/Drivers/STM32F4xx_HAL_Driver/Src/stm32f4xx_hal_pcd.c.obj
 .text.HAL_PCDEx_SetTxFiFo
                0x080027a8       0x8e cmake/stm32cubemx/CMakeFiles/STM32_Drivers.dir/__/__/Drivers/STM32F4xx_HAL_Driver/Src/stm32f4xx_hal_pcd_ex.c.obj
                0x080027a8                HAL_PCDEx_SetTxFiFo
 .text.HAL_PCDEx_SetRxFiFo
                0x08002836       0x22 cmake/stm32cubemx/CMakeFiles/STM32_Drivers.dir/__/__/Drivers/STM32F4xx_HAL_Driver/Src/stm32f4xx_hal_pcd_ex.c.obj
                0x08002836                HAL_PCDEx_SetRxFiFo
 .text.HAL_PCDEx_LPM_Callback
                0x08002858       0x18 cmake/stm32cubemx/CMakeFiles/STM32_Drivers.dir/__/__/Drivers/STM32F4xx_HAL_Driver/Src/stm32f4xx_hal_pcd_ex.c.obj
                0x08002858                HAL_PCDEx_LPM_Callback
 .text.USB_CoreInit
                0x08002870       0xc8 cmake/stm32cubemx/CMakeFiles/STM32_Drivers.dir/__/__/Drivers/STM32F4xx_HAL_Driver/Src/stm32f4xx_ll_usb.c.obj
                0x08002870                USB_CoreInit
 .text.USB_SetTurnaroundTime
                0x08002938      0x144 cmake/stm32cubemx/CMakeFiles/STM32_Drivers.dir/__/__/Drivers/STM32F4xx_HAL_Driver/Src/stm32f4xx_ll_usb.c.obj
                0x08002938                USB_SetTurnaroundTime
 .text.USB_EnableGlobalInt
                0x08002a7c       0x22 cmake/stm32cubemx/CMakeFiles/STM32_Drivers.dir/__/__/Drivers/STM32F4xx_HAL_Driver/Src/stm32f4xx_ll_usb.c.obj
                0x08002a7c                USB_EnableGlobalInt
 .text.USB_DisableGlobalInt
                0x08002a9e       0x22 cmake/stm32cubemx/CMakeFiles/STM32_Drivers.dir/__/__/Drivers/STM32F4xx_HAL_Driver/Src/stm32f4xx_ll_usb.c.obj
                0x08002a9e                USB_DisableGlobalInt
 .text.USB_SetCurrentMode
                0x08002ac0       0x98 cmake/stm32cubemx/CMakeFiles/STM32_Drivers.dir/__/__/Drivers/STM32F4xx_HAL_Driver/Src/stm32f4xx_ll_usb.c.obj
                0x08002ac0                USB_SetCurrentMode
 .text.USB_DevInit
                0x08002b58      0x2c8 cmake/stm32cubemx/CMakeFiles/STM32_Drivers.dir/__/__/Drivers/STM32F4xx_HAL_Driver/Src/stm32f4xx_ll_usb.c.obj
                0x08002b58                USB_DevInit
 .text.USB_FlushTxFifo
                0x08002e20       0x64 cmake/stm32cubemx/CMakeFiles/STM32_Drivers.dir/__/__/Drivers/STM32F4xx_HAL_Driver/Src/stm32f4xx_ll_usb.c.obj
                0x08002e20                USB_FlushTxFifo
 .text.USB_FlushRxFifo
                0x08002e84       0x5c cmake/stm32cubemx/CMakeFiles/STM32_Drivers.dir/__/__/Drivers/STM32F4xx_HAL_Driver/Src/stm32f4xx_ll_usb.c.obj
                0x08002e84                USB_FlushRxFifo
 .text.USB_SetDevSpeed
                0x08002ee0       0x32 cmake/stm32cubemx/CMakeFiles/STM32_Drivers.dir/__/__/Drivers/STM32F4xx_HAL_Driver/Src/stm32f4xx_ll_usb.c.obj
                0x08002ee0                USB_SetDevSpeed
 .text.USB_GetDevSpeed
                0x08002f12       0x4a cmake/stm32cubemx/CMakeFiles/STM32_Drivers.dir/__/__/Drivers/STM32F4xx_HAL_Driver/Src/stm32f4xx_ll_usb.c.obj
                0x08002f12                USB_GetDevSpeed
 .text.USB_ActivateEndpoint
                0x08002f5c      0x10e cmake/stm32cubemx/CMakeFiles/STM32_Drivers.dir/__/__/Drivers/STM32F4xx_HAL_Driver/Src/stm32f4xx_ll_usb.c.obj
                0x08002f5c                USB_ActivateEndpoint
 *fill*         0x0800306a        0x2 
 .text.USB_DeactivateEndpoint
                0x0800306c      0x1b8 cmake/stm32cubemx/CMakeFiles/STM32_Drivers.dir/__/__/Drivers/STM32F4xx_HAL_Driver/Src/stm32f4xx_ll_usb.c.obj
                0x0800306c                USB_DeactivateEndpoint
 .text.USB_EPStartXfer
                0x08003224      0x53c cmake/stm32cubemx/CMakeFiles/STM32_Drivers.dir/__/__/Drivers/STM32F4xx_HAL_Driver/Src/stm32f4xx_ll_usb.c.obj
                0x08003224                USB_EPStartXfer
 .text.USB_EPStopXfer
                0x08003760      0x154 cmake/stm32cubemx/CMakeFiles/STM32_Drivers.dir/__/__/Drivers/STM32F4xx_HAL_Driver/Src/stm32f4xx_ll_usb.c.obj
                0x08003760                USB_EPStopXfer
 .text.USB_WritePacket
                0x080038b4       0x7c cmake/stm32cubemx/CMakeFiles/STM32_Drivers.dir/__/__/Drivers/STM32F4xx_HAL_Driver/Src/stm32f4xx_ll_usb.c.obj
                0x080038b4                USB_WritePacket
 .text.USB_ReadPacket
                0x08003930       0xb0 cmake/stm32cubemx/CMakeFiles/STM32_Drivers.dir/__/__/Drivers/STM32F4xx_HAL_Driver/Src/stm32f4xx_ll_usb.c.obj
                0x08003930                USB_ReadPacket
 .text.USB_EPSetStall
                0x080039e0       0xdc cmake/stm32cubemx/CMakeFiles/STM32_Drivers.dir/__/__/Drivers/STM32F4xx_HAL_Driver/Src/stm32f4xx_ll_usb.c.obj
                0x080039e0                USB_EPSetStall
 .text.USB_EPClearStall
                0x08003abc       0xcc cmake/stm32cubemx/CMakeFiles/STM32_Drivers.dir/__/__/Drivers/STM32F4xx_HAL_Driver/Src/stm32f4xx_ll_usb.c.obj
                0x08003abc                USB_EPClearStall
 .text.USB_SetDevAddress
                0x08003b88       0x4c cmake/stm32cubemx/CMakeFiles/STM32_Drivers.dir/__/__/Drivers/STM32F4xx_HAL_Driver/Src/stm32f4xx_ll_usb.c.obj
                0x08003b88                USB_SetDevAddress
 .text.USB_DevConnect
                0x08003bd4       0x42 cmake/stm32cubemx/CMakeFiles/STM32_Drivers.dir/__/__/Drivers/STM32F4xx_HAL_Driver/Src/stm32f4xx_ll_usb.c.obj
                0x08003bd4                USB_DevConnect
 .text.USB_DevDisconnect
                0x08003c16       0x42 cmake/stm32cubemx/CMakeFiles/STM32_Drivers.dir/__/__/Drivers/STM32F4xx_HAL_Driver/Src/stm32f4xx_ll_usb.c.obj
                0x08003c16                USB_DevDisconnect
 .text.USB_ReadInterrupts
                0x08003c58       0x26 cmake/stm32cubemx/CMakeFiles/STM32_Drivers.dir/__/__/Drivers/STM32F4xx_HAL_Driver/Src/stm32f4xx_ll_usb.c.obj
                0x08003c58                USB_ReadInterrupts
 .text.USB_ReadDevAllOutEpInterrupt
                0x08003c7e       0x34 cmake/stm32cubemx/CMakeFiles/STM32_Drivers.dir/__/__/Drivers/STM32F4xx_HAL_Driver/Src/stm32f4xx_ll_usb.c.obj
                0x08003c7e                USB_ReadDevAllOutEpInterrupt
 .text.USB_ReadDevAllInEpInterrupt
                0x08003cb2       0x34 cmake/stm32cubemx/CMakeFiles/STM32_Drivers.dir/__/__/Drivers/STM32F4xx_HAL_Driver/Src/stm32f4xx_ll_usb.c.obj
                0x08003cb2                USB_ReadDevAllInEpInterrupt
 .text.USB_ReadDevOutEPInterrupt
                0x08003ce6       0x3c cmake/stm32cubemx/CMakeFiles/STM32_Drivers.dir/__/__/Drivers/STM32F4xx_HAL_Driver/Src/stm32f4xx_ll_usb.c.obj
                0x08003ce6                USB_ReadDevOutEPInterrupt
 .text.USB_ReadDevInEPInterrupt
                0x08003d22       0x5c cmake/stm32cubemx/CMakeFiles/STM32_Drivers.dir/__/__/Drivers/STM32F4xx_HAL_Driver/Src/stm32f4xx_ll_usb.c.obj
                0x08003d22                USB_ReadDevInEPInterrupt
 .text.USB_GetMode
                0x08003d7e       0x1c cmake/stm32cubemx/CMakeFiles/STM32_Drivers.dir/__/__/Drivers/STM32F4xx_HAL_Driver/Src/stm32f4xx_ll_usb.c.obj
                0x08003d7e                USB_GetMode
 .text.USB_ActivateSetup
                0x08003d9a       0x46 cmake/stm32cubemx/CMakeFiles/STM32_Drivers.dir/__/__/Drivers/STM32F4xx_HAL_Driver/Src/stm32f4xx_ll_usb.c.obj
                0x08003d9a                USB_ActivateSetup
 .text.USB_EP0_OutStart
                0x08003de0       0xbc cmake/stm32cubemx/CMakeFiles/STM32_Drivers.dir/__/__/Drivers/STM32F4xx_HAL_Driver/Src/stm32f4xx_ll_usb.c.obj
                0x08003de0                USB_EP0_OutStart
 .text.USB_CoreReset
                0x08003e9c       0x70 cmake/stm32cubemx/CMakeFiles/STM32_Drivers.dir/__/__/Drivers/STM32F4xx_HAL_Driver/Src/stm32f4xx_ll_usb.c.obj
 .text.HAL_RCC_OscConfig
                0x08003f0c      0x4f0 cmake/stm32cubemx/CMakeFiles/STM32_Drivers.dir/__/__/Drivers/STM32F4xx_HAL_Driver/Src/stm32f4xx_hal_rcc.c.obj
                0x08003f0c                HAL_RCC_OscConfig
 .text.HAL_RCC_ClockConfig
                0x080043fc      0x1cc cmake/stm32cubemx/CMakeFiles/STM32_Drivers.dir/__/__/Drivers/STM32F4xx_HAL_Driver/Src/stm32f4xx_hal_rcc.c.obj
                0x080043fc                HAL_RCC_ClockConfig
 .text.HAL_RCC_GetSysClockFreq
                0x080045c8      0x208 cmake/stm32cubemx/CMakeFiles/STM32_Drivers.dir/__/__/Drivers/STM32F4xx_HAL_Driver/Src/stm32f4xx_hal_rcc.c.obj
                0x080045c8                HAL_RCC_GetSysClockFreq
 .text.HAL_RCC_GetHCLKFreq
                0x080047d0       0x18 cmake/stm32cubemx/CMakeFiles/STM32_Drivers.dir/__/__/Drivers/STM32F4xx_HAL_Driver/Src/stm32f4xx_hal_rcc.c.obj
                0x080047d0                HAL_RCC_GetHCLKFreq
 .text.HAL_RCC_GetPCLK1Freq
                0x080047e8       0x28 cmake/stm32cubemx/CMakeFiles/STM32_Drivers.dir/__/__/Drivers/STM32F4xx_HAL_Driver/Src/stm32f4xx_hal_rcc.c.obj
                0x080047e8                HAL_RCC_GetPCLK1Freq
 .text.HAL_RCC_GetPCLK2Freq
                0x08004810       0x28 cmake/stm32cubemx/CMakeFiles/STM32_Drivers.dir/__/__/Drivers/STM32F4xx_HAL_Driver/Src/stm32f4xx_hal_rcc.c.obj
                0x08004810                HAL_RCC_GetPCLK2Freq
 .text.HAL_RCC_GetClockConfig
                0x08004838       0x64 cmake/stm32cubemx/CMakeFiles/STM32_Drivers.dir/__/__/Drivers/STM32F4xx_HAL_Driver/Src/stm32f4xx_hal_rcc.c.obj
                0x08004838                HAL_RCC_GetClockConfig
 .text.HAL_RCCEx_PeriphCLKConfig
                0x0800489c      0x380 cmake/stm32cubemx/CMakeFiles/STM32_Drivers.dir/__/__/Drivers/STM32F4xx_HAL_Driver/Src/stm32f4xx_hal_rcc_ex.c.obj
                0x0800489c                HAL_RCCEx_PeriphCLKConfig
 .text.HAL_GPIO_Init
                0x08004c1c      0x358 cmake/stm32cubemx/CMakeFiles/STM32_Drivers.dir/__/__/Drivers/STM32F4xx_HAL_Driver/Src/stm32f4xx_hal_gpio.c.obj
                0x08004c1c                HAL_GPIO_Init
 .text.HAL_GPIO_WritePin
                0x08004f74       0x32 cmake/stm32cubemx/CMakeFiles/STM32_Drivers.dir/__/__/Drivers/STM32F4xx_HAL_Driver/Src/stm32f4xx_hal_gpio.c.obj
                0x08004f74                HAL_GPIO_WritePin
 *fill*         0x08004fa6        0x2 
 .text.HAL_DMA_Init
                0x08004fa8      0x15c cmake/stm32cubemx/CMakeFiles/STM32_Drivers.dir/__/__/Drivers/STM32F4xx_HAL_Driver/Src/stm32f4xx_hal_dma.c.obj
                0x08004fa8                HAL_DMA_Init
 .text.HAL_DMA_Start_IT
                0x08005104       0xb0 cmake/stm32cubemx/CMakeFiles/STM32_Drivers.dir/__/__/Drivers/STM32F4xx_HAL_Driver/Src/stm32f4xx_hal_dma.c.obj
                0x08005104                HAL_DMA_Start_IT
 .text.HAL_DMA_Abort_IT
                0x080051b4       0x44 cmake/stm32cubemx/CMakeFiles/STM32_Drivers.dir/__/__/Drivers/STM32F4xx_HAL_Driver/Src/stm32f4xx_hal_dma.c.obj
                0x080051b4                HAL_DMA_Abort_IT
 .text.HAL_DMA_IRQHandler
                0x080051f8      0x314 cmake/stm32cubemx/CMakeFiles/STM32_Drivers.dir/__/__/Drivers/STM32F4xx_HAL_Driver/Src/stm32f4xx_hal_dma.c.obj
                0x080051f8                HAL_DMA_IRQHandler
 .text.HAL_DMA_GetState
                0x0800550c       0x1c cmake/stm32cubemx/CMakeFiles/STM32_Drivers.dir/__/__/Drivers/STM32F4xx_HAL_Driver/Src/stm32f4xx_hal_dma.c.obj
                0x0800550c                HAL_DMA_GetState
 .text.HAL_DMA_GetError
                0x08005528       0x18 cmake/stm32cubemx/CMakeFiles/STM32_Drivers.dir/__/__/Drivers/STM32F4xx_HAL_Driver/Src/stm32f4xx_hal_dma.c.obj
                0x08005528                HAL_DMA_GetError
 .text.DMA_SetConfig
                0x08005540       0x5c cmake/stm32cubemx/CMakeFiles/STM32_Drivers.dir/__/__/Drivers/STM32F4xx_HAL_Driver/Src/stm32f4xx_hal_dma.c.obj
 .text.DMA_CalcBaseAndBitshift
                0x0800559c       0x6c cmake/stm32cubemx/CMakeFiles/STM32_Drivers.dir/__/__/Drivers/STM32F4xx_HAL_Driver/Src/stm32f4xx_hal_dma.c.obj
 .text.DMA_CheckFifoParam
                0x08005608       0xf8 cmake/stm32cubemx/CMakeFiles/STM32_Drivers.dir/__/__/Drivers/STM32F4xx_HAL_Driver/Src/stm32f4xx_hal_dma.c.obj
 .text.__NVIC_SetPriorityGrouping
                0x08005700       0x48 cmake/stm32cubemx/CMakeFiles/STM32_Drivers.dir/__/__/Drivers/STM32F4xx_HAL_Driver/Src/stm32f4xx_hal_cortex.c.obj
 .text.__NVIC_GetPriorityGrouping
                0x08005748       0x1c cmake/stm32cubemx/CMakeFiles/STM32_Drivers.dir/__/__/Drivers/STM32F4xx_HAL_Driver/Src/stm32f4xx_hal_cortex.c.obj
 .text.__NVIC_EnableIRQ
                0x08005764       0x3c cmake/stm32cubemx/CMakeFiles/STM32_Drivers.dir/__/__/Drivers/STM32F4xx_HAL_Driver/Src/stm32f4xx_hal_cortex.c.obj
 .text.__NVIC_SetPriority
                0x080057a0       0x54 cmake/stm32cubemx/CMakeFiles/STM32_Drivers.dir/__/__/Drivers/STM32F4xx_HAL_Driver/Src/stm32f4xx_hal_cortex.c.obj
 .text.NVIC_EncodePriority
                0x080057f4       0x66 cmake/stm32cubemx/CMakeFiles/STM32_Drivers.dir/__/__/Drivers/STM32F4xx_HAL_Driver/Src/stm32f4xx_hal_cortex.c.obj
 .text.HAL_NVIC_SetPriorityGrouping
                0x0800585a       0x16 cmake/stm32cubemx/CMakeFiles/STM32_Drivers.dir/__/__/Drivers/STM32F4xx_HAL_Driver/Src/stm32f4xx_hal_cortex.c.obj
                0x0800585a                HAL_NVIC_SetPriorityGrouping
 .text.HAL_NVIC_SetPriority
                0x08005870       0x38 cmake/stm32cubemx/CMakeFiles/STM32_Drivers.dir/__/__/Drivers/STM32F4xx_HAL_Driver/Src/stm32f4xx_hal_cortex.c.obj
                0x08005870                HAL_NVIC_SetPriority
 .text.HAL_NVIC_EnableIRQ
                0x080058a8       0x1c cmake/stm32cubemx/CMakeFiles/STM32_Drivers.dir/__/__/Drivers/STM32F4xx_HAL_Driver/Src/stm32f4xx_hal_cortex.c.obj
                0x080058a8                HAL_NVIC_EnableIRQ
 .text.HAL_Init
                0x080058c4       0x44 cmake/stm32cubemx/CMakeFiles/STM32_Drivers.dir/__/__/Drivers/STM32F4xx_HAL_Driver/Src/stm32f4xx_hal.c.obj
                0x080058c4                HAL_Init
 .text.HAL_IncTick
                0x08005908       0x28 cmake/stm32cubemx/CMakeFiles/STM32_Drivers.dir/__/__/Drivers/STM32F4xx_HAL_Driver/Src/stm32f4xx_hal.c.obj
                0x08005908                HAL_IncTick
 .text.HAL_GetTick
                0x08005930       0x18 cmake/stm32cubemx/CMakeFiles/STM32_Drivers.dir/__/__/Drivers/STM32F4xx_HAL_Driver/Src/stm32f4xx_hal.c.obj
                0x08005930                HAL_GetTick
 .text.HAL_Delay
                0x08005948       0x48 cmake/stm32cubemx/CMakeFiles/STM32_Drivers.dir/__/__/Drivers/STM32F4xx_HAL_Driver/Src/stm32f4xx_hal.c.obj
                0x08005948                HAL_Delay
 .text.HAL_DAC_Init
                0x08005990       0x44 cmake/stm32cubemx/CMakeFiles/STM32_Drivers.dir/__/__/Drivers/STM32F4xx_HAL_Driver/Src/stm32f4xx_hal_dac.c.obj
                0x08005990                HAL_DAC_Init
 .text.HAL_DAC_Start
                0x080059d4       0xae cmake/stm32cubemx/CMakeFiles/STM32_Drivers.dir/__/__/Drivers/STM32F4xx_HAL_Driver/Src/stm32f4xx_hal_dac.c.obj
                0x080059d4                HAL_DAC_Start
 .text.HAL_DAC_IRQHandler
                0x08005a82       0xac cmake/stm32cubemx/CMakeFiles/STM32_Drivers.dir/__/__/Drivers/STM32F4xx_HAL_Driver/Src/stm32f4xx_hal_dac.c.obj
                0x08005a82                HAL_DAC_IRQHandler
 .text.HAL_DAC_SetValue
                0x08005b2e       0x54 cmake/stm32cubemx/CMakeFiles/STM32_Drivers.dir/__/__/Drivers/STM32F4xx_HAL_Driver/Src/stm32f4xx_hal_dac.c.obj
                0x08005b2e                HAL_DAC_SetValue
 .text.HAL_DAC_DMAUnderrunCallbackCh1
                0x08005b82       0x14 cmake/stm32cubemx/CMakeFiles/STM32_Drivers.dir/__/__/Drivers/STM32F4xx_HAL_Driver/Src/stm32f4xx_hal_dac.c.obj
                0x08005b82                HAL_DAC_DMAUnderrunCallbackCh1
 .text.HAL_DAC_ConfigChannel
                0x08005b96       0xb2 cmake/stm32cubemx/CMakeFiles/STM32_Drivers.dir/__/__/Drivers/STM32F4xx_HAL_Driver/Src/stm32f4xx_hal_dac.c.obj
                0x08005b96                HAL_DAC_ConfigChannel
 .text.HAL_DACEx_DMAUnderrunCallbackCh2
                0x08005c48       0x14 cmake/stm32cubemx/CMakeFiles/STM32_Drivers.dir/__/__/Drivers/STM32F4xx_HAL_Driver/Src/stm32f4xx_hal_dac_ex.c.obj
                0x08005c48                HAL_DACEx_DMAUnderrunCallbackCh2
 .text.HAL_I2C_Init
                0x08005c5c      0x288 cmake/stm32cubemx/CMakeFiles/STM32_Drivers.dir/__/__/Drivers/STM32F4xx_HAL_Driver/Src/stm32f4xx_hal_i2c.c.obj
                0x08005c5c                HAL_I2C_Init
 .text.I2C_Flush_DR
                0x08005ee4       0x2a cmake/stm32cubemx/CMakeFiles/STM32_Drivers.dir/__/__/Drivers/STM32F4xx_HAL_Driver/Src/stm32f4xx_hal_i2c.c.obj
 *fill*         0x08005f0e        0x2 
 .text.HAL_I2C_Mem_Write
                0x08005f10      0x1f4 cmake/stm32cubemx/CMakeFiles/STM32_Drivers.dir/__/__/Drivers/STM32F4xx_HAL_Driver/Src/stm32f4xx_hal_i2c.c.obj
                0x08005f10                HAL_I2C_Mem_Write
 .text.HAL_I2C_Mem_Read_DMA
                0x08006104      0x320 cmake/stm32cubemx/CMakeFiles/STM32_Drivers.dir/__/__/Drivers/STM32F4xx_HAL_Driver/Src/stm32f4xx_hal_i2c.c.obj
                0x08006104                HAL_I2C_Mem_Read_DMA
 .text.HAL_I2C_EV_IRQHandler
                0x08006424      0x2e2 cmake/stm32cubemx/CMakeFiles/STM32_Drivers.dir/__/__/Drivers/STM32F4xx_HAL_Driver/Src/stm32f4xx_hal_i2c.c.obj
                0x08006424                HAL_I2C_EV_IRQHandler
 .text.HAL_I2C_ER_IRQHandler
                0x08006706      0x14e cmake/stm32cubemx/CMakeFiles/STM32_Drivers.dir/__/__/Drivers/STM32F4xx_HAL_Driver/Src/stm32f4xx_hal_i2c.c.obj
                0x08006706                HAL_I2C_ER_IRQHandler
 .text.HAL_I2C_MasterTxCpltCallback
                0x08006854       0x14 cmake/stm32cubemx/CMakeFiles/STM32_Drivers.dir/__/__/Drivers/STM32F4xx_HAL_Driver/Src/stm32f4xx_hal_i2c.c.obj
                0x08006854                HAL_I2C_MasterTxCpltCallback
 .text.HAL_I2C_MasterRxCpltCallback
                0x08006868       0x14 cmake/stm32cubemx/CMakeFiles/STM32_Drivers.dir/__/__/Drivers/STM32F4xx_HAL_Driver/Src/stm32f4xx_hal_i2c.c.obj
                0x08006868                HAL_I2C_MasterRxCpltCallback
 .text.HAL_I2C_SlaveTxCpltCallback
                0x0800687c       0x14 cmake/stm32cubemx/CMakeFiles/STM32_Drivers.dir/__/__/Drivers/STM32F4xx_HAL_Driver/Src/stm32f4xx_hal_i2c.c.obj
                0x0800687c                HAL_I2C_SlaveTxCpltCallback
 .text.HAL_I2C_SlaveRxCpltCallback
                0x08006890       0x14 cmake/stm32cubemx/CMakeFiles/STM32_Drivers.dir/__/__/Drivers/STM32F4xx_HAL_Driver/Src/stm32f4xx_hal_i2c.c.obj
                0x08006890                HAL_I2C_SlaveRxCpltCallback
 .text.HAL_I2C_AddrCallback
                0x080068a4       0x1c cmake/stm32cubemx/CMakeFiles/STM32_Drivers.dir/__/__/Drivers/STM32F4xx_HAL_Driver/Src/stm32f4xx_hal_i2c.c.obj
                0x080068a4                HAL_I2C_AddrCallback
 .text.HAL_I2C_ListenCpltCallback
                0x080068c0       0x14 cmake/stm32cubemx/CMakeFiles/STM32_Drivers.dir/__/__/Drivers/STM32F4xx_HAL_Driver/Src/stm32f4xx_hal_i2c.c.obj
                0x080068c0                HAL_I2C_ListenCpltCallback
 .text.HAL_I2C_MemTxCpltCallback
                0x080068d4       0x14 cmake/stm32cubemx/CMakeFiles/STM32_Drivers.dir/__/__/Drivers/STM32F4xx_HAL_Driver/Src/stm32f4xx_hal_i2c.c.obj
                0x080068d4                HAL_I2C_MemTxCpltCallback
 .text.HAL_I2C_ErrorCallback
                0x080068e8       0x14 cmake/stm32cubemx/CMakeFiles/STM32_Drivers.dir/__/__/Drivers/STM32F4xx_HAL_Driver/Src/stm32f4xx_hal_i2c.c.obj
                0x080068e8                HAL_I2C_ErrorCallback
 .text.HAL_I2C_AbortCpltCallback
                0x080068fc       0x14 cmake/stm32cubemx/CMakeFiles/STM32_Drivers.dir/__/__/Drivers/STM32F4xx_HAL_Driver/Src/stm32f4xx_hal_i2c.c.obj
                0x080068fc                HAL_I2C_AbortCpltCallback
 .text.I2C_MasterTransmit_TXE
                0x08006910      0x138 cmake/stm32cubemx/CMakeFiles/STM32_Drivers.dir/__/__/Drivers/STM32F4xx_HAL_Driver/Src/stm32f4xx_hal_i2c.c.obj
 .text.I2C_MasterTransmit_BTF
                0x08006a48       0xec cmake/stm32cubemx/CMakeFiles/STM32_Drivers.dir/__/__/Drivers/STM32F4xx_HAL_Driver/Src/stm32f4xx_hal_i2c.c.obj
 .text.I2C_MemoryTransmit_TXE_BTF
                0x08006b34      0x130 cmake/stm32cubemx/CMakeFiles/STM32_Drivers.dir/__/__/Drivers/STM32F4xx_HAL_Driver/Src/stm32f4xx_hal_i2c.c.obj
 .text.I2C_MasterReceive_RXNE
                0x08006c64      0x190 cmake/stm32cubemx/CMakeFiles/STM32_Drivers.dir/__/__/Drivers/STM32F4xx_HAL_Driver/Src/stm32f4xx_hal_i2c.c.obj
 .text.I2C_MasterReceive_BTF
                0x08006df4      0x1e2 cmake/stm32cubemx/CMakeFiles/STM32_Drivers.dir/__/__/Drivers/STM32F4xx_HAL_Driver/Src/stm32f4xx_hal_i2c.c.obj
 .text.I2C_Master_SB
                0x08006fd6      0x10c cmake/stm32cubemx/CMakeFiles/STM32_Drivers.dir/__/__/Drivers/STM32F4xx_HAL_Driver/Src/stm32f4xx_hal_i2c.c.obj
 .text.I2C_Master_ADD10
                0x080070e2       0x54 cmake/stm32cubemx/CMakeFiles/STM32_Drivers.dir/__/__/Drivers/STM32F4xx_HAL_Driver/Src/stm32f4xx_hal_i2c.c.obj
 .text.I2C_Master_ADDR
                0x08007136      0x322 cmake/stm32cubemx/CMakeFiles/STM32_Drivers.dir/__/__/Drivers/STM32F4xx_HAL_Driver/Src/stm32f4xx_hal_i2c.c.obj
 .text.I2C_SlaveTransmit_TXE
                0x08007458       0x7a cmake/stm32cubemx/CMakeFiles/STM32_Drivers.dir/__/__/Drivers/STM32F4xx_HAL_Driver/Src/stm32f4xx_hal_i2c.c.obj
 .text.I2C_SlaveTransmit_BTF
                0x080074d2       0x42 cmake/stm32cubemx/CMakeFiles/STM32_Drivers.dir/__/__/Drivers/STM32F4xx_HAL_Driver/Src/stm32f4xx_hal_i2c.c.obj
 .text.I2C_SlaveReceive_RXNE
                0x08007514       0x7c cmake/stm32cubemx/CMakeFiles/STM32_Drivers.dir/__/__/Drivers/STM32F4xx_HAL_Driver/Src/stm32f4xx_hal_i2c.c.obj
 .text.I2C_SlaveReceive_BTF
                0x08007590       0x44 cmake/stm32cubemx/CMakeFiles/STM32_Drivers.dir/__/__/Drivers/STM32F4xx_HAL_Driver/Src/stm32f4xx_hal_i2c.c.obj
 .text.I2C_Slave_ADDR
                0x080075d4       0x94 cmake/stm32cubemx/CMakeFiles/STM32_Drivers.dir/__/__/Drivers/STM32F4xx_HAL_Driver/Src/stm32f4xx_hal_i2c.c.obj
 .text.I2C_Slave_STOPF
                0x08007668      0x260 cmake/stm32cubemx/CMakeFiles/STM32_Drivers.dir/__/__/Drivers/STM32F4xx_HAL_Driver/Src/stm32f4xx_hal_i2c.c.obj
 .text.I2C_Slave_AF
                0x080078c8       0xe8 cmake/stm32cubemx/CMakeFiles/STM32_Drivers.dir/__/__/Drivers/STM32F4xx_HAL_Driver/Src/stm32f4xx_hal_i2c.c.obj
 .text.I2C_ITError
                0x080079b0      0x264 cmake/stm32cubemx/CMakeFiles/STM32_Drivers.dir/__/__/Drivers/STM32F4xx_HAL_Driver/Src/stm32f4xx_hal_i2c.c.obj
 .text.I2C_RequestMemoryWrite
                0x08007c14      0x12c cmake/stm32cubemx/CMakeFiles/STM32_Drivers.dir/__/__/Drivers/STM32F4xx_HAL_Driver/Src/stm32f4xx_hal_i2c.c.obj
 .text.I2C_RequestMemoryRead
                0x08007d40      0x1d0 cmake/stm32cubemx/CMakeFiles/STM32_Drivers.dir/__/__/Drivers/STM32F4xx_HAL_Driver/Src/stm32f4xx_hal_i2c.c.obj
 .text.I2C_DMAXferCplt
                0x08007f10      0x1be cmake/stm32cubemx/CMakeFiles/STM32_Drivers.dir/__/__/Drivers/STM32F4xx_HAL_Driver/Src/stm32f4xx_hal_i2c.c.obj
 .text.I2C_DMAError
                0x080080ce       0x7a cmake/stm32cubemx/CMakeFiles/STM32_Drivers.dir/__/__/Drivers/STM32F4xx_HAL_Driver/Src/stm32f4xx_hal_i2c.c.obj
 .text.I2C_DMAAbort
                0x08008148      0x150 cmake/stm32cubemx/CMakeFiles/STM32_Drivers.dir/__/__/Drivers/STM32F4xx_HAL_Driver/Src/stm32f4xx_hal_i2c.c.obj
 .text.I2C_WaitOnFlagUntilTimeout
                0x08008298       0xf4 cmake/stm32cubemx/CMakeFiles/STM32_Drivers.dir/__/__/Drivers/STM32F4xx_HAL_Driver/Src/stm32f4xx_hal_i2c.c.obj
 .text.I2C_WaitOnMasterAddressFlagUntilTimeout
                0x0800838c      0x140 cmake/stm32cubemx/CMakeFiles/STM32_Drivers.dir/__/__/Drivers/STM32F4xx_HAL_Driver/Src/stm32f4xx_hal_i2c.c.obj
 .text.I2C_WaitOnTXEFlagUntilTimeout
                0x080084cc       0x90 cmake/stm32cubemx/CMakeFiles/STM32_Drivers.dir/__/__/Drivers/STM32F4xx_HAL_Driver/Src/stm32f4xx_hal_i2c.c.obj
 .text.I2C_WaitOnBTFFlagUntilTimeout
                0x0800855c       0x90 cmake/stm32cubemx/CMakeFiles/STM32_Drivers.dir/__/__/Drivers/STM32F4xx_HAL_Driver/Src/stm32f4xx_hal_i2c.c.obj
 .text.I2C_WaitOnSTOPRequestThroughIT
                0x080085ec       0x64 cmake/stm32cubemx/CMakeFiles/STM32_Drivers.dir/__/__/Drivers/STM32F4xx_HAL_Driver/Src/stm32f4xx_hal_i2c.c.obj
 .text.I2C_IsAcknowledgeFailed
                0x08008650       0x5e cmake/stm32cubemx/CMakeFiles/STM32_Drivers.dir/__/__/Drivers/STM32F4xx_HAL_Driver/Src/stm32f4xx_hal_i2c.c.obj
 .text.I2C_ConvertOtherXferOptions
                0x080086ae       0x36 cmake/stm32cubemx/CMakeFiles/STM32_Drivers.dir/__/__/Drivers/STM32F4xx_HAL_Driver/Src/stm32f4xx_hal_i2c.c.obj
 .text.HAL_I2CEx_ConfigAnalogFilter
                0x080086e4       0x78 cmake/stm32cubemx/CMakeFiles/STM32_Drivers.dir/__/__/Drivers/STM32F4xx_HAL_Driver/Src/stm32f4xx_hal_i2c_ex.c.obj
                0x080086e4                HAL_I2CEx_ConfigAnalogFilter
 .text.HAL_I2CEx_ConfigDigitalFilter
                0x0800875c       0x7e cmake/stm32cubemx/CMakeFiles/STM32_Drivers.dir/__/__/Drivers/STM32F4xx_HAL_Driver/Src/stm32f4xx_hal_i2c_ex.c.obj
                0x0800875c                HAL_I2CEx_ConfigDigitalFilter
 .text.HAL_SPI_Init
                0x080087da      0x112 cmake/stm32cubemx/CMakeFiles/STM32_Drivers.dir/__/__/Drivers/STM32F4xx_HAL_Driver/Src/stm32f4xx_hal_spi.c.obj
                0x080087da                HAL_SPI_Init
 .text.USBD_Init
                0x080088ec       0x60 cmake/stm32cubemx/CMakeFiles/USB_Device_Library.dir/__/__/Middlewares/ST/STM32_USB_Device_Library/Core/Src/usbd_core.c.obj
                0x080088ec                USBD_Init
 .text.USBD_RegisterClass
                0x0800894c       0x6c cmake/stm32cubemx/CMakeFiles/USB_Device_Library.dir/__/__/Middlewares/ST/STM32_USB_Device_Library/Core/Src/usbd_core.c.obj
                0x0800894c                USBD_RegisterClass
 .text.USBD_Start
                0x080089b8       0x18 cmake/stm32cubemx/CMakeFiles/USB_Device_Library.dir/__/__/Middlewares/ST/STM32_USB_Device_Library/Core/Src/usbd_core.c.obj
                0x080089b8                USBD_Start
 .text.USBD_RunTestMode
                0x080089d0       0x16 cmake/stm32cubemx/CMakeFiles/USB_Device_Library.dir/__/__/Middlewares/ST/STM32_USB_Device_Library/Core/Src/usbd_core.c.obj
                0x080089d0                USBD_RunTestMode
 .text.USBD_SetClassConfig
                0x080089e6       0x38 cmake/stm32cubemx/CMakeFiles/USB_Device_Library.dir/__/__/Middlewares/ST/STM32_USB_Device_Library/Core/Src/usbd_core.c.obj
                0x080089e6                USBD_SetClassConfig
 .text.USBD_ClrClassConfig
                0x08008a1e       0x34 cmake/stm32cubemx/CMakeFiles/USB_Device_Library.dir/__/__/Middlewares/ST/STM32_USB_Device_Library/Core/Src/usbd_core.c.obj
                0x08008a1e                USBD_ClrClassConfig
 .text.USBD_LL_SetupStage
                0x08008a52       0xaa cmake/stm32cubemx/CMakeFiles/USB_Device_Library.dir/__/__/Middlewares/ST/STM32_USB_Device_Library/Core/Src/usbd_core.c.obj
                0x08008a52                USBD_LL_SetupStage
 .text.USBD_LL_DataOutStage
                0x08008afc      0x178 cmake/stm32cubemx/CMakeFiles/USB_Device_Library.dir/__/__/Middlewares/ST/STM32_USB_Device_Library/Core/Src/usbd_core.c.obj
                0x08008afc                USBD_LL_DataOutStage
 .text.USBD_LL_DataInStage
                0x08008c74      0x176 cmake/stm32cubemx/CMakeFiles/USB_Device_Library.dir/__/__/Middlewares/ST/STM32_USB_Device_Library/Core/Src/usbd_core.c.obj
                0x08008c74                USBD_LL_DataInStage
 .text.USBD_LL_Reset
                0x08008dea       0xa6 cmake/stm32cubemx/CMakeFiles/USB_Device_Library.dir/__/__/Middlewares/ST/STM32_USB_Device_Library/Core/Src/usbd_core.c.obj
                0x08008dea                USBD_LL_Reset
 .text.USBD_LL_SetSpeed
                0x08008e90       0x20 cmake/stm32cubemx/CMakeFiles/USB_Device_Library.dir/__/__/Middlewares/ST/STM32_USB_Device_Library/Core/Src/usbd_core.c.obj
                0x08008e90                USBD_LL_SetSpeed
 .text.USBD_LL_Suspend
                0x08008eb0       0x38 cmake/stm32cubemx/CMakeFiles/USB_Device_Library.dir/__/__/Middlewares/ST/STM32_USB_Device_Library/Core/Src/usbd_core.c.obj
                0x08008eb0                USBD_LL_Suspend
 .text.USBD_LL_Resume
                0x08008ee8       0x30 cmake/stm32cubemx/CMakeFiles/USB_Device_Library.dir/__/__/Middlewares/ST/STM32_USB_Device_Library/Core/Src/usbd_core.c.obj
                0x08008ee8                USBD_LL_Resume
 .text.USBD_LL_SOF
                0x08008f18       0x40 cmake/stm32cubemx/CMakeFiles/USB_Device_Library.dir/__/__/Middlewares/ST/STM32_USB_Device_Library/Core/Src/usbd_core.c.obj
                0x08008f18                USBD_LL_SOF
 .text.USBD_LL_IsoINIncomplete
                0x08008f58       0x64 cmake/stm32cubemx/CMakeFiles/USB_Device_Library.dir/__/__/Middlewares/ST/STM32_USB_Device_Library/Core/Src/usbd_core.c.obj
                0x08008f58                USBD_LL_IsoINIncomplete
 .text.USBD_LL_IsoOUTIncomplete
                0x08008fbc       0x64 cmake/stm32cubemx/CMakeFiles/USB_Device_Library.dir/__/__/Middlewares/ST/STM32_USB_Device_Library/Core/Src/usbd_core.c.obj
                0x08008fbc                USBD_LL_IsoOUTIncomplete
 .text.USBD_LL_DevConnected
                0x08009020       0x16 cmake/stm32cubemx/CMakeFiles/USB_Device_Library.dir/__/__/Middlewares/ST/STM32_USB_Device_Library/Core/Src/usbd_core.c.obj
                0x08009020                USBD_LL_DevConnected
 .text.USBD_LL_DevDisconnected
                0x08009036       0x46 cmake/stm32cubemx/CMakeFiles/USB_Device_Library.dir/__/__/Middlewares/ST/STM32_USB_Device_Library/Core/Src/usbd_core.c.obj
                0x08009036                USBD_LL_DevDisconnected
 .text.USBD_CoreFindIF
                0x0800907c       0x1a cmake/stm32cubemx/CMakeFiles/USB_Device_Library.dir/__/__/Middlewares/ST/STM32_USB_Device_Library/Core/Src/usbd_core.c.obj
                0x0800907c                USBD_CoreFindIF
 .text.USBD_CoreFindEP
                0x08009096       0x1a cmake/stm32cubemx/CMakeFiles/USB_Device_Library.dir/__/__/Middlewares/ST/STM32_USB_Device_Library/Core/Src/usbd_core.c.obj
                0x08009096                USBD_CoreFindEP
 .text.USBD_GetEpDesc
                0x080090b0       0x70 cmake/stm32cubemx/CMakeFiles/USB_Device_Library.dir/__/__/Middlewares/ST/STM32_USB_Device_Library/Core/Src/usbd_core.c.obj
                0x080090b0                USBD_GetEpDesc
 .text.USBD_GetNextDesc
                0x08009120       0x38 cmake/stm32cubemx/CMakeFiles/USB_Device_Library.dir/__/__/Middlewares/ST/STM32_USB_Device_Library/Core/Src/usbd_core.c.obj
                0x08009120                USBD_GetNextDesc
 .text.SWAPBYTE
                0x08009158       0x3e cmake/stm32cubemx/CMakeFiles/USB_Device_Library.dir/__/__/Middlewares/ST/STM32_USB_Device_Library/Core/Src/usbd_ctlreq.c.obj
 *fill*         0x08009196        0x2 
 .text.USBD_StdDevReq
                0x08009198       0xe4 cmake/stm32cubemx/CMakeFiles/USB_Device_Library.dir/__/__/Middlewares/ST/STM32_USB_Device_Library/Core/Src/usbd_ctlreq.c.obj
                0x08009198                USBD_StdDevReq
 .text.USBD_StdItfReq
                0x0800927c       0xd8 cmake/stm32cubemx/CMakeFiles/USB_Device_Library.dir/__/__/Middlewares/ST/STM32_USB_Device_Library/Core/Src/usbd_ctlreq.c.obj
                0x0800927c                USBD_StdItfReq
 .text.USBD_StdEPReq
                0x08009354      0x33e cmake/stm32cubemx/CMakeFiles/USB_Device_Library.dir/__/__/Middlewares/ST/STM32_USB_Device_Library/Core/Src/usbd_ctlreq.c.obj
                0x08009354                USBD_StdEPReq
 *fill*         0x08009692        0x2 
 .text.USBD_GetDescriptor
                0x08009694      0x2d4 cmake/stm32cubemx/CMakeFiles/USB_Device_Library.dir/__/__/Middlewares/ST/STM32_USB_Device_Library/Core/Src/usbd_ctlreq.c.obj
 .text.USBD_SetAddress
                0x08009968       0x88 cmake/stm32cubemx/CMakeFiles/USB_Device_Library.dir/__/__/Middlewares/ST/STM32_USB_Device_Library/Core/Src/usbd_ctlreq.c.obj
 .text.USBD_SetConfig
                0x080099f0      0x154 cmake/stm32cubemx/CMakeFiles/USB_Device_Library.dir/__/__/Middlewares/ST/STM32_USB_Device_Library/Core/Src/usbd_ctlreq.c.obj
 .text.USBD_GetConfig
                0x08009b44       0x6c cmake/stm32cubemx/CMakeFiles/USB_Device_Library.dir/__/__/Middlewares/ST/STM32_USB_Device_Library/Core/Src/usbd_ctlreq.c.obj
 .text.USBD_GetStatus
                0x08009bb0       0x68 cmake/stm32cubemx/CMakeFiles/USB_Device_Library.dir/__/__/Middlewares/ST/STM32_USB_Device_Library/Core/Src/usbd_ctlreq.c.obj
 .text.USBD_SetFeature
                0x08009c18       0x52 cmake/stm32cubemx/CMakeFiles/USB_Device_Library.dir/__/__/Middlewares/ST/STM32_USB_Device_Library/Core/Src/usbd_ctlreq.c.obj
 .text.USBD_ClrFeature
                0x08009c6a       0x44 cmake/stm32cubemx/CMakeFiles/USB_Device_Library.dir/__/__/Middlewares/ST/STM32_USB_Device_Library/Core/Src/usbd_ctlreq.c.obj
 .text.USBD_ParseSetupRequest
                0x08009cae       0x74 cmake/stm32cubemx/CMakeFiles/USB_Device_Library.dir/__/__/Middlewares/ST/STM32_USB_Device_Library/Core/Src/usbd_ctlreq.c.obj
                0x08009cae                USBD_ParseSetupRequest
 .text.USBD_CtlError
                0x08009d22       0x22 cmake/stm32cubemx/CMakeFiles/USB_Device_Library.dir/__/__/Middlewares/ST/STM32_USB_Device_Library/Core/Src/usbd_ctlreq.c.obj
                0x08009d22                USBD_CtlError
 .text.USBD_GetString
                0x08009d44       0xa4 cmake/stm32cubemx/CMakeFiles/USB_Device_Library.dir/__/__/Middlewares/ST/STM32_USB_Device_Library/Core/Src/usbd_ctlreq.c.obj
                0x08009d44                USBD_GetString
 .text.USBD_GetLen
                0x08009de8       0x34 cmake/stm32cubemx/CMakeFiles/USB_Device_Library.dir/__/__/Middlewares/ST/STM32_USB_Device_Library/Core/Src/usbd_ctlreq.c.obj
 .text.USBD_CtlSendData
                0x08009e1c       0x3c cmake/stm32cubemx/CMakeFiles/USB_Device_Library.dir/__/__/Middlewares/ST/STM32_USB_Device_Library/Core/Src/usbd_ioreq.c.obj
                0x08009e1c                USBD_CtlSendData
 .text.USBD_CtlContinueSendData
                0x08009e58       0x22 cmake/stm32cubemx/CMakeFiles/USB_Device_Library.dir/__/__/Middlewares/ST/STM32_USB_Device_Library/Core/Src/usbd_ioreq.c.obj
                0x08009e58                USBD_CtlContinueSendData
 .text.USBD_CtlPrepareRx
                0x08009e7a       0x42 cmake/stm32cubemx/CMakeFiles/USB_Device_Library.dir/__/__/Middlewares/ST/STM32_USB_Device_Library/Core/Src/usbd_ioreq.c.obj
                0x08009e7a                USBD_CtlPrepareRx
 .text.USBD_CtlContinueRx
                0x08009ebc       0x22 cmake/stm32cubemx/CMakeFiles/USB_Device_Library.dir/__/__/Middlewares/ST/STM32_USB_Device_Library/Core/Src/usbd_ioreq.c.obj
                0x08009ebc                USBD_CtlContinueRx
 .text.USBD_CtlSendStatus
                0x08009ede       0x26 cmake/stm32cubemx/CMakeFiles/USB_Device_Library.dir/__/__/Middlewares/ST/STM32_USB_Device_Library/Core/Src/usbd_ioreq.c.obj
                0x08009ede                USBD_CtlSendStatus
 .text.USBD_CtlReceiveStatus
                0x08009f04       0x26 cmake/stm32cubemx/CMakeFiles/USB_Device_Library.dir/__/__/Middlewares/ST/STM32_USB_Device_Library/Core/Src/usbd_ioreq.c.obj
                0x08009f04                USBD_CtlReceiveStatus
 *fill*         0x08009f2a        0x2 
 .text.USBD_CDC_Init
                0x08009f2c      0x1f0 cmake/stm32cubemx/CMakeFiles/USB_Device_Library.dir/__/__/Middlewares/ST/STM32_USB_Device_Library/Class/CDC/Src/usbd_cdc.c.obj
 .text.USBD_CDC_DeInit
                0x0800a11c      0x104 cmake/stm32cubemx/CMakeFiles/USB_Device_Library.dir/__/__/Middlewares/ST/STM32_USB_Device_Library/Class/CDC/Src/usbd_cdc.c.obj
 .text.USBD_CDC_Setup
                0x0800a220      0x1b8 cmake/stm32cubemx/CMakeFiles/USB_Device_Library.dir/__/__/Middlewares/ST/STM32_USB_Device_Library/Class/CDC/Src/usbd_cdc.c.obj
 .text.USBD_CDC_DataIn
                0x0800a3d8       0xfe cmake/stm32cubemx/CMakeFiles/USB_Device_Library.dir/__/__/Middlewares/ST/STM32_USB_Device_Library/Class/CDC/Src/usbd_cdc.c.obj
 .text.USBD_CDC_DataOut
                0x0800a4d6       0x70 cmake/stm32cubemx/CMakeFiles/USB_Device_Library.dir/__/__/Middlewares/ST/STM32_USB_Device_Library/Class/CDC/Src/usbd_cdc.c.obj
 .text.USBD_CDC_EP0_RxReady
                0x0800a546       0x74 cmake/stm32cubemx/CMakeFiles/USB_Device_Library.dir/__/__/Middlewares/ST/STM32_USB_Device_Library/Class/CDC/Src/usbd_cdc.c.obj
 *fill*         0x0800a5ba        0x2 
 .text.USBD_CDC_GetFSCfgDesc
                0x0800a5bc       0x70 cmake/stm32cubemx/CMakeFiles/USB_Device_Library.dir/__/__/Middlewares/ST/STM32_USB_Device_Library/Class/CDC/Src/usbd_cdc.c.obj
 .text.USBD_CDC_GetHSCfgDesc
                0x0800a62c       0x70 cmake/stm32cubemx/CMakeFiles/USB_Device_Library.dir/__/__/Middlewares/ST/STM32_USB_Device_Library/Class/CDC/Src/usbd_cdc.c.obj
 .text.USBD_CDC_GetOtherSpeedCfgDesc
                0x0800a69c       0x70 cmake/stm32cubemx/CMakeFiles/USB_Device_Library.dir/__/__/Middlewares/ST/STM32_USB_Device_Library/Class/CDC/Src/usbd_cdc.c.obj
 .text.USBD_CDC_GetDeviceQualifierDescriptor
                0x0800a70c       0x20 cmake/stm32cubemx/CMakeFiles/USB_Device_Library.dir/__/__/Middlewares/ST/STM32_USB_Device_Library/Class/CDC/Src/usbd_cdc.c.obj
                0x0800a70c                USBD_CDC_GetDeviceQualifierDescriptor
 .text.USBD_CDC_RegisterInterface
                0x0800a72c       0x34 cmake/stm32cubemx/CMakeFiles/USB_Device_Library.dir/__/__/Middlewares/ST/STM32_USB_Device_Library/Class/CDC/Src/usbd_cdc.c.obj
                0x0800a72c                USBD_CDC_RegisterInterface
 .text.USBD_CDC_SetTxBuffer
                0x0800a760       0x44 cmake/stm32cubemx/CMakeFiles/USB_Device_Library.dir/__/__/Middlewares/ST/STM32_USB_Device_Library/Class/CDC/Src/usbd_cdc.c.obj
                0x0800a760                USBD_CDC_SetTxBuffer
 .text.USBD_CDC_SetRxBuffer
                0x0800a7a4       0x3a cmake/stm32cubemx/CMakeFiles/USB_Device_Library.dir/__/__/Middlewares/ST/STM32_USB_Device_Library/Class/CDC/Src/usbd_cdc.c.obj
                0x0800a7a4                USBD_CDC_SetRxBuffer
 *fill*         0x0800a7de        0x2 
 .text.USBD_CDC_TransmitPacket
                0x0800a7e0       0x80 cmake/stm32cubemx/CMakeFiles/USB_Device_Library.dir/__/__/Middlewares/ST/STM32_USB_Device_Library/Class/CDC/Src/usbd_cdc.c.obj
                0x0800a7e0                USBD_CDC_TransmitPacket
 .text.USBD_CDC_ReceivePacket
                0x0800a860       0x6c cmake/stm32cubemx/CMakeFiles/USB_Device_Library.dir/__/__/Middlewares/ST/STM32_USB_Device_Library/Class/CDC/Src/usbd_cdc.c.obj
                0x0800a860                USBD_CDC_ReceivePacket
 .text.HAL_PCD_MspInit
                0x0800a8cc       0xbc CMakeFiles/1550.dir/USB_DEVICE/Target/usbd_conf.c.obj
                0x0800a8cc                HAL_PCD_MspInit
 .text.HAL_PCD_SetupStageCallback
                0x0800a988       0x24 CMakeFiles/1550.dir/USB_DEVICE/Target/usbd_conf.c.obj
                0x0800a988                HAL_PCD_SetupStageCallback
 .text.HAL_PCD_DataOutStageCallback
                0x0800a9ac       0x36 CMakeFiles/1550.dir/USB_DEVICE/Target/usbd_conf.c.obj
                0x0800a9ac                HAL_PCD_DataOutStageCallback
 .text.HAL_PCD_DataInStageCallback
                0x0800a9e2       0x34 CMakeFiles/1550.dir/USB_DEVICE/Target/usbd_conf.c.obj
                0x0800a9e2                HAL_PCD_DataInStageCallback
 .text.HAL_PCD_SOFCallback
                0x0800aa16       0x1c CMakeFiles/1550.dir/USB_DEVICE/Target/usbd_conf.c.obj
                0x0800aa16                HAL_PCD_SOFCallback
 .text.HAL_PCD_ResetCallback
                0x0800aa32       0x50 CMakeFiles/1550.dir/USB_DEVICE/Target/usbd_conf.c.obj
                0x0800aa32                HAL_PCD_ResetCallback
 *fill*         0x0800aa82        0x2 
 .text.HAL_PCD_SuspendCallback
                0x0800aa84       0x4c CMakeFiles/1550.dir/USB_DEVICE/Target/usbd_conf.c.obj
                0x0800aa84                HAL_PCD_SuspendCallback
 .text.HAL_PCD_ResumeCallback
                0x0800aad0       0x1c CMakeFiles/1550.dir/USB_DEVICE/Target/usbd_conf.c.obj
                0x0800aad0                HAL_PCD_ResumeCallback
 .text.HAL_PCD_ISOOUTIncompleteCallback
                0x0800aaec       0x24 CMakeFiles/1550.dir/USB_DEVICE/Target/usbd_conf.c.obj
                0x0800aaec                HAL_PCD_ISOOUTIncompleteCallback
 .text.HAL_PCD_ISOINIncompleteCallback
                0x0800ab10       0x24 CMakeFiles/1550.dir/USB_DEVICE/Target/usbd_conf.c.obj
                0x0800ab10                HAL_PCD_ISOINIncompleteCallback
 .text.HAL_PCD_ConnectCallback
                0x0800ab34       0x1c CMakeFiles/1550.dir/USB_DEVICE/Target/usbd_conf.c.obj
                0x0800ab34                HAL_PCD_ConnectCallback
 .text.HAL_PCD_DisconnectCallback
                0x0800ab50       0x1c CMakeFiles/1550.dir/USB_DEVICE/Target/usbd_conf.c.obj
                0x0800ab50                HAL_PCD_DisconnectCallback
 .text.USBD_LL_Init
                0x0800ab6c       0xa4 CMakeFiles/1550.dir/USB_DEVICE/Target/usbd_conf.c.obj
                0x0800ab6c                USBD_LL_Init
 .text.USBD_LL_Start
                0x0800ac10       0x36 CMakeFiles/1550.dir/USB_DEVICE/Target/usbd_conf.c.obj
                0x0800ac10                USBD_LL_Start
 .text.USBD_LL_OpenEP
                0x0800ac46       0x4c CMakeFiles/1550.dir/USB_DEVICE/Target/usbd_conf.c.obj
                0x0800ac46                USBD_LL_OpenEP
 .text.USBD_LL_CloseEP
                0x0800ac92       0x3e CMakeFiles/1550.dir/USB_DEVICE/Target/usbd_conf.c.obj
                0x0800ac92                USBD_LL_CloseEP
 .text.USBD_LL_StallEP
                0x0800acd0       0x3e CMakeFiles/1550.dir/USB_DEVICE/Target/usbd_conf.c.obj
                0x0800acd0                USBD_LL_StallEP
 .text.USBD_LL_ClearStallEP
                0x0800ad0e       0x3e CMakeFiles/1550.dir/USB_DEVICE/Target/usbd_conf.c.obj
                0x0800ad0e                USBD_LL_ClearStallEP
 .text.USBD_LL_IsStallEP
                0x0800ad4c       0x58 CMakeFiles/1550.dir/USB_DEVICE/Target/usbd_conf.c.obj
                0x0800ad4c                USBD_LL_IsStallEP
 .text.USBD_LL_SetUSBAddress
                0x0800ada4       0x3e CMakeFiles/1550.dir/USB_DEVICE/Target/usbd_conf.c.obj
                0x0800ada4                USBD_LL_SetUSBAddress
 .text.USBD_LL_Transmit
                0x0800ade2       0x42 CMakeFiles/1550.dir/USB_DEVICE/Target/usbd_conf.c.obj
                0x0800ade2                USBD_LL_Transmit
 .text.USBD_LL_PrepareReceive
                0x0800ae24       0x42 CMakeFiles/1550.dir/USB_DEVICE/Target/usbd_conf.c.obj
                0x0800ae24                USBD_LL_PrepareReceive
 .text.USBD_LL_GetRxDataSize
                0x0800ae66       0x26 CMakeFiles/1550.dir/USB_DEVICE/Target/usbd_conf.c.obj
                0x0800ae66                USBD_LL_GetRxDataSize
 .text.USBD_static_malloc
                0x0800ae8c       0x1c CMakeFiles/1550.dir/USB_DEVICE/Target/usbd_conf.c.obj
                0x0800ae8c                USBD_static_malloc
 .text.USBD_static_free
                0x0800aea8       0x14 CMakeFiles/1550.dir/USB_DEVICE/Target/usbd_conf.c.obj
                0x0800aea8                USBD_static_free
 .text.USBD_Get_USB_Status
                0x0800aebc       0x58 CMakeFiles/1550.dir/USB_DEVICE/Target/usbd_conf.c.obj
                0x0800aebc                USBD_Get_USB_Status
 .text.MX_USB_DEVICE_Init
                0x0800af14       0x60 CMakeFiles/1550.dir/USB_DEVICE/App/usb_device.c.obj
                0x0800af14                MX_USB_DEVICE_Init
 .text.USBD_HS_DeviceDescriptor
                0x0800af74       0x24 CMakeFiles/1550.dir/USB_DEVICE/App/usbd_desc.c.obj
                0x0800af74                USBD_HS_DeviceDescriptor
 .text.USBD_HS_LangIDStrDescriptor
                0x0800af98       0x24 CMakeFiles/1550.dir/USB_DEVICE/App/usbd_desc.c.obj
                0x0800af98                USBD_HS_LangIDStrDescriptor
 .text.USBD_HS_ProductStrDescriptor
                0x0800afbc       0x3c CMakeFiles/1550.dir/USB_DEVICE/App/usbd_desc.c.obj
                0x0800afbc                USBD_HS_ProductStrDescriptor
 .text.USBD_HS_ManufacturerStrDescriptor
                0x0800aff8       0x28 CMakeFiles/1550.dir/USB_DEVICE/App/usbd_desc.c.obj
                0x0800aff8                USBD_HS_ManufacturerStrDescriptor
 .text.USBD_HS_SerialStrDescriptor
                0x0800b020       0x24 CMakeFiles/1550.dir/USB_DEVICE/App/usbd_desc.c.obj
                0x0800b020                USBD_HS_SerialStrDescriptor
 .text.USBD_HS_ConfigStrDescriptor
                0x0800b044       0x3c CMakeFiles/1550.dir/USB_DEVICE/App/usbd_desc.c.obj
                0x0800b044                USBD_HS_ConfigStrDescriptor
 .text.USBD_HS_InterfaceStrDescriptor
                0x0800b080       0x3c CMakeFiles/1550.dir/USB_DEVICE/App/usbd_desc.c.obj
                0x0800b080                USBD_HS_InterfaceStrDescriptor
 .text.Get_SerialNum
                0x0800b0bc       0x58 CMakeFiles/1550.dir/USB_DEVICE/App/usbd_desc.c.obj
 .text.IntToUnicode
                0x0800b114       0x7e CMakeFiles/1550.dir/USB_DEVICE/App/usbd_desc.c.obj
 *fill*         0x0800b192        0x2 
 .text.CDC_Init_HS
                0x0800b194       0x2c CMakeFiles/1550.dir/USB_DEVICE/App/usbd_cdc_if.c.obj
 .text.CDC_DeInit_HS
                0x0800b1c0       0x10 CMakeFiles/1550.dir/USB_DEVICE/App/usbd_cdc_if.c.obj
 .text.CDC_Control_HS
                0x0800b1d0       0xbc CMakeFiles/1550.dir/USB_DEVICE/App/usbd_cdc_if.c.obj
 .text.CDC_Receive_HS
                0x0800b28c       0x34 CMakeFiles/1550.dir/USB_DEVICE/App/usbd_cdc_if.c.obj
 .text.CDC_Transmit_HS
                0x0800b2c0       0x4c CMakeFiles/1550.dir/USB_DEVICE/App/usbd_cdc_if.c.obj
                0x0800b2c0                CDC_Transmit_HS
 .text.CDC_TransmitCplt_HS
                0x0800b30c       0x22 CMakeFiles/1550.dir/USB_DEVICE/App/usbd_cdc_if.c.obj
 *fill*         0x0800b32e        0x2 
 .text.main     0x0800b330       0x5c CMakeFiles/1550.dir/Core/Src/main.c.obj
                0x0800b330                main
 .text.SystemClock_Config
                0x0800b38c       0xd4 CMakeFiles/1550.dir/Core/Src/main.c.obj
                0x0800b38c                SystemClock_Config
 .text.PeriphCommonClock_Config
                0x0800b460       0x36 CMakeFiles/1550.dir/Core/Src/main.c.obj
                0x0800b460                PeriphCommonClock_Config
 *fill*         0x0800b496        0x2 
 .text.MX_DAC_Init
                0x0800b498       0x54 CMakeFiles/1550.dir/Core/Src/main.c.obj
 .text.MX_I2C2_Init
                0x0800b4ec       0x80 CMakeFiles/1550.dir/Core/Src/main.c.obj
 .text.MX_SPI5_Init
                0x0800b56c       0x6c CMakeFiles/1550.dir/Core/Src/main.c.obj
 .text.MX_TIM6_Init
                0x0800b5d8       0x6c CMakeFiles/1550.dir/Core/Src/main.c.obj
 .text.MX_DMA_Init
                0x0800b644       0x6c CMakeFiles/1550.dir/Core/Src/main.c.obj
 .text.MX_GPIO_Init
                0x0800b6b0      0x14c CMakeFiles/1550.dir/Core/Src/main.c.obj
 .text.HAL_I2C_MemRxCpltCallback
                0x0800b7fc       0x24 CMakeFiles/1550.dir/Core/Src/main.c.obj
                0x0800b7fc                HAL_I2C_MemRxCpltCallback
 .text.HAL_TIM_PeriodElapsedCallback
                0x0800b820       0x38 CMakeFiles/1550.dir/Core/Src/main.c.obj
                0x0800b820                HAL_TIM_PeriodElapsedCallback
 .text.Error_Handler
                0x0800b858        0xc CMakeFiles/1550.dir/Core/Src/main.c.obj
                0x0800b858                Error_Handler
 .text.NMI_Handler
                0x0800b864        0x8 CMakeFiles/1550.dir/Core/Src/stm32f4xx_it.c.obj
                0x0800b864                NMI_Handler
 .text.HardFault_Handler
                0x0800b86c        0x8 CMakeFiles/1550.dir/Core/Src/stm32f4xx_it.c.obj
                0x0800b86c                HardFault_Handler
 .text.MemManage_Handler
                0x0800b874        0x8 CMakeFiles/1550.dir/Core/Src/stm32f4xx_it.c.obj
                0x0800b874                MemManage_Handler
 .text.BusFault_Handler
                0x0800b87c        0x8 CMakeFiles/1550.dir/Core/Src/stm32f4xx_it.c.obj
                0x0800b87c                BusFault_Handler
 .text.UsageFault_Handler
                0x0800b884        0x8 CMakeFiles/1550.dir/Core/Src/stm32f4xx_it.c.obj
                0x0800b884                UsageFault_Handler
 .text.SVC_Handler
                0x0800b88c        0xe CMakeFiles/1550.dir/Core/Src/stm32f4xx_it.c.obj
                0x0800b88c                SVC_Handler
 .text.DebugMon_Handler
                0x0800b89a        0xe CMakeFiles/1550.dir/Core/Src/stm32f4xx_it.c.obj
                0x0800b89a                DebugMon_Handler
 .text.PendSV_Handler
                0x0800b8a8        0xe CMakeFiles/1550.dir/Core/Src/stm32f4xx_it.c.obj
                0x0800b8a8                PendSV_Handler
 .text.SysTick_Handler
                0x0800b8b6        0xe CMakeFiles/1550.dir/Core/Src/stm32f4xx_it.c.obj
                0x0800b8b6                SysTick_Handler
 .text.EXTI2_IRQHandler
                0x0800b8c4        0xe CMakeFiles/1550.dir/Core/Src/stm32f4xx_it.c.obj
                0x0800b8c4                EXTI2_IRQHandler
 *fill*         0x0800b8d2        0x2 
 .text.DMA1_Stream2_IRQHandler
                0x0800b8d4       0x14 CMakeFiles/1550.dir/Core/Src/stm32f4xx_it.c.obj
                0x0800b8d4                DMA1_Stream2_IRQHandler
 .text.TIM1_UP_TIM10_IRQHandler
                0x0800b8e8       0x14 CMakeFiles/1550.dir/Core/Src/stm32f4xx_it.c.obj
                0x0800b8e8                TIM1_UP_TIM10_IRQHandler
 .text.I2C2_EV_IRQHandler
                0x0800b8fc       0x14 CMakeFiles/1550.dir/Core/Src/stm32f4xx_it.c.obj
                0x0800b8fc                I2C2_EV_IRQHandler
 .text.I2C2_ER_IRQHandler
                0x0800b910       0x14 CMakeFiles/1550.dir/Core/Src/stm32f4xx_it.c.obj
                0x0800b910                I2C2_ER_IRQHandler
 .text.TIM6_DAC_IRQHandler
                0x0800b924       0x1c CMakeFiles/1550.dir/Core/Src/stm32f4xx_it.c.obj
                0x0800b924                TIM6_DAC_IRQHandler
 .text.DMA2_Stream6_IRQHandler
                0x0800b940        0xc CMakeFiles/1550.dir/Core/Src/stm32f4xx_it.c.obj
                0x0800b940                DMA2_Stream6_IRQHandler
 .text.OTG_HS_IRQHandler
                0x0800b94c       0x14 CMakeFiles/1550.dir/Core/Src/stm32f4xx_it.c.obj
                0x0800b94c                OTG_HS_IRQHandler
 .text.HAL_MspInit
                0x0800b960       0x50 CMakeFiles/1550.dir/Core/Src/stm32f4xx_hal_msp.c.obj
                0x0800b960                HAL_MspInit
 .text.HAL_DAC_MspInit
                0x0800b9b0       0x98 CMakeFiles/1550.dir/Core/Src/stm32f4xx_hal_msp.c.obj
                0x0800b9b0                HAL_DAC_MspInit
 .text.HAL_I2C_MspInit
                0x0800ba48      0x114 CMakeFiles/1550.dir/Core/Src/stm32f4xx_hal_msp.c.obj
                0x0800ba48                HAL_I2C_MspInit
 .text.HAL_SPI_MspInit
                0x0800bb5c       0xf4 CMakeFiles/1550.dir/Core/Src/stm32f4xx_hal_msp.c.obj
                0x0800bb5c                HAL_SPI_MspInit
 .text.HAL_TIM_Base_MspInit
                0x0800bc50       0x50 CMakeFiles/1550.dir/Core/Src/stm32f4xx_hal_msp.c.obj
                0x0800bc50                HAL_TIM_Base_MspInit
 .text.HAL_InitTick
                0x0800bca0       0xe8 CMakeFiles/1550.dir/Core/Src/stm32f4xx_hal_timebase_tim.c.obj
                0x0800bca0                HAL_InitTick
 .text._sbrk    0x0800bd88       0x6c CMakeFiles/1550.dir/Core/Src/sysmem.c.obj
                0x0800bd88                _sbrk
 .text._getpid  0x0800bdf4       0x10 CMakeFiles/1550.dir/Core/Src/syscalls.c.obj
                0x0800bdf4                _getpid
 .text._kill    0x0800be04       0x20 CMakeFiles/1550.dir/Core/Src/syscalls.c.obj
                0x0800be04                _kill
 .text._exit    0x0800be24       0x16 CMakeFiles/1550.dir/Core/Src/syscalls.c.obj
                0x0800be24                _exit
 .text._read    0x0800be3a       0x3a CMakeFiles/1550.dir/Core/Src/syscalls.c.obj
                0x0800be3a                _read
 .text._write   0x0800be74       0x38 CMakeFiles/1550.dir/Core/Src/syscalls.c.obj
                0x0800be74                _write
 .text._close   0x0800beac       0x18 CMakeFiles/1550.dir/Core/Src/syscalls.c.obj
                0x0800beac                _close
 .text._fstat   0x0800bec4       0x20 CMakeFiles/1550.dir/Core/Src/syscalls.c.obj
                0x0800bec4                _fstat
 .text._isatty  0x0800bee4       0x16 CMakeFiles/1550.dir/Core/Src/syscalls.c.obj
                0x0800bee4                _isatty
 .text._lseek   0x0800befa       0x1a CMakeFiles/1550.dir/Core/Src/syscalls.c.obj
                0x0800befa                _lseek
 .text.Reset_Handler
                0x0800bf14       0x50 CMakeFiles/1550.dir/startup_stm32f429xx.s.obj
                0x0800bf14                Reset_Handler
 .text.Default_Handler
                0x0800bf64        0x2 CMakeFiles/1550.dir/startup_stm32f429xx.s.obj
                0x0800bf64                RTC_Alarm_IRQHandler
                0x0800bf64                HASH_RNG_IRQHandler
                0x0800bf64                TIM8_CC_IRQHandler
                0x0800bf64                UART8_IRQHandler
                0x0800bf64                SPI4_IRQHandler
                0x0800bf64                TIM1_CC_IRQHandler
                0x0800bf64                DMA2_Stream5_IRQHandler
                0x0800bf64                DMA1_Stream5_IRQHandler
                0x0800bf64                PVD_IRQHandler
                0x0800bf64                SDIO_IRQHandler
                0x0800bf64                TAMP_STAMP_IRQHandler
                0x0800bf64                CAN2_RX1_IRQHandler
                0x0800bf64                EXTI3_IRQHandler
                0x0800bf64                TIM8_TRG_COM_TIM14_IRQHandler
                0x0800bf64                TIM8_UP_TIM13_IRQHandler
                0x0800bf64                I2C3_ER_IRQHandler
                0x0800bf64                EXTI0_IRQHandler
                0x0800bf64                CAN1_RX0_IRQHandler
                0x0800bf64                FPU_IRQHandler
                0x0800bf64                OTG_HS_WKUP_IRQHandler
                0x0800bf64                LTDC_ER_IRQHandler
                0x0800bf64                CAN2_SCE_IRQHandler
                0x0800bf64                DMA2_Stream2_IRQHandler
                0x0800bf64                SPI1_IRQHandler
                0x0800bf64                TIM1_BRK_TIM9_IRQHandler
                0x0800bf64                DCMI_IRQHandler
                0x0800bf64                CAN2_RX0_IRQHandler
                0x0800bf64                DMA2_Stream3_IRQHandler
                0x0800bf64                USART6_IRQHandler
                0x0800bf64                USART3_IRQHandler
                0x0800bf64                CAN1_RX1_IRQHandler
                0x0800bf64                UART5_IRQHandler
                0x0800bf64                DMA2_Stream0_IRQHandler
                0x0800bf64                TIM4_IRQHandler
                0x0800bf64                I2C1_EV_IRQHandler
                0x0800bf64                DMA1_Stream6_IRQHandler
                0x0800bf64                DMA1_Stream1_IRQHandler
                0x0800bf64                UART4_IRQHandler
                0x0800bf64                TIM3_IRQHandler
                0x0800bf64                RCC_IRQHandler
                0x0800bf64                TIM8_BRK_TIM12_IRQHandler
                0x0800bf64                Default_Handler
                0x0800bf64                EXTI15_10_IRQHandler
                0x0800bf64                ADC_IRQHandler
                0x0800bf64                DMA1_Stream7_IRQHandler
                0x0800bf64                SPI5_IRQHandler
                0x0800bf64                TIM7_IRQHandler
                0x0800bf64                CAN2_TX_IRQHandler
                0x0800bf64                TIM5_IRQHandler
                0x0800bf64                DMA2_Stream7_IRQHandler
                0x0800bf64                I2C3_EV_IRQHandler
                0x0800bf64                EXTI9_5_IRQHandler
                0x0800bf64                RTC_WKUP_IRQHandler
                0x0800bf64                LTDC_IRQHandler
                0x0800bf64                ETH_WKUP_IRQHandler
                0x0800bf64                SPI2_IRQHandler
                0x0800bf64                OTG_HS_EP1_IN_IRQHandler
                0x0800bf64                DMA1_Stream0_IRQHandler
                0x0800bf64                CAN1_TX_IRQHandler
                0x0800bf64                EXTI4_IRQHandler
                0x0800bf64                ETH_IRQHandler
                0x0800bf64                OTG_HS_EP1_OUT_IRQHandler
                0x0800bf64                WWDG_IRQHandler
                0x0800bf64                SPI6_IRQHandler
                0x0800bf64                TIM2_IRQHandler
                0x0800bf64                OTG_FS_WKUP_IRQHandler
                0x0800bf64                TIM1_TRG_COM_TIM11_IRQHandler
                0x0800bf64                DMA2D_IRQHandler
                0x0800bf64                EXTI1_IRQHandler
                0x0800bf64                UART7_IRQHandler
                0x0800bf64                USART2_IRQHandler
                0x0800bf64                DMA2_Stream1_IRQHandler
                0x0800bf64                CAN1_SCE_IRQHandler
                0x0800bf64                FLASH_IRQHandler
                0x0800bf64                DMA2_Stream4_IRQHandler
                0x0800bf64                USART1_IRQHandler
                0x0800bf64                OTG_FS_IRQHandler
                0x0800bf64                SPI3_IRQHandler
                0x0800bf64                DMA1_Stream4_IRQHandler
                0x0800bf64                I2C1_ER_IRQHandler
                0x0800bf64                FMC_IRQHandler
                0x0800bf64                SAI1_IRQHandler
                0x0800bf64                DMA1_Stream3_IRQHandler
 .text.PID_Init
                0x0800bf66       0x62 CMakeFiles/1550.dir/App/Src/thermal_control.c.obj
 .text.PID_SetGains
                0x0800bfc8       0x32 CMakeFiles/1550.dir/App/Src/thermal_control.c.obj
 .text.PID_Calculate
                0x0800bffa      0x13c CMakeFiles/1550.dir/App/Src/thermal_control.c.obj
 *fill*         0x0800c136        0x2 
 .text.ConvertADCToVoltage
                0x0800c138       0x48 CMakeFiles/1550.dir/App/Src/thermal_control.c.obj
 .text.ConvertVoltageToTemperature
                0x0800c180       0x80 CMakeFiles/1550.dir/App/Src/thermal_control.c.obj
 .text.WriteDAC1
                0x0800c200       0x44 CMakeFiles/1550.dir/App/Src/thermal_control.c.obj
 .text.ADS1115_Configure
                0x0800c244       0x54 CMakeFiles/1550.dir/App/Src/thermal_control.c.obj
 .text.Thermal_Init
                0x0800c298       0xac CMakeFiles/1550.dir/App/Src/thermal_control.c.obj
                0x0800c298                Thermal_Init
 .text.Thermal_Start
                0x0800c344       0x2c CMakeFiles/1550.dir/App/Src/thermal_control.c.obj
                0x0800c344                Thermal_Start
 .text.Thermal_Stop
                0x0800c370       0x28 CMakeFiles/1550.dir/App/Src/thermal_control.c.obj
                0x0800c370                Thermal_Stop
 .text.Thermal_SetTarget
                0x0800c398       0x20 CMakeFiles/1550.dir/App/Src/thermal_control.c.obj
                0x0800c398                Thermal_SetTarget
 .text.Thermal_SetPIDGains
                0x0800c3b8       0x30 CMakeFiles/1550.dir/App/Src/thermal_control.c.obj
                0x0800c3b8                Thermal_SetPIDGains
 .text.Thermal_GetPIDGains
                0x0800c3e8       0x48 CMakeFiles/1550.dir/App/Src/thermal_control.c.obj
                0x0800c3e8                Thermal_GetPIDGains
 .text.Thermal_GetTemperature
                0x0800c430       0x1c CMakeFiles/1550.dir/App/Src/thermal_control.c.obj
                0x0800c430                Thermal_GetTemperature
 .text.Thermal_GetTECOutput
                0x0800c44c       0x18 CMakeFiles/1550.dir/App/Src/thermal_control.c.obj
                0x0800c44c                Thermal_GetTECOutput
 .text.Thermal_TIM6_Handler
                0x0800c464       0x28 CMakeFiles/1550.dir/App/Src/thermal_control.c.obj
                0x0800c464                Thermal_TIM6_Handler
 .text.Thermal_I2C_DMAComplete_Handler
                0x0800c48c      0x10c CMakeFiles/1550.dir/App/Src/thermal_control.c.obj
                0x0800c48c                Thermal_I2C_DMAComplete_Handler
 .text.WriteDACFireAndForget
                0x0800c598       0xf0 CMakeFiles/1550.dir/App/Src/laser_current.c.obj
 .text.Laser_Init
                0x0800c688       0x44 CMakeFiles/1550.dir/App/Src/laser_current.c.obj
                0x0800c688                Laser_Init
 .text.Laser_SetCurrent
                0x0800c6cc       0x1a CMakeFiles/1550.dir/App/Src/laser_current.c.obj
                0x0800c6cc                Laser_SetCurrent
 *fill*         0x0800c6e6        0x2 
 .text.LaserCurrent_NotifyThermalError
                0x0800c6e8       0x20 CMakeFiles/1550.dir/App/Src/laser_current.c.obj
                0x0800c6e8                LaserCurrent_NotifyThermalError
 .text.Laser_DAC_DMA_Handler
                0x0800c708       0x30 CMakeFiles/1550.dir/App/Src/laser_current.c.obj
                0x0800c708                Laser_DAC_DMA_Handler
 .text.str_icmp
                0x0800c738       0x80 CMakeFiles/1550.dir/App/Src/usb_comm.c.obj
 .text.str_nicmp
                0x0800c7b8       0x9e CMakeFiles/1550.dir/App/Src/usb_comm.c.obj
 *fill*         0x0800c856        0x2 
 .text.App_ProcessUSBCommand
                0x0800c858      0x6a0 CMakeFiles/1550.dir/App/Src/usb_comm.c.obj
 .text.USB_Comm_Init
                0x0800cef8       0xac CMakeFiles/1550.dir/App/Src/usb_comm.c.obj
                0x0800cef8                USB_Comm_Init
 .text.QueueEcho
                0x0800cfa4       0x48 CMakeFiles/1550.dir/App/Src/usb_comm.c.obj
 .text.QueueCommand
                0x0800cfec       0xc0 CMakeFiles/1550.dir/App/Src/usb_comm.c.obj
 .text.USB_Comm_ReceiveFromISR
                0x0800d0ac       0xc8 CMakeFiles/1550.dir/App/Src/usb_comm.c.obj
                0x0800d0ac                USB_Comm_ReceiveFromISR
 .text.HasPendingCommand
                0x0800d174       0x24 CMakeFiles/1550.dir/App/Src/usb_comm.c.obj
 .text.GetPendingCommand
                0x0800d198       0x7c CMakeFiles/1550.dir/App/Src/usb_comm.c.obj
 .text.CommandProcessed
                0x0800d214       0x90 CMakeFiles/1550.dir/App/Src/usb_comm.c.obj
 .text.USB_Comm_Process
                0x0800d2a4      0x134 CMakeFiles/1550.dir/App/Src/usb_comm.c.obj
                0x0800d2a4                USB_Comm_Process
 .text.USB_Comm_SendMessage
                0x0800d3d8       0x2c CMakeFiles/1550.dir/App/Src/usb_comm.c.obj
                0x0800d3d8                USB_Comm_SendMessage
 .text.USB_Comm_SendData
                0x0800d404       0x70 CMakeFiles/1550.dir/App/Src/usb_comm.c.obj
                0x0800d404                USB_Comm_SendData
 .text.USB_Comm_FlushTx
                0x0800d474       0xc0 CMakeFiles/1550.dir/App/Src/usb_comm.c.obj
                0x0800d474                USB_Comm_FlushTx
 .text.USB_Comm_TxComplete
                0x0800d534       0x24 CMakeFiles/1550.dir/App/Src/usb_comm.c.obj
                0x0800d534                USB_Comm_TxComplete
 .text.__udivmoddi4
                0x0800d558      0x2f8 C:/PROGRA~2/ARMGNU~1/142BCE~1.3RE/bin/../lib/gcc/arm-none-eabi/14.3.1/thumb/v7e-m+fp/hard\libgcc.a(_udivmoddi4.o)
                0x0800d558                __udivmoddi4
 .text.atof     0x0800d850        0x6 C:/PROGRA~2/ARMGNU~1/142BCE~1.3RE/bin/../lib/gcc/arm-none-eabi/14.3.1/../../../../arm-none-eabi/lib/thumb/v7e-m+fp/hard\libg_nano.a(libc_a-atof.o)
                0x0800d850                atof
 .text.atoi     0x0800d856        0x8 C:/PROGRA~2/ARMGNU~1/142BCE~1.3RE/bin/../lib/gcc/arm-none-eabi/14.3.1/../../../../arm-none-eabi/lib/thumb/v7e-m+fp/hard\libg_nano.a(libc_a-atoi.o)
                0x0800d856                atoi
 .text.sulp     0x0800d85e       0x3c C:/PROGRA~2/ARMGNU~1/142BCE~1.3RE/bin/../lib/gcc/arm-none-eabi/14.3.1/../../../../arm-none-eabi/lib/thumb/v7e-m+fp/hard\libg_nano.a(libc_a-strtod.o)
 *fill*         0x0800d89a        0x6 
 .text._strtod_l
                0x0800d8a0      0xbb8 C:/PROGRA~2/ARMGNU~1/142BCE~1.3RE/bin/../lib/gcc/arm-none-eabi/14.3.1/../../../../arm-none-eabi/lib/thumb/v7e-m+fp/hard\libg_nano.a(libc_a-strtod.o)
                0x0800d8a0                _strtod_l
 .text.strtod   0x0800e458       0x18 C:/PROGRA~2/ARMGNU~1/142BCE~1.3RE/bin/../lib/gcc/arm-none-eabi/14.3.1/../../../../arm-none-eabi/lib/thumb/v7e-m+fp/hard\libg_nano.a(libc_a-strtod.o)
                0x0800e458                strtod
 .text._strtol_l.isra.0
                0x0800e470       0xf4 C:/PROGRA~2/ARMGNU~1/142BCE~1.3RE/bin/../lib/gcc/arm-none-eabi/14.3.1/../../../../arm-none-eabi/lib/thumb/v7e-m+fp/hard\libg_nano.a(libc_a-strtol.o)
 .text.strtol   0x0800e564       0x14 C:/PROGRA~2/ARMGNU~1/142BCE~1.3RE/bin/../lib/gcc/arm-none-eabi/14.3.1/../../../../arm-none-eabi/lib/thumb/v7e-m+fp/hard\libg_nano.a(libc_a-strtol.o)
                0x0800e564                strtol
 .text.__cvt    0x0800e578       0xca C:/PROGRA~2/ARMGNU~1/142BCE~1.3RE/bin/../lib/gcc/arm-none-eabi/14.3.1/../../../../arm-none-eabi/lib/thumb/v7e-m+fp/hard\libg_nano.a(libc_a-nano-vfprintf_float.o)
                0x0800e578                __cvt
 .text.__exponent
                0x0800e642       0x74 C:/PROGRA~2/ARMGNU~1/142BCE~1.3RE/bin/../lib/gcc/arm-none-eabi/14.3.1/../../../../arm-none-eabi/lib/thumb/v7e-m+fp/hard\libg_nano.a(libc_a-nano-vfprintf_float.o)
                0x0800e642                __exponent
 *fill*         0x0800e6b6        0x2 
 .text._printf_float
                0x0800e6b8      0x450 C:/PROGRA~2/ARMGNU~1/142BCE~1.3RE/bin/../lib/gcc/arm-none-eabi/14.3.1/../../../../arm-none-eabi/lib/thumb/v7e-m+fp/hard\libg_nano.a(libc_a-nano-vfprintf_float.o)
                0x0800e6b8                _printf_float
 .text._printf_common
                0x0800eb08       0xda C:/PROGRA~2/ARMGNU~1/142BCE~1.3RE/bin/../lib/gcc/arm-none-eabi/14.3.1/../../../../arm-none-eabi/lib/thumb/v7e-m+fp/hard\libg_nano.a(libc_a-nano-vfprintf_i.o)
                0x0800eb08                _printf_common
 *fill*         0x0800ebe2        0x2 
 .text._printf_i
                0x0800ebe4      0x24c C:/PROGRA~2/ARMGNU~1/142BCE~1.3RE/bin/../lib/gcc/arm-none-eabi/14.3.1/../../../../arm-none-eabi/lib/thumb/v7e-m+fp/hard\libg_nano.a(libc_a-nano-vfprintf_i.o)
                0x0800ebe4                _printf_i
 .text.std      0x0800ee30       0x6c C:/PROGRA~2/ARMGNU~1/142BCE~1.3RE/bin/../lib/gcc/arm-none-eabi/14.3.1/../../../../arm-none-eabi/lib/thumb/v7e-m+fp/hard\libg_nano.a(libc_a-findfp.o)
 .text.stdio_exit_handler
                0x0800ee9c       0x18 C:/PROGRA~2/ARMGNU~1/142BCE~1.3RE/bin/../lib/gcc/arm-none-eabi/14.3.1/../../../../arm-none-eabi/lib/thumb/v7e-m+fp/hard\libg_nano.a(libc_a-findfp.o)
 .text.cleanup_stdio
                0x0800eeb4       0x40 C:/PROGRA~2/ARMGNU~1/142BCE~1.3RE/bin/../lib/gcc/arm-none-eabi/14.3.1/../../../../arm-none-eabi/lib/thumb/v7e-m+fp/hard\libg_nano.a(libc_a-findfp.o)
 .text.global_stdio_init.part.0
                0x0800eef4       0x40 C:/PROGRA~2/ARMGNU~1/142BCE~1.3RE/bin/../lib/gcc/arm-none-eabi/14.3.1/../../../../arm-none-eabi/lib/thumb/v7e-m+fp/hard\libg_nano.a(libc_a-findfp.o)
 .text.__sfp_lock_acquire
                0x0800ef34        0xc C:/PROGRA~2/ARMGNU~1/142BCE~1.3RE/bin/../lib/gcc/arm-none-eabi/14.3.1/../../../../arm-none-eabi/lib/thumb/v7e-m+fp/hard\libg_nano.a(libc_a-findfp.o)
                0x0800ef34                __sfp_lock_acquire
 .text.__sfp_lock_release
                0x0800ef40        0xc C:/PROGRA~2/ARMGNU~1/142BCE~1.3RE/bin/../lib/gcc/arm-none-eabi/14.3.1/../../../../arm-none-eabi/lib/thumb/v7e-m+fp/hard\libg_nano.a(libc_a-findfp.o)
                0x0800ef40                __sfp_lock_release
 .text.__sinit  0x0800ef4c       0x30 C:/PROGRA~2/ARMGNU~1/142BCE~1.3RE/bin/../lib/gcc/arm-none-eabi/14.3.1/../../../../arm-none-eabi/lib/thumb/v7e-m+fp/hard\libg_nano.a(libc_a-findfp.o)
                0x0800ef4c                __sinit
 .text._fwalk_sglue
                0x0800ef7c       0x3c C:/PROGRA~2/ARMGNU~1/142BCE~1.3RE/bin/../lib/gcc/arm-none-eabi/14.3.1/../../../../arm-none-eabi/lib/thumb/v7e-m+fp/hard\libg_nano.a(libc_a-fwalk.o)
                0x0800ef7c                _fwalk_sglue
 .text.snprintf
                0x0800efb8       0x6c C:/PROGRA~2/ARMGNU~1/142BCE~1.3RE/bin/../lib/gcc/arm-none-eabi/14.3.1/../../../../arm-none-eabi/lib/thumb/v7e-m+fp/hard\libg_nano.a(libc_a-snprintf.o)
                0x0800efb8                sniprintf
                0x0800efb8                snprintf
 .text.__sread  0x0800f024       0x22 C:/PROGRA~2/ARMGNU~1/142BCE~1.3RE/bin/../lib/gcc/arm-none-eabi/14.3.1/../../../../arm-none-eabi/lib/thumb/v7e-m+fp/hard\libg_nano.a(libc_a-stdio.o)
                0x0800f024                __sread
 .text.__swrite
                0x0800f046       0x38 C:/PROGRA~2/ARMGNU~1/142BCE~1.3RE/bin/../lib/gcc/arm-none-eabi/14.3.1/../../../../arm-none-eabi/lib/thumb/v7e-m+fp/hard\libg_nano.a(libc_a-stdio.o)
                0x0800f046                __swrite
 .text.__sseek  0x0800f07e       0x26 C:/PROGRA~2/ARMGNU~1/142BCE~1.3RE/bin/../lib/gcc/arm-none-eabi/14.3.1/../../../../arm-none-eabi/lib/thumb/v7e-m+fp/hard\libg_nano.a(libc_a-stdio.o)
                0x0800f07e                __sseek
 .text.__sclose
                0x0800f0a4        0x8 C:/PROGRA~2/ARMGNU~1/142BCE~1.3RE/bin/../lib/gcc/arm-none-eabi/14.3.1/../../../../arm-none-eabi/lib/thumb/v7e-m+fp/hard\libg_nano.a(libc_a-stdio.o)
                0x0800f0a4                __sclose
 .text.memset   0x0800f0ac       0x10 C:/PROGRA~2/ARMGNU~1/142BCE~1.3RE/bin/../lib/gcc/arm-none-eabi/14.3.1/../../../../arm-none-eabi/lib/thumb/v7e-m+fp/hard\libg_nano.a(libc_a-memset.o)
                0x0800f0ac                memset
 .text.strchr   0x0800f0bc       0x1a C:/PROGRA~2/ARMGNU~1/142BCE~1.3RE/bin/../lib/gcc/arm-none-eabi/14.3.1/../../../../arm-none-eabi/lib/thumb/v7e-m+fp/hard\libg_nano.a(libc_a-strchr.o)
                0x0800f0bc                strchr
 .text.strncmp  0x0800f0d6       0x24 C:/PROGRA~2/ARMGNU~1/142BCE~1.3RE/bin/../lib/gcc/arm-none-eabi/14.3.1/../../../../arm-none-eabi/lib/thumb/v7e-m+fp/hard\libg_nano.a(libc_a-strncmp.o)
                0x0800f0d6                strncmp
 *fill*         0x0800f0fa        0x2 
 .text.strtok   0x0800f0fc       0x7c C:/PROGRA~2/ARMGNU~1/142BCE~1.3RE/bin/../lib/gcc/arm-none-eabi/14.3.1/../../../../arm-none-eabi/lib/thumb/v7e-m+fp/hard\libg_nano.a(libc_a-strtok.o)
                0x0800f0fc                strtok
 .text.__strtok_r
                0x0800f178       0x50 C:/PROGRA~2/ARMGNU~1/142BCE~1.3RE/bin/../lib/gcc/arm-none-eabi/14.3.1/../../../../arm-none-eabi/lib/thumb/v7e-m+fp/hard\libg_nano.a(libc_a-strtok_r.o)
                0x0800f178                __strtok_r
 .text._localeconv_r
                0x0800f1c8        0x8 C:/PROGRA~2/ARMGNU~1/142BCE~1.3RE/bin/../lib/gcc/arm-none-eabi/14.3.1/../../../../arm-none-eabi/lib/thumb/v7e-m+fp/hard\libg_nano.a(libc_a-localeconv.o)
                0x0800f1c8                _localeconv_r
 .text._close_r
                0x0800f1d0       0x20 C:/PROGRA~2/ARMGNU~1/142BCE~1.3RE/bin/../lib/gcc/arm-none-eabi/14.3.1/../../../../arm-none-eabi/lib/thumb/v7e-m+fp/hard\libg_nano.a(libc_a-closer.o)
                0x0800f1d0                _close_r
 .text._lseek_r
                0x0800f1f0       0x24 C:/PROGRA~2/ARMGNU~1/142BCE~1.3RE/bin/../lib/gcc/arm-none-eabi/14.3.1/../../../../arm-none-eabi/lib/thumb/v7e-m+fp/hard\libg_nano.a(libc_a-lseekr.o)
                0x0800f1f0                _lseek_r
 .text._read_r  0x0800f214       0x24 C:/PROGRA~2/ARMGNU~1/142BCE~1.3RE/bin/../lib/gcc/arm-none-eabi/14.3.1/../../../../arm-none-eabi/lib/thumb/v7e-m+fp/hard\libg_nano.a(libc_a-readr.o)
                0x0800f214                _read_r
 .text._write_r
                0x0800f238       0x24 C:/PROGRA~2/ARMGNU~1/142BCE~1.3RE/bin/../lib/gcc/arm-none-eabi/14.3.1/../../../../arm-none-eabi/lib/thumb/v7e-m+fp/hard\libg_nano.a(libc_a-writer.o)
                0x0800f238                _write_r
 .text.__errno  0x0800f25c        0xc C:/PROGRA~2/ARMGNU~1/142BCE~1.3RE/bin/../lib/gcc/arm-none-eabi/14.3.1/../../../../arm-none-eabi/lib/thumb/v7e-m+fp/hard\libg_nano.a(libc_a-errno.o)
                0x0800f25c                __errno
 .text.__libc_init_array
                0x0800f268       0x48 C:/PROGRA~2/ARMGNU~1/142BCE~1.3RE/bin/../lib/gcc/arm-none-eabi/14.3.1/../../../../arm-none-eabi/lib/thumb/v7e-m+fp/hard\libg_nano.a(libc_a-init.o)
                0x0800f268                __libc_init_array
 .text.__retarget_lock_init_recursive
                0x0800f2b0        0x2 C:/PROGRA~2/ARMGNU~1/142BCE~1.3RE/bin/../lib/gcc/arm-none-eabi/14.3.1/../../../../arm-none-eabi/lib/thumb/v7e-m+fp/hard\libg_nano.a(libc_a-lock.o)
                0x0800f2b0                __retarget_lock_init_recursive
 .text.__retarget_lock_acquire_recursive
                0x0800f2b2        0x2 C:/PROGRA~2/ARMGNU~1/142BCE~1.3RE/bin/../lib/gcc/arm-none-eabi/14.3.1/../../../../arm-none-eabi/lib/thumb/v7e-m+fp/hard\libg_nano.a(libc_a-lock.o)
                0x0800f2b2                __retarget_lock_acquire_recursive
 .text.__retarget_lock_release_recursive
                0x0800f2b4        0x2 C:/PROGRA~2/ARMGNU~1/142BCE~1.3RE/bin/../lib/gcc/arm-none-eabi/14.3.1/../../../../arm-none-eabi/lib/thumb/v7e-m+fp/hard\libg_nano.a(libc_a-lock.o)
                0x0800f2b4                __retarget_lock_release_recursive
 .text.memcpy   0x0800f2b6       0x1c C:/PROGRA~2/ARMGNU~1/142BCE~1.3RE/bin/../lib/gcc/arm-none-eabi/14.3.1/../../../../arm-none-eabi/lib/thumb/v7e-m+fp/hard\libg_nano.a(libc_a-memcpy-stub.o)
                0x0800f2b6                memcpy
 *fill*         0x0800f2d2        0x6 
 .text.nan      0x0800f2d8       0x10 C:/PROGRA~2/ARMGNU~1/142BCE~1.3RE/bin/../lib/gcc/arm-none-eabi/14.3.1/../../../../arm-none-eabi/lib/thumb/v7e-m+fp/hard\libg_nano.a(libm_a-s_nan.o)
                0x0800f2d8                nan
 .text.__assert_func
                0x0800f2e8       0x3c C:/PROGRA~2/ARMGNU~1/142BCE~1.3RE/bin/../lib/gcc/arm-none-eabi/14.3.1/../../../../arm-none-eabi/lib/thumb/v7e-m+fp/hard\libg_nano.a(libc_a-assert.o)
                0x0800f2e8                __assert_func
 .text.quorem   0x0800f324      0x110 C:/PROGRA~2/ARMGNU~1/142BCE~1.3RE/bin/../lib/gcc/arm-none-eabi/14.3.1/../../../../arm-none-eabi/lib/thumb/v7e-m+fp/hard\libg_nano.a(libc_a-dtoa.o)
 *fill*         0x0800f434        0x4 
 .text._dtoa_r  0x0800f438      0xbb8 C:/PROGRA~2/ARMGNU~1/142BCE~1.3RE/bin/../lib/gcc/arm-none-eabi/14.3.1/../../../../arm-none-eabi/lib/thumb/v7e-m+fp/hard\libg_nano.a(libc_a-dtoa.o)
                0x0800f438                _dtoa_r
 .text._free_r  0x0800fff0       0x94 C:/PROGRA~2/ARMGNU~1/142BCE~1.3RE/bin/../lib/gcc/arm-none-eabi/14.3.1/../../../../arm-none-eabi/lib/thumb/v7e-m+fp/hard\libg_nano.a(libc_a-freer.o)
                0x0800fff0                _free_r
 .text.rshift   0x08010084       0xa4 C:/PROGRA~2/ARMGNU~1/142BCE~1.3RE/bin/../lib/gcc/arm-none-eabi/14.3.1/../../../../arm-none-eabi/lib/thumb/v7e-m+fp/hard\libg_nano.a(libc_a-gdtoa-gethex.o)
 .text.__hexdig_fun
                0x08010128       0x2a C:/PROGRA~2/ARMGNU~1/142BCE~1.3RE/bin/../lib/gcc/arm-none-eabi/14.3.1/../../../../arm-none-eabi/lib/thumb/v7e-m+fp/hard\libg_nano.a(libc_a-gdtoa-gethex.o)
                0x08010128                __hexdig_fun
 *fill*         0x08010152        0x2 
 .text.__gethex
                0x08010154      0x420 C:/PROGRA~2/ARMGNU~1/142BCE~1.3RE/bin/../lib/gcc/arm-none-eabi/14.3.1/../../../../arm-none-eabi/lib/thumb/v7e-m+fp/hard\libg_nano.a(libc_a-gdtoa-gethex.o)
                0x08010154                __gethex
 .text.L_shift  0x08010574       0x24 C:/PROGRA~2/ARMGNU~1/142BCE~1.3RE/bin/../lib/gcc/arm-none-eabi/14.3.1/../../../../arm-none-eabi/lib/thumb/v7e-m+fp/hard\libg_nano.a(libc_a-gdtoa-hexnan.o)