Archive member included to satisfy reference by file (symbol)

C:/PROGRA~2/ARMGNU~1/142BCE~1.3RE/bin/../lib/gcc/arm-none-eabi/14.3.1/thumb/v7e-m+fp/hard\libgcc.a(_arm_addsubdf3.o)
                              CMakeFiles/1550.dir/App/Src/usb_comm.c.obj (__aeabi_f2d)
C:/PROGRA~2/ARMGNU~1/142BCE~1.3RE/bin/../lib/gcc/arm-none-eabi/14.3.1/thumb/v7e-m+fp/hard\libgcc.a(_arm_truncdfsf2.o)
                              CMakeFiles/1550.dir/App/Src/usb_comm.c.obj (__aeabi_d2f)
C:/PROGRA~2/ARMGNU~1/142BCE~1.3RE/bin/../lib/gcc/arm-none-eabi/14.3.1/thumb/v7e-m+fp/hard\libgcc.a(_aeabi_uldivmod.o)
                              cmake/stm32cubemx/CMakeFiles/STM32_Drivers.dir/__/__/Drivers/STM32F4xx_HAL_Driver/Src/stm32f4xx_hal_rcc.c.obj (__aeabi_uldivmod)
C:/PROGRA~2/ARMGNU~1/142BCE~1.3RE/bin/../lib/gcc/arm-none-eabi/14.3.1/thumb/v7e-m+fp/hard\libgcc.a(_udivmoddi4.o)
                              C:/PROGRA~2/ARMGNU~1/142BCE~1.3RE/bin/../lib/gcc/arm-none-eabi/14.3.1/thumb/v7e-m+fp/hard\libgcc.a(_aeabi_uldivmod.o) (__udivmoddi4)
C:/PROGRA~2/ARMGNU~1/142BCE~1.3RE/bin/../lib/gcc/arm-none-eabi/14.3.1/thumb/v7e-m+fp/hard\libgcc.a(_dvmd_tls.o)
                              C:/PROGRA~2/ARMGNU~1/142BCE~1.3RE/bin/../lib/gcc/arm-none-eabi/14.3.1/thumb/v7e-m+fp/hard\libgcc.a(_aeabi_uldivmod.o) (__aeabi_ldiv0)
C:/PROGRA~2/ARMGNU~1/142BCE~1.3RE/bin/../lib/gcc/arm-none-eabi/14.3.1/../../../../arm-none-eabi/lib/thumb/v7e-m+fp/hard\libg_nano.a(libc_a-atof.o)
                              CMakeFiles/1550.dir/App/Src/usb_comm.c.obj (atof)
C:/PROGRA~2/ARMGNU~1/142BCE~1.3RE/bin/../lib/gcc/arm-none-eabi/14.3.1/../../../../arm-none-eabi/lib/thumb/v7e-m+fp/hard\libg_nano.a(libc_a-atoi.o)
                              CMakeFiles/1550.dir/App/Src/usb_comm.c.obj (atoi)
C:/PROGRA~2/ARMGNU~1/142BCE~1.3RE/bin/../lib/gcc/arm-none-eabi/14.3.1/../../../../arm-none-eabi/lib/thumb/v7e-m+fp/hard\libg_nano.a(libc_a-exit.o)
                              C:/PROGRA~2/ARMGNU~1/142BCE~1.3RE/bin/../lib/gcc/arm-none-eabi/14.3.1/../../../../arm-none-eabi/lib/thumb/v7e-m+fp/hard/crt0.o (exit)
C:/PROGRA~2/ARMGNU~1/142BCE~1.3RE/bin/../lib/gcc/arm-none-eabi/14.3.1/../../../../arm-none-eabi/lib/thumb/v7e-m+fp/hard\libg_nano.a(libc_a-strtod.o)
                              C:/PROGRA~2/ARMGNU~1/142BCE~1.3RE/bin/../lib/gcc/arm-none-eabi/14.3.1/../../../../arm-none-eabi/lib/thumb/v7e-m+fp/hard\libg_nano.a(libc_a-atof.o) (strtod)
C:/PROGRA~2/ARMGNU~1/142BCE~1.3RE/bin/../lib/gcc/arm-none-eabi/14.3.1/../../../../arm-none-eabi/lib/thumb/v7e-m+fp/hard\libg_nano.a(libc_a-strtol.o)
                              C:/PROGRA~2/ARMGNU~1/142BCE~1.3RE/bin/../lib/gcc/arm-none-eabi/14.3.1/../../../../arm-none-eabi/lib/thumb/v7e-m+fp/hard\libg_nano.a(libc_a-atoi.o) (_strtol_r)
C:/PROGRA~2/ARMGNU~1/142BCE~1.3RE/bin/../lib/gcc/arm-none-eabi/14.3.1/../../../../arm-none-eabi/lib/thumb/v7e-m+fp/hard\libg_nano.a(libc_a-ctype_.o)
                              C:/PROGRA~2/ARMGNU~1/142BCE~1.3RE/bin/../lib/gcc/arm-none-eabi/14.3.1/../../../../arm-none-eabi/lib/thumb/v7e-m+fp/hard\libg_nano.a(libc_a-strtol.o) (_ctype_)
C:/PROGRA~2/ARMGNU~1/142BCE~1.3RE/bin/../lib/gcc/arm-none-eabi/14.3.1/../../../../arm-none-eabi/lib/thumb/v7e-m+fp/hard\libg_nano.a(libc_a-nano-vfprintf_float.o)
                              (_printf_float)
C:/PROGRA~2/ARMGNU~1/142BCE~1.3RE/bin/../lib/gcc/arm-none-eabi/14.3.1/../../../../arm-none-eabi/lib/thumb/v7e-m+fp/hard\libg_nano.a(libc_a-nano-vfprintf_i.o)
                              C:/PROGRA~2/ARMGNU~1/142BCE~1.3RE/bin/../lib/gcc/arm-none-eabi/14.3.1/../../../../arm-none-eabi/lib/thumb/v7e-m+fp/hard\libg_nano.a(libc_a-nano-vfprintf_float.o) (_printf_common)
C:/PROGRA~2/ARMGNU~1/142BCE~1.3RE/bin/../lib/gcc/arm-none-eabi/14.3.1/../../../../arm-none-eabi/lib/thumb/v7e-m+fp/hard\libg_nano.a(libc_a-findfp.o)
                              C:/PROGRA~2/ARMGNU~1/142BCE~1.3RE/bin/../lib/gcc/arm-none-eabi/14.3.1/../../../../arm-none-eabi/lib/thumb/v7e-m+fp/hard\libg_nano.a(libc_a-exit.o) (__stdio_exit_handler)
C:/PROGRA~2/ARMGNU~1/142BCE~1.3RE/bin/../lib/gcc/arm-none-eabi/14.3.1/../../../../arm-none-eabi/lib/thumb/v7e-m+fp/hard\libg_nano.a(libc_a-fwalk.o)
                              C:/PROGRA~2/ARMGNU~1/142BCE~1.3RE/bin/../lib/gcc/arm-none-eabi/14.3.1/../../../../arm-none-eabi/lib/thumb/v7e-m+fp/hard\libg_nano.a(libc_a-findfp.o) (_fwalk_sglue)
C:/PROGRA~2/ARMGNU~1/142BCE~1.3RE/bin/../lib/gcc/arm-none-eabi/14.3.1/../../../../arm-none-eabi/lib/thumb/v7e-m+fp/hard\libg_nano.a(libc_a-snprintf.o)
                              CMakeFiles/1550.dir/App/Src/usb_comm.c.obj (snprintf)
C:/PROGRA~2/ARMGNU~1/142BCE~1.3RE/bin/../lib/gcc/arm-none-eabi/14.3.1/../../../../arm-none-eabi/lib/thumb/v7e-m+fp/hard\libg_nano.a(libc_a-stdio.o)
                              C:/PROGRA~2/ARMGNU~1/142BCE~1.3RE/bin/../lib/gcc/arm-none-eabi/14.3.1/../../../../arm-none-eabi/lib/thumb/v7e-m+fp/hard\libg_nano.a(libc_a-findfp.o) (__sread)
[...]
Memory Configuration

Name             Origin             Length             Attributes
RAM              0x20000000         0x00030000         xrw
CCMRAM           0x10000000         0x00010000         xrw
FLASH            0x08000000         0x00100000         xr
*default*        0x00000000         0xffffffff

Linker script and memory map

LOAD C:/PROGRA~2/ARMGNU~1/142BCE~1.3RE/bin/../lib/gcc/arm-none-eabi/14.3.1/thumb/v7e-m+fp/hard/crti.o
LOAD C:/PROGRA~2/ARMGNU~1/142BCE~1.3RE/bin/../lib/gcc/arm-none-eabi/14.3.1/thumb/v7e-m+fp/hard/crtbegin.o
LOAD C:/PROGRA~2/ARMGNU~1/142BCE~1.3RE/bin/../lib/gcc/arm-none-eabi/14.3.1/../../../../arm-none-eabi/lib/thumb/v7e-m+fp/hard/crt0.o
LOAD cmake/stm32cubemx/CMakeFiles/STM32_Drivers.dir/__/__/Core/Src/system_stm32f4xx.c.obj
LOAD cmake/stm32cubemx/CMakeFiles/STM32_Drivers.dir/__/__/Drivers/STM32F4xx_HAL_Driver/Src/stm32f4xx_hal_tim.c.obj
LOAD cmake/stm32cubemx/CMakeFiles/STM32_Drivers.dir/__/__/Drivers/STM32F4xx_HAL_Driver/Src/stm32f4xx_hal_tim_ex.c.obj
LOAD cmake/stm32cubemx/CMakeFiles/STM32_Drivers.dir/__/__/Drivers/STM32F4xx_HAL_Driver/Src/stm32f4xx_hal_pcd.c.obj
LOAD cmake/stm32cubemx/CMakeFiles/STM32_Drivers.dir/__/__/Drivers/STM32F4xx_HAL_Driver/Src/stm32f4xx_hal_pcd_ex.c.obj
LOAD cmake/stm32cubemx/CMakeFiles/STM32_Drivers.dir/__/__/Drivers/STM32F4xx_HAL_Driver/Src/stm32f4xx_ll_usb.c.obj
LOAD cmake/stm32cubemx/CMakeFiles/STM32_Drivers.dir/__/__/Drivers/STM32F4xx_HAL_Driver/Src/stm32f4xx_hal_rcc.c.obj
LOAD cmake/stm32cubemx/CMakeFiles/STM32_Drivers.dir/__/__/Drivers/STM32F4xx_HAL_Driver/Src/stm32f4xx_hal_rcc_ex.c.obj
LOAD cmake/stm32cubemx/CMakeFiles/STM32_Drivers.dir/__/__/Drivers/STM32F4xx_HAL_Driver/Src/stm32f4xx_hal_flash.c.obj
LOAD cmake/stm32cubemx/CMakeFiles/STM32_Drivers.dir/__/__/Drivers/STM32F4xx_HAL_Driver/Src/stm32f4xx_hal_flash_ex.c.obj
LOAD cmake/stm32cubemx/CMakeFiles/STM32_Drivers.dir/__/__/Drivers/STM32F4xx_HAL_Driver/Src/stm32f4xx_hal_flash_ramfunc.c.obj
LOAD cmake/stm32cubemx/CMakeFiles/STM32_Drivers.dir/__/__/Drivers/STM32F4xx_HAL_Driver/Src/stm32f4xx_hal_gpio.c.obj
LOAD cmake/stm32cubemx/CMakeFiles/STM32_Drivers.dir/__/__/Drivers/STM32F4xx_HAL_Driver/Src/stm32f4xx_hal_dma_ex.c.obj
LOAD cmake/stm32cubemx/CMakeFiles/STM32_Drivers.dir/__/__/Drivers/STM32F4xx_HAL_Driver/Src/stm32f4xx_hal_dma.c.obj
LOAD cmake/stm32cubemx/CMakeFiles/STM32_Drivers.dir/__/__/Drivers/STM32F4xx_HAL_Driver/Src/stm32f4xx_hal_pwr.c.obj
LOAD cmake/stm32cubemx/CMakeFiles/STM32_Drivers.dir/__/__/Drivers/STM32F4xx_HAL_Driver/Src/stm32f4xx_hal_pwr_ex.c.obj
LOAD cmake/stm32cubemx/CMakeFiles/STM32_Drivers.dir/__/__/Drivers/STM32F4xx_HAL_Driver/Src/stm32f4xx_hal_cortex.c.obj
LOAD cmake/stm32cubemx/CMakeFiles/STM32_Drivers.dir/__/__/Drivers/STM32F4xx_HAL_Driver/Src/stm32f4xx_hal.c.obj
LOAD cmake/stm32cubemx/CMakeFiles/STM32_Drivers.dir/__/__/Drivers/STM32F4xx_HAL_Driver/Src/stm32f4xx_hal_exti.c.obj
LOAD cmake/stm32cubemx/CMakeFiles/STM32_Drivers.dir/__/__/Drivers/STM32F4xx_HAL_Driver/Src/stm32f4xx_hal_dac.c.obj
LOAD cmake/stm32cubemx/CMakeFiles/STM32_Drivers.dir/__/__/Drivers/STM32F4xx_HAL_Driver/Src/stm32f4xx_hal_dac_ex.c.obj
LOAD cmake/stm32cubemx/CMakeFiles/STM32_Drivers.dir/__/__/Drivers/STM32F4xx_HAL_Driver/Src/stm32f4xx_hal_i2c.c.obj
LOAD cmake/stm32cubemx/CMakeFiles/STM32_Drivers.dir/__/__/Drivers/STM32F4xx_HAL_Driver/Src/stm32f4xx_hal_i2c_ex.c.obj
LOAD cmake/stm32cubemx/CMakeFiles/STM32_Drivers.dir/__/__/Drivers/STM32F4xx_HAL_Driver/Src/stm32f4xx_hal_spi.c.obj
LOAD cmake/stm32cubemx/CMakeFiles/USB_Device_Library.dir/__/__/Middlewares/ST/STM32_USB_Device_Library/Core/Src/usbd_core.c.obj
LOAD cmake/stm32cubemx/CMakeFiles/USB_Device_Library.dir/__/__/Middlewares/ST/STM32_USB_Device_Library/Core/Src/usbd_ctlreq.c.obj
LOAD cmake/stm32cubemx/CMakeFiles/USB_Device_Library.dir/__/__/Middlewares/ST/STM32_USB_Device_Library/Core/Src/usbd_ioreq.c.obj
LOAD cmake/stm32cubemx/CMakeFiles/USB_Device_Library.dir/__/__/Middlewares/ST/STM32_USB_Device_Library/Class/CDC/Src/usbd_cdc.c.obj
LOAD CMakeFiles/1550.dir/USB_DEVICE/Target/usbd_conf.c.obj
LOAD CMakeFiles/1550.dir/USB_DEVICE/App/usb_device.c.obj
LOAD CMakeFiles/1550.dir/USB_DEVICE/App/usbd_desc.c.obj
LOAD CMakeFiles/1550.dir/USB_DEVICE/App/usbd_cdc_if.c.obj
LOAD CMakeFiles/1550.dir/Core/Src/main.c.obj
LOAD CMakeFiles/1550.dir/Core/Src/stm32f4xx_it.c.obj
LOAD CMakeFiles/1550.dir/Core/Src/stm32f4xx_hal_msp.c.obj
LOAD CMakeFiles/1550.dir/Core/Src/stm32f4xx_hal_timebase_tim.c.obj
LOAD CMakeFiles/1550.dir/Core/Src/sysmem.c.obj
LOAD CMakeFiles/1550.dir/Core/Src/syscalls.c.obj
LOAD CMakeFiles/1550.dir/startup_stm32f429xx.s.obj
LOAD CMakeFiles/1550.dir/App/Src/thermal_control.c.obj
LOAD CMakeFiles/1550.dir/App/Src/laser_current.c.obj
LOAD CMakeFiles/1550.dir/App/Src/usb_comm.c.obj
LOAD C:/PROGRA~2/ARMGNU~1/142BCE~1.3RE/bin/../lib/gcc/arm-none-eabi/14.3.1/../../../../arm-none-eabi/lib/thumb/v7e-m+fp/hard\libm.a
START GROUP
LOAD C:/PROGRA~2/ARMGNU~1/142BCE~1.3RE/bin/../lib/gcc/arm-none-eabi/14.3.1/thumb/v7e-m+fp/hard\libgcc.a
LOAD C:/PROGRA~2/ARMGNU~1/142BCE~1.3RE/bin/../lib/gcc/arm-none-eabi/14.3.1/../../../../arm-none-eabi/lib/thumb/v7e-m+fp/hard\libg_nano.a
LOAD C:/PROGRA~2/ARMGNU~1/142BCE~1.3RE/bin/../lib/gcc/arm-none-eabi/14.3.1/../../../../arm-none-eabi/lib/thumb/v7e-m+fp/hard\libc_nano.a
END GROUP
START GROUP
LOAD C:/PROGRA~2/ARMGNU~1/142BCE~1.3RE/bin/../lib/gcc/arm-none-eabi/14.3.1/thumb/v7e-m+fp/hard\libgcc.a
LOAD C:/PROGRA~2/ARMGNU~1/142BCE~1.3RE/bin/../lib/gcc/arm-none-eabi/14.3.1/../../../../arm-none-eabi/lib/thumb/v7e-m+fp/hard\libc_nano.a
END GROUP
LOAD C:/PROGRA~2/ARMGNU~1/142BCE~1.3RE/bin/../lib/gcc/arm-none-eabi/14.3.1/thumb/v7e-m+fp/hard/crtend.o
LOAD C:/PROGRA~2/ARMGNU~1/142BCE~1.3RE/bin/../lib/gcc/arm-none-eabi/14.3.1/thumb/v7e-m+fp/hard/crtn.o
                0x20030000                        _estack = (ORIGIN (RAM) + LENGTH (RAM))
                0x00000200                        _Min_Heap_Size = 0x200
                0x00000400                        _Min_Stack_Size = 0x400

.isr_vector     0x08000000      0x1ac
                0x08000000                        . = ALIGN (0x4)
 *(.isr_vector)
 .isr_vector    0x08000000      0x1ac CMakeFiles/1550.dir/startup_stm32f429xx.s.obj
                0x08000000                g_pfnVectors
                0x080001ac                        . = ALIGN (0x4)

.text           0x080001b0     0xb8c8
                0x080001b0                        . = ALIGN (0x4)
 *(.text)
 .text          0x080001b0      0x378 C:/PROGRA~2/ARMGNU~1/142BCE~1.3RE/bin/../lib/gcc/arm-none-eabi/14.3.1/thumb/v7e-m+fp/hard\libgcc.a(_arm_addsubdf3.o)
                0x080001b0                __aeabi_drsub
                0x080001b8                __aeabi_dsub
                0x080001b8                __subdf3
                0x080001bc                __aeabi_dadd
                0x080001bc                __adddf3
                0x08000434                __floatunsidf
                0x08000434                __aeabi_ui2d
                0x08000454                __floatsidf
                0x08000454                __aeabi_i2d
                0x08000478                __aeabi_f2d
                0x08000478                __extendsfdf2
                0x080004bc                __floatundidf
                0x080004bc                __aeabi_ul2d
                0x080004cc                __floatdidf
                0x080004cc                __aeabi_l2d
 .text          0x08000528       0xa0 C:/PROGRA~2/ARMGNU~1/142BCE~1.3RE/bin/../lib/gcc/arm-none-eabi/14.3.1/thumb/v7e-m+fp/hard\libgcc.a(_arm_truncdfsf2.o)
                0x08000528                __truncdfsf2
                0x08000528                __aeabi_d2f
 .text          0x080005c8       0x30 C:/PROGRA~2/ARMGNU~1/142BCE~1.3RE/bin/../lib/gcc/arm-none-eabi/14.3.1/thumb/v7e-m+fp/hard\libgcc.a(_aeabi_uldivmod.o)
                0x080005c8                __aeabi_uldivmod
 .text          0x080005f8        0x4 C:/PROGRA~2/ARMGNU~1/142BCE~1.3RE/bin/../lib/gcc/arm-none-eabi/14.3.1/thumb/v7e-m+fp/hard\libgcc.a(_dvmd_tls.o)
                0x080005f8                __aeabi_idiv0
                0x080005f8                __aeabi_ldiv0
 *fill*         0x080005fc        0x4 
 .text          0x08000600       0xa0 C:/PROGRA~2/ARMGNU~1/142BCE~1.3RE/bin/../lib/gcc/arm-none-eabi/14.3.1/../../../../arm-none-eabi/lib/thumb/v7e-m+fp/hard\libg_nano.a(libc_a-memchr.o)
                0x08000600                memchr
 .text          0x080006a0       0x10 C:/PROGRA~2/ARMGNU~1/142BCE~1.3RE/bin/../lib/gcc/arm-none-eabi/14.3.1/../../../../arm-none-eabi/lib/thumb/v7e-m+fp/hard\libg_nano.a(libc_a-strlen.o)
                0x080006a0                strlen
 .text          0x080006b0      0x424 C:/PROGRA~2/ARMGNU~1/142BCE~1.3RE/bin/../lib/gcc/arm-none-eabi/14.3.1/thumb/v7e-m+fp/hard\libgcc.a(_arm_muldivdf3.o)
                0x080006b0                __aeabi_dmul
                0x080006b0                __muldf3
                0x08000904                __divdf3
                0x08000904                __aeabi_ddiv
 .text          0x08000ad4      0x110 C:/PROGRA~2/ARMGNU~1/142BCE~1.3RE/bin/../lib/gcc/arm-none-eabi/14.3.1/thumb/v7e-m+fp/hard\libgcc.a(_arm_cmpdf2.o)
                0x08000ad4                __gtdf2
                0x08000ad4                __gedf2
                0x08000adc                __ltdf2
                0x08000adc                __ledf2
                0x08000ae4                __nedf2
                0x08000ae4                __eqdf2
                0x08000ae4                __cmpdf2
                0x08000b60                __aeabi_cdrcmple
                0x08000b70                __aeabi_cdcmpeq
                0x08000b70                __aeabi_cdcmple
                0x08000b80                __aeabi_dcmpeq
                0x08000b94                __aeabi_dcmplt
                0x08000ba8                __aeabi_dcmple
                0x08000bbc                __aeabi_dcmpge
                0x08000bd0                __aeabi_dcmpgt
 .text          0x08000be4       0x2c C:/PROGRA~2/ARMGNU~1/142BCE~1.3RE/bin/../lib/gcc/arm-none-eabi/14.3.1/thumb/v7e-m+fp/hard\libgcc.a(_arm_unorddf2.o)
                0x08000be4                __unorddf2
                0x08000be4                __aeabi_dcmpun
 .text          0x08000c10       0x50 C:/PROGRA~2/ARMGNU~1/142BCE~1.3RE/bin/../lib/gcc/arm-none-eabi/14.3.1/thumb/v7e-m+fp/hard\libgcc.a(_arm_fixdfsi.o)
                0x08000c10                __aeabi_d2iz
                0x08000c10                __fixdfsi
 .text          0x08000c60       0x40 C:/PROGRA~2/ARMGNU~1/142BCE~1.3RE/bin/../lib/gcc/arm-none-eabi/14.3.1/thumb/v7e-m+fp/hard\libgcc.a(_arm_fixunsdfsi.o)
                0x08000c60                __aeabi_d2uiz
                0x08000c60                __fixunsdfsi
 *(.text*)
 .text.deregister_tm_clones
                0x08000ca0       0x1c C:/PROGRA~2/ARMGNU~1/142BCE~1.3RE/bin/../lib/gcc/arm-none-eabi/14.3.1/thumb/v7e-m+fp/hard/crtbegin.o
 .text.register_tm_clones
                0x08000cbc       0x24 C:/PROGRA~2/ARMGNU~1/142BCE~1.3RE/bin/../lib/gcc/arm-none-eabi/14.3.1/thumb/v7e-m+fp/hard/crtbegin.o
 .text.__do_global_dtors_aux
                0x08000ce0       0x28 C:/PROGRA~2/ARMGNU~1/142BCE~1.3RE/bin/../lib/gcc/arm-none-eabi/14.3.1/thumb/v7e-m+fp/hard/crtbegin.o
 .text.frame_dummy
                0x08000d08       0x24 C:/PROGRA~2/ARMGNU~1/142BCE~1.3RE/bin/../lib/gcc/arm-none-eabi/14.3.1/thumb/v7e-m+fp/hard/crtbegin.o
 .text.SystemInit
                0x08000d2c       0x14 cmake/stm32cubemx/CMakeFiles/STM32_Drivers.dir/__/__/Core/Src/system_stm32f4xx.c.obj
                0x08000d2c                SystemInit
 .text.HAL_TIM_Base_Start_IT
                0x08000d40       0x74 cmake/stm32cubemx/CMakeFiles/STM32_Drivers.dir/__/__/Drivers/STM32F4xx_HAL_Driver/Src/stm32f4xx_hal_tim.c.obj
                0x08000d40                HAL_TIM_Base_Start_IT
 .text.HAL_TIM_Base_Stop_IT
                0x08000db4       0x30 cmake/stm32cubemx/CMakeFiles/STM32_Drivers.dir/__/__/Drivers/STM32F4xx_HAL_Driver/Src/stm32f4xx_hal_tim.c.obj
                0x08000db4                HAL_TIM_Base_Stop_IT
 .text.HAL_TIM_OC_DelayElapsedCallback
                0x08000de4        0x2 cmake/stm32cubemx/CMakeFiles/STM32_Drivers.dir/__/__/Drivers/STM32F4xx_HAL_Driver/Src/stm32f4xx_hal_tim.c.obj
                0x08000de4                HAL_TIM_OC_DelayElapsedCallback
 .text.HAL_TIM_IC_CaptureCallback
                0x08000de6        0x2 cmake/stm32cubemx/CMakeFiles/STM32_Drivers.dir/__/__/Drivers/STM32F4xx_HAL_Driver/Src/stm32f4xx_hal_tim.c.obj
                0x08000de6                HAL_TIM_IC_CaptureCallback
 .text.HAL_TIM_PWM_PulseFinishedCallback
                0x08000de8        0x2 cmake/stm32cubemx/CMakeFiles/STM32_Drivers.dir/__/__/Drivers/STM32F4xx_HAL_Driver/Src/stm32f4xx_hal_tim.c.obj
                0x08000de8                HAL_TIM_PWM_PulseFinishedCallback
 .text.HAL_TIM_TriggerCallback
                0x08000dea        0x2 cmake/stm32cubemx/CMakeFiles/STM32_Drivers.dir/__/__/Drivers/STM32F4xx_HAL_Driver/Src/stm32f4xx_hal_tim.c.obj
                0x08000dea                HAL_TIM_TriggerCallback
 .text.HAL_TIM_IRQHandler
                0x08000dec      0x128 cmake/stm32cubemx/CMakeFiles/STM32_Drivers.dir/__/__/Drivers/STM32F4xx_HAL_Driver/Src/stm32f4xx_hal_tim.c.obj
                0x08000dec                HAL_TIM_IRQHandler
 .text.TIM_Base_SetConfig
                0x08000f14       0xa8 cmake/stm32cubemx/CMakeFiles/STM32_Drivers.dir/__/__/Drivers/STM32F4xx_HAL_Driver/Src/stm32f4xx_hal_tim.c.obj
                0x08000f14                TIM_Base_SetConfig
 .text.HAL_TIM_Base_Init
                0x08000fbc       0x58 cmake/stm32cubemx/CMakeFiles/STM32_Drivers.dir/__/__/Drivers/STM32F4xx_HAL_Driver/Src/stm32f4xx_hal_tim.c.obj
                0x08000fbc                HAL_TIM_Base_Init
 .text.HAL_TIMEx_MasterConfigSynchronization
                0x08001014       0x7c cmake/stm32cubemx/CMakeFiles/STM32_Drivers.dir/__/__/Drivers/STM32F4xx_HAL_Driver/Src/stm32f4xx_hal_tim_ex.c.obj
                0x08001014                HAL_TIMEx_MasterConfigSynchronization
 .text.HAL_TIMEx_CommutCallback
                0x08001090        0x2 cmake/stm32cubemx/CMakeFiles/STM32_Drivers.dir/__/__/Drivers/STM32F4xx_HAL_Driver/Src/stm32f4xx_hal_tim_ex.c.obj
                0x08001090                HAL_TIMEx_CommutCallback
 .text.HAL_TIMEx_BreakCallback
                0x08001092        0x2 cmake/stm32cubemx/CMakeFiles/STM32_Drivers.dir/__/__/Drivers/STM32F4xx_HAL_Driver/Src/stm32f4xx_hal_tim_ex.c.obj
                0x08001092                HAL_TIMEx_BreakCallback
 .text.HAL_PCD_Init
                0x08001094       0xde cmake/stm32cubemx/CMakeFiles/STM32_Drivers.dir/__/__/Drivers/STM32F4xx_HAL_Driver/Src/stm32f4xx_hal_pcd.c.obj
                0x08001094                HAL_PCD_Init
 .text.HAL_PCD_Start
                0x08001172       0x3e cmake/stm32cubemx/CMakeFiles/STM32_Drivers.dir/__/__/Drivers/STM32F4xx_HAL_Driver/Src/stm32f4xx_hal_pcd.c.obj
                0x08001172                HAL_PCD_Start
 .text.HAL_PCD_SetAddress
                0x080011b0       0x26 cmake/stm32cubemx/CMakeFiles/STM32_Drivers.dir/__/__/Drivers/STM32F4xx_HAL_Driver/Src/stm32f4xx_hal_pcd.c.obj
                0x080011b0                HAL_PCD_SetAddress
 .text.HAL_PCD_EP_Open
                0x080011d6       0x6a cmake/stm32cubemx/CMakeFiles/STM32_Drivers.dir/__/__/Drivers/STM32F4xx_HAL_Driver/Src/stm32f4xx_hal_pcd.c.obj
                0x080011d6                HAL_PCD_EP_Open
 .text.HAL_PCD_EP_Close
                0x08001240       0x54 cmake/stm32cubemx/CMakeFiles/STM32_Drivers.dir/__/__/Drivers/STM32F4xx_HAL_Driver/Src/stm32f4xx_hal_pcd.c.obj
                0x08001240                HAL_PCD_EP_Close
 .text.HAL_PCD_EP_Receive
                0x08001294       0x3a cmake/stm32cubemx/CMakeFiles/STM32_Drivers.dir/__/__/Drivers/STM32F4xx_HAL_Driver/Src/stm32f4xx_hal_pcd.c.obj
                0x08001294                HAL_PCD_EP_Receive
 .text.HAL_PCD_EP_GetRxCount
                0x080012ce       0x10 cmake/stm32cubemx/CMakeFiles/STM32_Drivers.dir/__/__/Drivers/STM32F4xx_HAL_Driver/Src/stm32f4xx_hal_pcd.c.obj
                0x080012ce                HAL_PCD_EP_GetRxCount
 .text.HAL_PCD_EP_Transmit
                0x080012de       0x34 cmake/stm32cubemx/CMakeFiles/STM32_Drivers.dir/__/__/Drivers/STM32F4xx_HAL_Driver/Src/stm32f4xx_hal_pcd.c.obj
                0x080012de                HAL_PCD_EP_Transmit
 .text.HAL_PCD_EP_SetStall
                0x08001312       0x6e cmake/stm32cubemx/CMakeFiles/STM32_Drivers.dir/__/__/Drivers/STM32F4xx_HAL_Driver/Src/stm32f4xx_hal_pcd.c.obj
                0x08001312                HAL_PCD_EP_SetStall
 .text.HAL_PCD_EP_ClrStall
                0x08001380       0x62 cmake/stm32cubemx/CMakeFiles/STM32_Drivers.dir/__/__/Drivers/STM32F4xx_HAL_Driver/Src/stm32f4xx_hal_pcd.c.obj
                0x08001380                HAL_PCD_EP_ClrStall
 .text.HAL_PCD_EP_Abort
                0x080013e2       0x1c cmake/stm32cubemx/CMakeFiles/STM32_Drivers.dir/__/__/Drivers/STM32F4xx_HAL_Driver/Src/stm32f4xx_hal_pcd.c.obj
                0x080013e2                HAL_PCD_EP_Abort
 *fill*         0x080013fe        0x2 
 .text.HAL_PCD_IRQHandler
                0x08001400      0x690 cmake/stm32cubemx/CMakeFiles/STM32_Drivers.dir/__/__/Drivers/STM32F4xx_HAL_Driver/Src/stm32f4xx_hal_pcd.c.obj
                0x08001400                HAL_PCD_IRQHandler
 .text.HAL_PCDEx_SetTxFiFo
                0x08001a90       0x3e cmake/stm32cubemx/CMakeFiles/STM32_Drivers.dir/__/__/Drivers/STM32F4xx_HAL_Driver/Src/stm32f4xx_hal_pcd_ex.c.obj
                0x08001a90                HAL_PCDEx_SetTxFiFo
 .text.HAL_PCDEx_SetRxFiFo
                0x08001ace        0x8 cmake/stm32cubemx/CMakeFiles/STM32_Drivers.dir/__/__/Drivers/STM32F4xx_HAL_Driver/Src/stm32f4xx_hal_pcd_ex.c.obj
                0x08001ace                HAL_PCDEx_SetRxFiFo
 .text.HAL_PCDEx_LPM_Callback
                0x08001ad6        0x2 cmake/stm32cubemx/CMakeFiles/STM32_Drivers.dir/__/__/Drivers/STM32F4xx_HAL_Driver/Src/stm32f4xx_hal_pcd_ex.c.obj
                0x08001ad6                HAL_PCDEx_LPM_Callback
 .text.USB_CoreReset
                0x08001ad8       0x50 cmake/stm32cubemx/CMakeFiles/STM32_Drivers.dir/__/__/Drivers/STM32F4xx_HAL_Driver/Src/stm32f4xx_ll_usb.c.obj
 .text.USB_CoreInit
                0x08001b28       0x88 cmake/stm32cubemx/CMakeFiles/STM32_Drivers.dir/__/__/Drivers/STM32F4xx_HAL_Driver/Src/stm32f4xx_ll_usb.c.obj
                0x08001b28                USB_CoreInit
 .text.USB_SetTurnaroundTime
                0x08001bb0       0xe0 cmake/stm32cubemx/CMakeFiles/STM32_Drivers.dir/__/__/Drivers/STM32F4xx_HAL_Driver/Src/stm32f4xx_ll_usb.c.obj
                0x08001bb0                USB_SetTurnaroundTime
 .text.USB_EnableGlobalInt
                0x08001c90        0xc cmake/stm32cubemx/CMakeFiles/STM32_Drivers.dir/__/__/Drivers/STM32F4xx_HAL_Driver/Src/stm32f4xx_ll_usb.c.obj
                0x08001c90                USB_EnableGlobalInt
 .text.USB_DisableGlobalInt
                0x08001c9c        0xc cmake/stm32cubemx/CMakeFiles/STM32_Drivers.dir/__/__/Drivers/STM32F4xx_HAL_Driver/Src/stm32f4xx_ll_usb.c.obj
                0x08001c9c                USB_DisableGlobalInt
 .text.USB_SetCurrentMode
                0x08001ca8       0x60 cmake/stm32cubemx/CMakeFiles/STM32_Drivers.dir/__/__/Drivers/STM32F4xx_HAL_Driver/Src/stm32f4xx_ll_usb.c.obj
                0x08001ca8                USB_SetCurrentMode
 .text.USB_FlushTxFifo
                0x08001d08       0x46 cmake/stm32cubemx/CMakeFiles/STM32_Drivers.dir/__/__/Drivers/STM32F4xx_HAL_Driver/Src/stm32f4xx_ll_usb.c.obj
                0x08001d08                USB_FlushTxFifo
 .text.USB_FlushRxFifo
                0x08001d4e       0x42 cmake/stm32cubemx/CMakeFiles/STM32_Drivers.dir/__/__/Drivers/STM32F4xx_HAL_Driver/Src/stm32f4xx_ll_usb.c.obj
                0x08001d4e                USB_FlushRxFifo
 .text.USB_SetDevSpeed
                0x08001d90        0xe cmake/stm32cubemx/CMakeFiles/STM32_Drivers.dir/__/__/Drivers/STM32F4xx_HAL_Driver/Src/stm32f4xx_ll_usb.c.obj
                0x08001d90                USB_SetDevSpeed
 *fill*         0x08001d9e        0x2 
 .text.USB_DevInit
                0x08001da0      0x174 cmake/stm32cubemx/CMakeFiles/STM32_Drivers.dir/__/__/Drivers/STM32F4xx_HAL_Driver/Src/stm32f4xx_ll_usb.c.obj
                0x08001da0                USB_DevInit
 .text.USB_GetDevSpeed
                0x08001f14       0x16 cmake/stm32cubemx/CMakeFiles/STM32_Drivers.dir/__/__/Drivers/STM32F4xx_HAL_Driver/Src/stm32f4xx_ll_usb.c.obj
                0x08001f14                USB_GetDevSpeed
 .text.USB_ActivateEndpoint
                0x08001f2a       0x7e cmake/stm32cubemx/CMakeFiles/STM32_Drivers.dir/__/__/Drivers/STM32F4xx_HAL_Driver/Src/stm32f4xx_ll_usb.c.obj
                0x08001f2a                USB_ActivateEndpoint
 .text.USB_DeactivateEndpoint
                0x08001fa8       0xac cmake/stm32cubemx/CMakeFiles/STM32_Drivers.dir/__/__/Drivers/STM32F4xx_HAL_Driver/Src/stm32f4xx_ll_usb.c.obj
                0x08001fa8                USB_DeactivateEndpoint
 .text.USB_EPStopXfer
                0x08002054       0x84 cmake/stm32cubemx/CMakeFiles/STM32_Drivers.dir/__/__/Drivers/STM32F4xx_HAL_Driver/Src/stm32f4xx_ll_usb.c.obj
                0x08002054                USB_EPStopXfer
 .text.USB_WritePacket
                0x080020d8       0x26 cmake/stm32cubemx/CMakeFiles/STM32_Drivers.dir/__/__/Drivers/STM32F4xx_HAL_Driver/Src/stm32f4xx_ll_usb.c.obj
                0x080020d8                USB_WritePacket
 *fill*         0x080020fe        0x2 
 .text.USB_EPStartXfer
                0x08002100      0x1e4 cmake/stm32cubemx/CMakeFiles/STM32_Drivers.dir/__/__/Drivers/STM32F4xx_HAL_Driver/Src/stm32f4xx_ll_usb.c.obj
                0x08002100                USB_EPStartXfer
 .text.USB_ReadPacket
                0x080022e4       0x42 cmake/stm32cubemx/CMakeFiles/STM32_Drivers.dir/__/__/Drivers/STM32F4xx_HAL_Driver/Src/stm32f4xx_ll_usb.c.obj
                0x080022e4                USB_ReadPacket
 .text.USB_EPSetStall
                0x08002326       0x56 cmake/stm32cubemx/CMakeFiles/STM32_Drivers.dir/__/__/Drivers/STM32F4xx_HAL_Driver/Src/stm32f4xx_ll_usb.c.obj
                0x08002326                USB_EPSetStall
 .text.USB_EPClearStall
                0x0800237c       0x52 cmake/stm32cubemx/CMakeFiles/STM32_Drivers.dir/__/__/Drivers/STM32F4xx_HAL_Driver/Src/stm32f4xx_ll_usb.c.obj
                0x0800237c                USB_EPClearStall
 .text.USB_SetDevAddress
                0x080023ce       0x20 cmake/stm32cubemx/CMakeFiles/STM32_Drivers.dir/__/__/Drivers/STM32F4xx_HAL_Driver/Src/stm32f4xx_ll_usb.c.obj
                0x080023ce                USB_SetDevAddress
 .text.USB_DevConnect
                0x080023ee       0x1c cmake/stm32cubemx/CMakeFiles/STM32_Drivers.dir/__/__/Drivers/STM32F4xx_HAL_Driver/Src/stm32f4xx_ll_usb.c.obj
                0x080023ee                USB_DevConnect
 .text.USB_DevDisconnect
                0x0800240a       0x1c cmake/stm32cubemx/CMakeFiles/STM32_Drivers.dir/__/__/Drivers/STM32F4xx_HAL_Driver/Src/stm32f4xx_ll_usb.c.obj
                0x0800240a                USB_DevDisconnect
 .text.USB_ReadInterrupts
                0x08002426        0x8 cmake/stm32cubemx/CMakeFiles/STM32_Drivers.dir/__/__/Drivers/STM32F4xx_HAL_Driver/Src/stm32f4xx_ll_usb.c.obj
                0x08002426                USB_ReadInterrupts
 .text.USB_ReadDevAllOutEpInterrupt
                0x0800242e       0x10 cmake/stm32cubemx/CMakeFiles/STM32_Drivers.dir/__/__/Drivers/STM32F4xx_HAL_Driver/Src/stm32f4xx_ll_usb.c.obj
                0x0800242e                USB_ReadDevAllOutEpInterrupt
 .text.USB_ReadDevAllInEpInterrupt
                0x0800243e       0x10 cmake/stm32cubemx/CMakeFiles/STM32_Drivers.dir/__/__/Drivers/STM32F4xx_HAL_Driver/Src/stm32f4xx_ll_usb.c.obj
                0x0800243e                USB_ReadDevAllInEpInterrupt
 .text.USB_ReadDevOutEPInterrupt
                0x0800244e       0x12 cmake/stm32cubemx/CMakeFiles/STM32_Drivers.dir/__/__/Drivers/STM32F4xx_HAL_Driver/Src/stm32f4xx_ll_usb.c.obj
                0x0800244e                USB_ReadDevOutEPInterrupt
 .text.USB_ReadDevInEPInterrupt
                0x08002460       0x22 cmake/stm32cubemx/CMakeFiles/STM32_Drivers.dir/__/__/Drivers/STM32F4xx_HAL_Driver/Src/stm32f4xx_ll_usb.c.obj
                0x08002460                USB_ReadDevInEPInterrupt
 .text.USB_GetMode
                0x08002482        0x8 cmake/stm32cubemx/CMakeFiles/STM32_Drivers.dir/__/__/Drivers/STM32F4xx_HAL_Driver/Src/stm32f4xx_ll_usb.c.obj
                0x08002482                USB_GetMode
 .text.USB_ActivateSetup
                0x0800248a       0x1c cmake/stm32cubemx/CMakeFiles/STM32_Drivers.dir/__/__/Drivers/STM32F4xx_HAL_Driver/Src/stm32f4xx_ll_usb.c.obj
                0x0800248a                USB_ActivateSetup
 *fill*         0x080024a6        0x2 
 .text.USB_EP0_OutStart
                0x080024a8       0x4c cmake/stm32cubemx/CMakeFiles/STM32_Drivers.dir/__/__/Drivers/STM32F4xx_HAL_Driver/Src/stm32f4xx_ll_usb.c.obj
                0x080024a8                USB_EP0_OutStart
 .text.HAL_RCC_OscConfig
                0x080024f4      0x35c cmake/stm32cubemx/CMakeFiles/STM32_Drivers.dir/__/__/Drivers/STM32F4xx_HAL_Driver/Src/stm32f4xx_hal_rcc.c.obj
                0x080024f4                HAL_RCC_OscConfig
 .text.HAL_RCC_GetSysClockFreq
                0x08002850       0x4c cmake/stm32cubemx/CMakeFiles/STM32_Drivers.dir/__/__/Drivers/STM32F4xx_HAL_Driver/Src/stm32f4xx_hal_rcc.c.obj
                0x08002850                HAL_RCC_GetSysClockFreq
 .text.HAL_RCC_ClockConfig
                0x0800289c      0x134 cmake/stm32cubemx/CMakeFiles/STM32_Drivers.dir/__/__/Drivers/STM32F4xx_HAL_Driver/Src/stm32f4xx_hal_rcc.c.obj
                0x0800289c                HAL_RCC_ClockConfig
 .text.HAL_RCC_GetHCLKFreq
                0x080029d0        0xc cmake/stm32cubemx/CMakeFiles/STM32_Drivers.dir/__/__/Drivers/STM32F4xx_HAL_Driver/Src/stm32f4xx_hal_rcc.c.obj
                0x080029d0                HAL_RCC_GetHCLKFreq
 .text.HAL_RCC_GetPCLK1Freq
                0x080029dc       0x20 cmake/stm32cubemx/CMakeFiles/STM32_Drivers.dir/__/__/Drivers/STM32F4xx_HAL_Driver/Src/stm32f4xx_hal_rcc.c.obj
                0x080029dc                HAL_RCC_GetPCLK1Freq
 .text.HAL_RCC_GetPCLK2Freq
                0x080029fc       0x20 cmake/stm32cubemx/CMakeFiles/STM32_Drivers.dir/__/__/Drivers/STM32F4xx_HAL_Driver/Src/stm32f4xx_hal_rcc.c.obj
                0x080029fc                HAL_RCC_GetPCLK2Freq
 .text.HAL_RCC_GetClockConfig
                0x08002a1c       0x3c cmake/stm32cubemx/CMakeFiles/STM32_Drivers.dir/__/__/Drivers/STM32F4xx_HAL_Driver/Src/stm32f4xx_hal_rcc.c.obj
                0x08002a1c                HAL_RCC_GetClockConfig
 .text.HAL_RCCEx_PeriphCLKConfig
                0x08002a58      0x258 cmake/stm32cubemx/CMakeFiles/STM32_Drivers.dir/__/__/Drivers/STM32F4xx_HAL_Driver/Src/stm32f4xx_hal_rcc_ex.c.obj
                0x08002a58                HAL_RCCEx_PeriphCLKConfig
 .text.HAL_GPIO_Init
                0x08002cb0      0x1c8 cmake/stm32cubemx/CMakeFiles/STM32_Drivers.dir/__/__/Drivers/STM32F4xx_HAL_Driver/Src/stm32f4xx_hal_gpio.c.obj
                0x08002cb0                HAL_GPIO_Init
 .text.HAL_GPIO_ReadPin
                0x08002e78        0xc cmake/stm32cubemx/CMakeFiles/STM32_Drivers.dir/__/__/Drivers/STM32F4xx_HAL_Driver/Src/stm32f4xx_hal_gpio.c.obj
                0x08002e78                HAL_GPIO_ReadPin
 .text.HAL_GPIO_WritePin
                0x08002e84        0xa cmake/stm32cubemx/CMakeFiles/STM32_Drivers.dir/__/__/Drivers/STM32F4xx_HAL_Driver/Src/stm32f4xx_hal_gpio.c.obj
                0x08002e84                HAL_GPIO_WritePin
 *fill*         0x08002e8e        0x2 
 .text.DMA_CalcBaseAndBitshift
                0x08002e90       0x2c cmake/stm32cubemx/CMakeFiles/STM32_Drivers.dir/__/__/Drivers/STM32F4xx_HAL_Driver/Src/stm32f4xx_hal_dma.c.obj
 .text.HAL_DMA_Init
                0x08002ebc       0xfc cmake/stm32cubemx/CMakeFiles/STM32_Drivers.dir/__/__/Drivers/STM32F4xx_HAL_Driver/Src/stm32f4xx_hal_dma.c.obj
                0x08002ebc                HAL_DMA_Init
 .text.HAL_DMA_Start_IT
                0x08002fb8       0x72 cmake/stm32cubemx/CMakeFiles/STM32_Drivers.dir/__/__/Drivers/STM32F4xx_HAL_Driver/Src/stm32f4xx_hal_dma.c.obj
                0x08002fb8                HAL_DMA_Start_IT
 .text.HAL_DMA_Abort_IT
                0x0800302a       0x24 cmake/stm32cubemx/CMakeFiles/STM32_Drivers.dir/__/__/Drivers/STM32F4xx_HAL_Driver/Src/stm32f4xx_hal_dma.c.obj
                0x0800302a                HAL_DMA_Abort_IT
 *fill*         0x0800304e        0x2 
 .text.HAL_DMA_IRQHandler
                0x08003050      0x17c cmake/stm32cubemx/CMakeFiles/STM32_Drivers.dir/__/__/Drivers/STM32F4xx_HAL_Driver/Src/stm32f4xx_hal_dma.c.obj
                0x08003050                HAL_DMA_IRQHandler
 .text.HAL_DMA_GetState
                0x080031cc        0x6 cmake/stm32cubemx/CMakeFiles/STM32_Drivers.dir/__/__/Drivers/STM32F4xx_HAL_Driver/Src/stm32f4xx_hal_dma.c.obj
                0x080031cc                HAL_DMA_GetState
 .text.HAL_DMA_GetError
                0x080031d2        0x4 cmake/stm32cubemx/CMakeFiles/STM32_Drivers.dir/__/__/Drivers/STM32F4xx_HAL_Driver/Src/stm32f4xx_hal_dma.c.obj
                0x080031d2                HAL_DMA_GetError
 *fill*         0x080031d6        0x2 
 .text.HAL_NVIC_SetPriorityGrouping
                0x080031d8       0x24 cmake/stm32cubemx/CMakeFiles/STM32_Drivers.dir/__/__/Drivers/STM32F4xx_HAL_Driver/Src/stm32f4xx_hal_cortex.c.obj
                0x080031d8                HAL_NVIC_SetPriorityGrouping
 .text.HAL_NVIC_SetPriority
                0x080031fc       0x64 cmake/stm32cubemx/CMakeFiles/STM32_Drivers.dir/__/__/Drivers/STM32F4xx_HAL_Driver/Src/stm32f4xx_hal_cortex.c.obj
                0x080031fc                HAL_NVIC_SetPriority
 .text.HAL_NVIC_EnableIRQ
                0x08003260       0x1c cmake/stm32cubemx/CMakeFiles/STM32_Drivers.dir/__/__/Drivers/STM32F4xx_HAL_Driver/Src/stm32f4xx_hal_cortex.c.obj
                0x08003260                HAL_NVIC_EnableIRQ
 .text.HAL_Init
                0x0800327c       0x34 cmake/stm32cubemx/CMakeFiles/STM32_Drivers.dir/__/__/Drivers/STM32F4xx_HAL_Driver/Src/stm32f4xx_hal.c.obj
                0x0800327c                HAL_Init
 .text.HAL_IncTick
                0x080032b0       0x18 cmake/stm32cubemx/CMakeFiles/STM32_Drivers.dir/__/__/Drivers/STM32F4xx_HAL_Driver/Src/stm32f4xx_hal.c.obj
                0x080032b0                HAL_IncTick
 .text.HAL_GetTick
                0x080032c8        0xc cmake/stm32cubemx/CMakeFiles/STM32_Drivers.dir/__/__/Drivers/STM32F4xx_HAL_Driver/Src/stm32f4xx_hal.c.obj
                0x080032c8                HAL_GetTick
 .text.HAL_Delay
                0x080032d4       0x28 cmake/stm32cubemx/CMakeFiles/STM32_Drivers.dir/__/__/Drivers/STM32F4xx_HAL_Driver/Src/stm32f4xx_hal.c.obj
                0x080032d4                HAL_Delay
 .text.HAL_DAC_Init
                0x080032fc       0x26 cmake/stm32cubemx/CMakeFiles/STM32_Drivers.dir/__/__/Drivers/STM32F4xx_HAL_Driver/Src/stm32f4xx_hal_dac.c.obj
                0x080032fc                HAL_DAC_Init
 .text.HAL_DAC_Start
                0x08003322       0x60 cmake/stm32cubemx/CMakeFiles/STM32_Drivers.dir/__/__/Drivers/STM32F4xx_HAL_Driver/Src/stm32f4xx_hal_dac.c.obj
                0x08003322                HAL_DAC_Start
 .text.HAL_DAC_SetValue
                0x08003382       0x2a cmake/stm32cubemx/CMakeFiles/STM32_Drivers.dir/__/__/Drivers/STM32F4xx_HAL_Driver/Src/stm32f4xx_hal_dac.c.obj
                0x08003382                HAL_DAC_SetValue
 .text.HAL_DAC_DMAUnderrunCallbackCh1
                0x080033ac        0x2 cmake/stm32cubemx/CMakeFiles/STM32_Drivers.dir/__/__/Drivers/STM32F4xx_HAL_Driver/Src/stm32f4xx_hal_dac.c.obj
                0x080033ac                HAL_DAC_DMAUnderrunCallbackCh1
 .text.HAL_DAC_IRQHandler
                0x080033ae       0x60 cmake/stm32cubemx/CMakeFiles/STM32_Drivers.dir/__/__/Drivers/STM32F4xx_HAL_Driver/Src/stm32f4xx_hal_dac.c.obj
                0x080033ae                HAL_DAC_IRQHandler
 .text.HAL_DAC_ConfigChannel
                0x0800340e       0x50 cmake/stm32cubemx/CMakeFiles/STM32_Drivers.dir/__/__/Drivers/STM32F4xx_HAL_Driver/Src/stm32f4xx_hal_dac.c.obj
                0x0800340e                HAL_DAC_ConfigChannel
 .text.HAL_DACEx_DMAUnderrunCallbackCh2
                0x0800345e        0x2 cmake/stm32cubemx/CMakeFiles/STM32_Drivers.dir/__/__/Drivers/STM32F4xx_HAL_Driver/Src/stm32f4xx_hal_dac_ex.c.obj
                0x0800345e                HAL_DACEx_DMAUnderrunCallbackCh2
 .text.I2C_IsAcknowledgeFailed
                0x08003460       0x34 cmake/stm32cubemx/CMakeFiles/STM32_Drivers.dir/__/__/Drivers/STM32F4xx_HAL_Driver/Src/stm32f4xx_hal_i2c.c.obj
 .text.I2C_WaitOnFlagUntilTimeout
                0x08003494       0x9c cmake/stm32cubemx/CMakeFiles/STM32_Drivers.dir/__/__/Drivers/STM32F4xx_HAL_Driver/Src/stm32f4xx_hal_i2c.c.obj
 .text.I2C_WaitOnMasterAddressFlagUntilTimeout
                0x08003530       0x84 cmake/stm32cubemx/CMakeFiles/STM32_Drivers.dir/__/__/Drivers/STM32F4xx_HAL_Driver/Src/stm32f4xx_hal_i2c.c.obj
 .text.I2C_WaitOnTXEFlagUntilTimeout
                0x080035b4       0x54 cmake/stm32cubemx/CMakeFiles/STM32_Drivers.dir/__/__/Drivers/STM32F4xx_HAL_Driver/Src/stm32f4xx_hal_i2c.c.obj
 .text.I2C_RequestMemoryWrite
                0x08003608       0xb4 cmake/stm32cubemx/CMakeFiles/STM32_Drivers.dir/__/__/Drivers/STM32F4xx_HAL_Driver/Src/stm32f4xx_hal_i2c.c.obj
 .text.I2C_RequestMemoryRead
                0x080036bc      0x100 cmake/stm32cubemx/CMakeFiles/STM32_Drivers.dir/__/__/Drivers/STM32F4xx_HAL_Driver/Src/stm32f4xx_hal_i2c.c.obj
 .text.I2C_WaitOnBTFFlagUntilTimeout
                0x080037bc       0x54 cmake/stm32cubemx/CMakeFiles/STM32_Drivers.dir/__/__/Drivers/STM32F4xx_HAL_Driver/Src/stm32f4xx_hal_i2c.c.obj
 .text.HAL_I2C_Init
                0x08003810      0x150 cmake/stm32cubemx/CMakeFiles/STM32_Drivers.dir/__/__/Drivers/STM32F4xx_HAL_Driver/Src/stm32f4xx_hal_i2c.c.obj
                0x08003810                HAL_I2C_Init
 .text.HAL_I2C_Mem_Write
                0x08003960      0x120 cmake/stm32cubemx/CMakeFiles/STM32_Drivers.dir/__/__/Drivers/STM32F4xx_HAL_Driver/Src/stm32f4xx_hal_i2c.c.obj
                0x08003960                HAL_I2C_Mem_Write
 .text.HAL_I2C_Mem_Read_DMA
                0x08003a80      0x1d8 cmake/stm32cubemx/CMakeFiles/STM32_Drivers.dir/__/__/Drivers/STM32F4xx_HAL_Driver/Src/stm32f4xx_hal_i2c.c.obj
                0x08003a80                HAL_I2C_Mem_Read_DMA
 .text.HAL_I2C_MasterTxCpltCallback
                0x08003c58        0x2 cmake/stm32cubemx/CMakeFiles/STM32_Drivers.dir/__/__/Drivers/STM32F4xx_HAL_Driver/Src/stm32f4xx_hal_i2c.c.obj
                0x08003c58                HAL_I2C_MasterTxCpltCallback
 .text.HAL_I2C_MasterRxCpltCallback
                0x08003c5a        0x2 cmake/stm32cubemx/CMakeFiles/STM32_Drivers.dir/__/__/Drivers/STM32F4xx_HAL_Driver/Src/stm32f4xx_hal_i2c.c.obj
                0x08003c5a                HAL_I2C_MasterRxCpltCallback
 .text.HAL_I2C_SlaveTxCpltCallback
                0x08003c5c        0x2 cmake/stm32cubemx/CMakeFiles/STM32_Drivers.dir/__/__/Drivers/STM32F4xx_HAL_Driver/Src/stm32f4xx_hal_i2c.c.obj
                0x08003c5c                HAL_I2C_SlaveTxCpltCallback
 .text.HAL_I2C_SlaveRxCpltCallback
                0x08003c5e        0x2 cmake/stm32cubemx/CMakeFiles/STM32_Drivers.dir/__/__/Drivers/STM32F4xx_HAL_Driver/Src/stm32f4xx_hal_i2c.c.obj
                0x08003c5e                HAL_I2C_SlaveRxCpltCallback
 .text.HAL_I2C_AddrCallback
                0x08003c60        0x2 cmake/stm32cubemx/CMakeFiles/STM32_Drivers.dir/__/__/Drivers/STM32F4xx_HAL_Driver/Src/stm32f4xx_hal_i2c.c.obj
                0x08003c60                HAL_I2C_AddrCallback
 .text.HAL_I2C_ListenCpltCallback
                0x08003c62        0x2 cmake/stm32cubemx/CMakeFiles/STM32_Drivers.dir/__/__/Drivers/STM32F4xx_HAL_Driver/Src/stm32f4xx_hal_i2c.c.obj
                0x08003c62                HAL_I2C_ListenCpltCallback
 .text.HAL_I2C_MemTxCpltCallback
                0x08003c64        0x2 cmake/stm32cubemx/CMakeFiles/STM32_Drivers.dir/__/__/Drivers/STM32F4xx_HAL_Driver/Src/stm32f4xx_hal_i2c.c.obj
                0x08003c64                HAL_I2C_MemTxCpltCallback
 .text.I2C_MemoryTransmit_TXE_BTF
                0x08003c66       0xb0 cmake/stm32cubemx/CMakeFiles/STM32_Drivers.dir/__/__/Drivers/STM32F4xx_HAL_Driver/Src/stm32f4xx_hal_i2c.c.obj
 .text.HAL_I2C_ErrorCallback
                0x08003d16        0x2 cmake/stm32cubemx/CMakeFiles/STM32_Drivers.dir/__/__/Drivers/STM32F4xx_HAL_Driver/Src/stm32f4xx_hal_i2c.c.obj
                0x08003d16                HAL_I2C_ErrorCallback
 .text.I2C_DMAError
                0x08003d18       0x44 cmake/stm32cubemx/CMakeFiles/STM32_Drivers.dir/__/__/Drivers/STM32F4xx_HAL_Driver/Src/stm32f4xx_hal_i2c.c.obj
 .text.I2C_DMAXferCplt
                0x08003d5c      0x114 cmake/stm32cubemx/CMakeFiles/STM32_Drivers.dir/__/__/Drivers/STM32F4xx_HAL_Driver/Src/stm32f4xx_hal_i2c.c.obj
 .text.HAL_I2C_AbortCpltCallback
                0x08003e70        0x2 cmake/stm32cubemx/CMakeFiles/STM32_Drivers.dir/__/__/Drivers/STM32F4xx_HAL_Driver/Src/stm32f4xx_hal_i2c.c.obj
                0x08003e70                HAL_I2C_AbortCpltCallback
 *fill*         0x08003e72        0x2 
 .text.I2C_DMAAbort
                0x08003e74       0xc0 cmake/stm32cubemx/CMakeFiles/STM32_Drivers.dir/__/__/Drivers/STM32F4xx_HAL_Driver/Src/stm32f4xx_hal_i2c.c.obj
 .text.I2C_ITError
                0x08003f34      0x150 cmake/stm32cubemx/CMakeFiles/STM32_Drivers.dir/__/__/Drivers/STM32F4xx_HAL_Driver/Src/stm32f4xx_hal_i2c.c.obj
 .text.HAL_I2C_EV_IRQHandler
                0x08004084      0x8a4 cmake/stm32cubemx/CMakeFiles/STM32_Drivers.dir/__/__/Drivers/STM32F4xx_HAL_Driver/Src/stm32f4xx_hal_i2c.c.obj
                0x08004084                HAL_I2C_EV_IRQHandler
 .text.HAL_I2C_ER_IRQHandler
                0x08004928      0x138 cmake/stm32cubemx/CMakeFiles/STM32_Drivers.dir/__/__/Drivers/STM32F4xx_HAL_Driver/Src/stm32f4xx_hal_i2c.c.obj
                0x08004928                HAL_I2C_ER_IRQHandler
 .text.HAL_I2CEx_ConfigAnalogFilter
                0x08004a60       0x3e cmake/stm32cubemx/CMakeFiles/STM32_Drivers.dir/__/__/Drivers/STM32F4xx_HAL_Driver/Src/stm32f4xx_hal_i2c_ex.c.obj
                0x08004a60                HAL_I2CEx_ConfigAnalogFilter
 .text.HAL_I2CEx_ConfigDigitalFilter
                0x08004a9e       0x3e cmake/stm32cubemx/CMakeFiles/STM32_Drivers.dir/__/__/Drivers/STM32F4xx_HAL_Driver/Src/stm32f4xx_hal_i2c_ex.c.obj
                0x08004a9e                HAL_I2CEx_ConfigDigitalFilter
 .text.HAL_SPI_Init
                0x08004adc       0xb8 cmake/stm32cubemx/CMakeFiles/STM32_Drivers.dir/__/__/Drivers/STM32F4xx_HAL_Driver/Src/stm32f4xx_hal_spi.c.obj
                0x08004adc                HAL_SPI_Init
 .text.USBD_Init
                0x08004b94       0x26 cmake/stm32cubemx/CMakeFiles/USB_Device_Library.dir/__/__/Middlewares/ST/STM32_USB_Device_Library/Core/Src/usbd_core.c.obj
                0x08004b94                USBD_Init
 .text.USBD_RegisterClass
                0x08004bba       0x32 cmake/stm32cubemx/CMakeFiles/USB_Device_Library.dir/__/__/Middlewares/ST/STM32_USB_Device_Library/Core/Src/usbd_core.c.obj
                0x08004bba                USBD_RegisterClass
 .text.USBD_Start
                0x08004bec        0x4 cmake/stm32cubemx/CMakeFiles/USB_Device_Library.dir/__/__/Middlewares/ST/STM32_USB_Device_Library/Core/Src/usbd_core.c.obj
                0x08004bec                USBD_Start
 .text.USBD_SetClassConfig
                0x08004bf0        0xe cmake/stm32cubemx/CMakeFiles/USB_Device_Library.dir/__/__/Middlewares/ST/STM32_USB_Device_Library/Core/Src/usbd_core.c.obj
                0x08004bf0                USBD_SetClassConfig
 .text.USBD_ClrClassConfig
                0x08004bfe       0x12 cmake/stm32cubemx/CMakeFiles/USB_Device_Library.dir/__/__/Middlewares/ST/STM32_USB_Device_Library/Core/Src/usbd_core.c.obj
                0x08004bfe                USBD_ClrClassConfig
 .text.USBD_LL_SetupStage
                0x08004c10       0x60 cmake/stm32cubemx/CMakeFiles/USB_Device_Library.dir/__/__/Middlewares/ST/STM32_USB_Device_Library/Core/Src/usbd_core.c.obj
                0x08004c10                USBD_LL_SetupStage
 .text.USBD_LL_DataOutStage
                0x08004c70       0x74 cmake/stm32cubemx/CMakeFiles/USB_Device_Library.dir/__/__/Middlewares/ST/STM32_USB_Device_Library/Core/Src/usbd_core.c.obj
                0x08004c70                USBD_LL_DataOutStage
 .text.USBD_LL_DataInStage
                0x08004ce4       0xa8 cmake/stm32cubemx/CMakeFiles/USB_Device_Library.dir/__/__/Middlewares/ST/STM32_USB_Device_Library/Core/Src/usbd_core.c.obj
                0x08004ce4                USBD_LL_DataInStage
 .text.USBD_LL_Reset
                0x08004d8c       0x60 cmake/stm32cubemx/CMakeFiles/USB_Device_Library.dir/__/__/Middlewares/ST/STM32_USB_Device_Library/Core/Src/usbd_core.c.obj
                0x08004d8c                USBD_LL_Reset
 .text.USBD_LL_SetSpeed
                0x08004dec        0x6 cmake/stm32cubemx/CMakeFiles/USB_Device_Library.dir/__/__/Middlewares/ST/STM32_USB_Device_Library/Core/Src/usbd_core.c.obj
                0x08004dec                USBD_LL_SetSpeed
 .text.USBD_LL_Suspend
                0x08004df2       0x1c cmake/stm32cubemx/CMakeFiles/USB_Device_Library.dir/__/__/Middlewares/ST/STM32_USB_Device_Library/Core/Src/usbd_core.c.obj
                0x08004df2                USBD_LL_Suspend
 .text.USBD_LL_Resume
                0x08004e0e       0x16 cmake/stm32cubemx/CMakeFiles/USB_Device_Library.dir/__/__/Middlewares/ST/STM32_USB_Device_Library/Core/Src/usbd_core.c.obj
                0x08004e0e                USBD_LL_Resume
 .text.USBD_LL_SOF
                0x08004e24       0x1a cmake/stm32cubemx/CMakeFiles/USB_Device_Library.dir/__/__/Middlewares/ST/STM32_USB_Device_Library/Core/Src/usbd_core.c.obj
                0x08004e24                USBD_LL_SOF
 .text.USBD_LL_IsoINIncomplete
                0x08004e3e       0x26 cmake/stm32cubemx/CMakeFiles/USB_Device_Library.dir/__/__/Middlewares/ST/STM32_USB_Device_Library/Core/Src/usbd_core.c.obj
                0x08004e3e                USBD_LL_IsoINIncomplete
 .text.USBD_LL_IsoOUTIncomplete
                0x08004e64       0x26 cmake/stm32cubemx/CMakeFiles/USB_Device_Library.dir/__/__/Middlewares/ST/STM32_USB_Device_Library/Core/Src/usbd_core.c.obj
                0x08004e64                USBD_LL_IsoOUTIncomplete
 .text.USBD_LL_DevConnected
                0x08004e8a        0x4 cmake/stm32cubemx/CMakeFiles/USB_Device_Library.dir/__/__/Middlewares/ST/STM32_USB_Device_Library/Core/Src/usbd_core.c.obj
                0x08004e8a                USBD_LL_DevConnected
 .text.USBD_LL_DevDisconnected
                0x08004e8e       0x20 cmake/stm32cubemx/CMakeFiles/USB_Device_Library.dir/__/__/Middlewares/ST/STM32_USB_Device_Library/Core/Src/usbd_core.c.obj
                0x08004e8e                USBD_LL_DevDisconnected
 .text.USBD_CoreFindIF
                0x08004eae        0x4 cmake/stm32cubemx/CMakeFiles/USB_Device_Library.dir/__/__/Middlewares/ST/STM32_USB_Device_Library/Core/Src/usbd_core.c.obj
                0x08004eae                USBD_CoreFindIF
 .text.USBD_CoreFindEP
                0x08004eb2        0x4 cmake/stm32cubemx/CMakeFiles/USB_Device_Library.dir/__/__/Middlewares/ST/STM32_USB_Device_Library/Core/Src/usbd_core.c.obj
                0x08004eb2                USBD_CoreFindEP
 .text.USBD_GetEpDesc
                0x08004eb6       0x24 cmake/stm32cubemx/CMakeFiles/USB_Device_Library.dir/__/__/Middlewares/ST/STM32_USB_Device_Library/Core/Src/usbd_core.c.obj
                0x08004eb6                USBD_GetEpDesc
 .text.USBD_CtlError.constprop.0
                0x08004eda       0x16 cmake/stm32cubemx/CMakeFiles/USB_Device_Library.dir/__/__/Middlewares/ST/STM32_USB_Device_Library/Core/Src/usbd_ctlreq.c.obj
 .text.USBD_StdDevReq
                0x08004ef0      0x2c8 cmake/stm32cubemx/CMakeFiles/USB_Device_Library.dir/__/__/Middlewares/ST/STM32_USB_Device_Library/Core/Src/usbd_ctlreq.c.obj
                0x08004ef0                USBD_StdDevReq
 .text.USBD_StdItfReq
                0x080051b8       0x5e cmake/stm32cubemx/CMakeFiles/USB_Device_Library.dir/__/__/Middlewares/ST/STM32_USB_Device_Library/Core/Src/usbd_ctlreq.c.obj
                0x080051b8                USBD_StdItfReq
 .text.USBD_StdEPReq
                0x08005216      0x146 cmake/stm32cubemx/CMakeFiles/USB_Device_Library.dir/__/__/Middlewares/ST/STM32_USB_Device_Library/Core/Src/usbd_ctlreq.c.obj
                0x08005216                USBD_StdEPReq
 .text.USBD_ParseSetupRequest
                0x0800535c       0x16 cmake/stm32cubemx/CMakeFiles/USB_Device_Library.dir/__/__/Middlewares/ST/STM32_USB_Device_Library/Core/Src/usbd_ctlreq.c.obj
                0x0800535c                USBD_ParseSetupRequest
 .text.USBD_CtlError
                0x08005372       0x16 cmake/stm32cubemx/CMakeFiles/USB_Device_Library.dir/__/__/Middlewares/ST/STM32_USB_Device_Library/Core/Src/usbd_ctlreq.c.obj
                0x08005372                USBD_CtlError
 .text.USBD_GetString
                0x08005388       0x38 cmake/stm32cubemx/CMakeFiles/USB_Device_Library.dir/__/__/Middlewares/ST/STM32_USB_Device_Library/Core/Src/usbd_ctlreq.c.obj
                0x08005388                USBD_GetString
 .text.USBD_CtlSendData
                0x080053c0       0x1c cmake/stm32cubemx/CMakeFiles/USB_Device_Library.dir/__/__/Middlewares/ST/STM32_USB_Device_Library/Core/Src/usbd_ioreq.c.obj
                0x080053c0                USBD_CtlSendData
 .text.USBD_CtlContinueSendData
                0x080053dc       0x10 cmake/stm32cubemx/CMakeFiles/USB_Device_Library.dir/__/__/Middlewares/ST/STM32_USB_Device_Library/Core/Src/usbd_ioreq.c.obj
                0x080053dc                USBD_CtlContinueSendData
 .text.USBD_CtlPrepareRx
                0x080053ec       0x22 cmake/stm32cubemx/CMakeFiles/USB_Device_Library.dir/__/__/Middlewares/ST/STM32_USB_Device_Library/Core/Src/usbd_ioreq.c.obj
                0x080053ec                USBD_CtlPrepareRx
 .text.USBD_CtlContinueRx
                0x0800540e       0x10 cmake/stm32cubemx/CMakeFiles/USB_Device_Library.dir/__/__/Middlewares/ST/STM32_USB_Device_Library/Core/Src/usbd_ioreq.c.obj
                0x0800540e                USBD_CtlContinueRx
 .text.USBD_CtlSendStatus
                0x0800541e       0x16 cmake/stm32cubemx/CMakeFiles/USB_Device_Library.dir/__/__/Middlewares/ST/STM32_USB_Device_Library/Core/Src/usbd_ioreq.c.obj
                0x0800541e                USBD_CtlSendStatus
 .text.USBD_CtlReceiveStatus
                0x08005434       0x16 cmake/stm32cubemx/CMakeFiles/USB_Device_Library.dir/__/__/Middlewares/ST/STM32_USB_Device_Library/Core/Src/usbd_ioreq.c.obj
                0x08005434                USBD_CtlReceiveStatus
 .text.USBD_CDC_EP0_RxReady
                0x0800544a       0x38 cmake/stm32cubemx/CMakeFiles/USB_Device_Library.dir/__/__/Middlewares/ST/STM32_USB_Device_Library/Class/CDC/Src/usbd_cdc.c.obj
 *fill*         0x08005482        0x2 
 .text.USBD_CDC_GetDeviceQualifierDescriptor
                0x08005484        0xc cmake/stm32cubemx/CMakeFiles/USB_Device_Library.dir/__/__/Middlewares/ST/STM32_USB_Device_Library/Class/CDC/Src/usbd_cdc.c.obj
                0x08005484                USBD_CDC_GetDeviceQualifierDescriptor
 .text.USBD_CDC_GetFSCfgDesc
                0x08005490       0x48 cmake/stm32cubemx/CMakeFiles/USB_Device_Library.dir/__/__/Middlewares/ST/STM32_USB_Device_Library/Class/CDC/Src/usbd_cdc.c.obj
 .text.USBD_CDC_GetOtherSpeedCfgDesc
                0x080054d8        0x4 cmake/stm32cubemx/CMakeFiles/USB_Device_Library.dir/__/__/Middlewares/ST/STM32_USB_Device_Library/Class/CDC/Src/usbd_cdc.c.obj
 .text.USBD_CDC_GetHSCfgDesc
                0x080054dc       0x48 cmake/stm32cubemx/CMakeFiles/USB_Device_Library.dir/__/__/Middlewares/ST/STM32_USB_Device_Library/Class/CDC/Src/usbd_cdc.c.obj
 .text.USBD_CDC_DataOut
                0x08005524       0x38 cmake/stm32cubemx/CMakeFiles/USB_Device_Library.dir/__/__/Middlewares/ST/STM32_USB_Device_Library/Class/CDC/Src/usbd_cdc.c.obj
 .text.USBD_CDC_DataIn
                0x0800555c       0x64 cmake/stm32cubemx/CMakeFiles/USB_Device_Library.dir/__/__/Middlewares/ST/STM32_USB_Device_Library/Class/CDC/Src/usbd_cdc.c.obj
 .text.USBD_CDC_Setup
                0x080055c0       0xf0 cmake/stm32cubemx/CMakeFiles/USB_Device_Library.dir/__/__/Middlewares/ST/STM32_USB_Device_Library/Class/CDC/Src/usbd_cdc.c.obj
 .text.USBD_CDC_DeInit
                0x080056b0       0x60 cmake/stm32cubemx/CMakeFiles/USB_Device_Library.dir/__/__/Middlewares/ST/STM32_USB_Device_Library/Class/CDC/Src/usbd_cdc.c.obj
 .text.USBD_CDC_Init
                0x08005710       0xc8 cmake/stm32cubemx/CMakeFiles/USB_Device_Library.dir/__/__/Middlewares/ST/STM32_USB_Device_Library/Class/CDC/Src/usbd_cdc.c.obj
 .text.USBD_CDC_RegisterInterface
                0x080057d8       0x16 cmake/stm32cubemx/CMakeFiles/USB_Device_Library.dir/__/__/Middlewares/ST/STM32_USB_Device_Library/Class/CDC/Src/usbd_cdc.c.obj
                0x080057d8                USBD_CDC_RegisterInterface
 .text.USBD_CDC_SetTxBuffer
                0x080057ee       0x1c cmake/stm32cubemx/CMakeFiles/USB_Device_Library.dir/__/__/Middlewares/ST/STM32_USB_Device_Library/Class/CDC/Src/usbd_cdc.c.obj
                0x080057ee                USBD_CDC_SetTxBuffer
 .text.USBD_CDC_SetRxBuffer
                0x0800580a       0x18 cmake/stm32cubemx/CMakeFiles/USB_Device_Library.dir/__/__/Middlewares/ST/STM32_USB_Device_Library/Class/CDC/Src/usbd_cdc.c.obj
                0x0800580a                USBD_CDC_SetRxBuffer
 .text.USBD_CDC_TransmitPacket
                0x08005822       0x36 cmake/stm32cubemx/CMakeFiles/USB_Device_Library.dir/__/__/Middlewares/ST/STM32_USB_Device_Library/Class/CDC/Src/usbd_cdc.c.obj
                0x08005822                USBD_CDC_TransmitPacket
 .text.USBD_CDC_ReceivePacket
                0x08005858       0x2c cmake/stm32cubemx/CMakeFiles/USB_Device_Library.dir/__/__/Middlewares/ST/STM32_USB_Device_Library/Class/CDC/Src/usbd_cdc.c.obj
                0x08005858                USBD_CDC_ReceivePacket
 .text.HAL_PCD_MspInit
                0x08005884       0x90 CMakeFiles/1550.dir/USB_DEVICE/Target/usbd_conf.c.obj
                0x08005884                HAL_PCD_MspInit
 .text.HAL_PCD_SetupStageCallback
                0x08005914        0xc CMakeFiles/1550.dir/USB_DEVICE/Target/usbd_conf.c.obj
                0x08005914                HAL_PCD_SetupStageCallback
 .text.HAL_PCD_DataOutStageCallback
                0x08005920       0x12 CMakeFiles/1550.dir/USB_DEVICE/Target/usbd_conf.c.obj
                0x08005920                HAL_PCD_DataOutStageCallback
 .text.HAL_PCD_DataInStageCallback
                0x08005932       0x10 CMakeFiles/1550.dir/USB_DEVICE/Target/usbd_conf.c.obj
                0x08005932                HAL_PCD_DataInStageCallback
 .text.HAL_PCD_SOFCallback
                0x08005942        0x8 CMakeFiles/1550.dir/USB_DEVICE/Target/usbd_conf.c.obj
                0x08005942                HAL_PCD_SOFCallback
 .text.HAL_PCD_ResetCallback
                0x0800594a       0x26 CMakeFiles/1550.dir/USB_DEVICE/Target/usbd_conf.c.obj
                0x0800594a                HAL_PCD_ResetCallback
 .text.HAL_PCD_SuspendCallback
                0x08005970       0x30 CMakeFiles/1550.dir/USB_DEVICE/Target/usbd_conf.c.obj
                0x08005970                HAL_PCD_SuspendCallback
 .text.HAL_PCD_ResumeCallback
                0x080059a0        0x8 CMakeFiles/1550.dir/USB_DEVICE/Target/usbd_conf.c.obj
                0x080059a0                HAL_PCD_ResumeCallback
 .text.HAL_PCD_ISOOUTIncompleteCallback
                0x080059a8        0x8 CMakeFiles/1550.dir/USB_DEVICE/Target/usbd_conf.c.obj
                0x080059a8                HAL_PCD_ISOOUTIncompleteCallback
 .text.HAL_PCD_ISOINIncompleteCallback
                0x080059b0        0x8 CMakeFiles/1550.dir/USB_DEVICE/Target/usbd_conf.c.obj
                0x080059b0                HAL_PCD_ISOINIncompleteCallback
 .text.HAL_PCD_ConnectCallback
                0x080059b8        0x8 CMakeFiles/1550.dir/USB_DEVICE/Target/usbd_conf.c.obj
                0x080059b8                HAL_PCD_ConnectCallback
 .text.HAL_PCD_DisconnectCallback
                0x080059c0        0x8 CMakeFiles/1550.dir/USB_DEVICE/Target/usbd_conf.c.obj
                0x080059c0                HAL_PCD_DisconnectCallback
 .text.USBD_LL_Init
                0x080059c8       0x68 CMakeFiles/1550.dir/USB_DEVICE/Target/usbd_conf.c.obj
                0x080059c8                USBD_LL_Init
 .text.USBD_LL_IsStallEP
                0x08005a30       0x24 CMakeFiles/1550.dir/USB_DEVICE/Target/usbd_conf.c.obj
                0x08005a30                USBD_LL_IsStallEP
 .text.USBD_LL_GetRxDataSize
                0x08005a54        0x8 CMakeFiles/1550.dir/USB_DEVICE/Target/usbd_conf.c.obj
                0x08005a54                USBD_LL_GetRxDataSize
 .text.USBD_static_malloc
                0x08005a5c        0x8 CMakeFiles/1550.dir/USB_DEVICE/Target/usbd_conf.c.obj
                0x08005a5c                USBD_static_malloc
 .text.USBD_static_free
                0x08005a64        0x2 CMakeFiles/1550.dir/USB_DEVICE/Target/usbd_conf.c.obj
                0x08005a64                USBD_static_free
 .text.USBD_Get_USB_Status
                0x08005a66        0xc CMakeFiles/1550.dir/USB_DEVICE/Target/usbd_conf.c.obj
                0x08005a66                USBD_Get_USB_Status
 .text.USBD_LL_Start
                0x08005a72       0x12 CMakeFiles/1550.dir/USB_DEVICE/Target/usbd_conf.c.obj
                0x08005a72                USBD_LL_Start
 .text.USBD_LL_OpenEP
                0x08005a84       0x18 CMakeFiles/1550.dir/USB_DEVICE/Target/usbd_conf.c.obj
                0x08005a84                USBD_LL_OpenEP
 .text.USBD_LL_CloseEP
                0x08005a9c       0x12 CMakeFiles/1550.dir/USB_DEVICE/Target/usbd_conf.c.obj
                0x08005a9c                USBD_LL_CloseEP
 .text.USBD_LL_StallEP
                0x08005aae       0x12 CMakeFiles/1550.dir/USB_DEVICE/Target/usbd_conf.c.obj
                0x08005aae                USBD_LL_StallEP
 .text.USBD_LL_ClearStallEP
                0x08005ac0       0x12 CMakeFiles/1550.dir/USB_DEVICE/Target/usbd_conf.c.obj
                0x08005ac0                USBD_LL_ClearStallEP
 .text.USBD_LL_SetUSBAddress
                0x08005ad2       0x12 CMakeFiles/1550.dir/USB_DEVICE/Target/usbd_conf.c.obj
                0x08005ad2                USBD_LL_SetUSBAddress
 .text.USBD_LL_Transmit
                0x08005ae4       0x12 CMakeFiles/1550.dir/USB_DEVICE/Target/usbd_conf.c.obj
                0x08005ae4                USBD_LL_Transmit
 .text.USBD_LL_PrepareReceive
                0x08005af6       0x12 CMakeFiles/1550.dir/USB_DEVICE/Target/usbd_conf.c.obj
                0x08005af6                USBD_LL_PrepareReceive
 .text.MX_USB_DEVICE_Init
                0x08005b08       0x50 CMakeFiles/1550.dir/USB_DEVICE/App/usb_device.c.obj
                0x08005b08                MX_USB_DEVICE_Init
 .text.USBD_HS_DeviceDescriptor
                0x08005b58        0xc CMakeFiles/1550.dir/USB_DEVICE/App/usbd_desc.c.obj
                0x08005b58                USBD_HS_DeviceDescriptor
 .text.USBD_HS_LangIDStrDescriptor
                0x08005b64        0xc CMakeFiles/1550.dir/USB_DEVICE/App/usbd_desc.c.obj
                0x08005b64                USBD_HS_LangIDStrDescriptor
 .text.IntToUnicode
                0x08005b70       0x2a CMakeFiles/1550.dir/USB_DEVICE/App/usbd_desc.c.obj
 *fill*         0x08005b9a        0x2 
 .text.USBD_HS_SerialStrDescriptor
                0x08005b9c       0x3c CMakeFiles/1550.dir/USB_DEVICE/App/usbd_desc.c.obj
                0x08005b9c                USBD_HS_SerialStrDescriptor
 .text.USBD_HS_ManufacturerStrDescriptor
                0x08005bd8       0x18 CMakeFiles/1550.dir/USB_DEVICE/App/usbd_desc.c.obj
                0x08005bd8                USBD_HS_ManufacturerStrDescriptor
 .text.USBD_HS_ProductStrDescriptor
                0x08005bf0       0x18 CMakeFiles/1550.dir/USB_DEVICE/App/usbd_desc.c.obj
                0x08005bf0                USBD_HS_ProductStrDescriptor
 .text.USBD_HS_ConfigStrDescriptor
                0x08005c08       0x18 CMakeFiles/1550.dir/USB_DEVICE/App/usbd_desc.c.obj
                0x08005c08                USBD_HS_ConfigStrDescriptor
 .text.USBD_HS_InterfaceStrDescriptor
                0x08005c20       0x18 CMakeFiles/1550.dir/USB_DEVICE/App/usbd_desc.c.obj
                0x08005c20                USBD_HS_InterfaceStrDescriptor
 .text.CDC_DeInit_HS
                0x08005c38        0x4 CMakeFiles/1550.dir/USB_DEVICE/App/usbd_cdc_if.c.obj
 .text.CDC_Control_HS
                0x08005c3c        0x4 CMakeFiles/1550.dir/USB_DEVICE/App/usbd_cdc_if.c.obj
 .text.CDC_TransmitCplt_HS
                0x08005c40        0xa CMakeFiles/1550.dir/USB_DEVICE/App/usbd_cdc_if.c.obj
 *fill*         0x08005c4a        0x2 
 .text.CDC_Receive_HS
                0x08005c4c       0x20 CMakeFiles/1550.dir/USB_DEVICE/App/usbd_cdc_if.c.obj
 .text.CDC_Init_HS
                0x08005c6c       0x28 CMakeFiles/1550.dir/USB_DEVICE/App/usbd_cdc_if.c.obj
 .text.CDC_Transmit_HS
                0x08005c94       0x2c CMakeFiles/1550.dir/USB_DEVICE/App/usbd_cdc_if.c.obj
                0x08005c94                CDC_Transmit_HS
 .text.SystemClock_Config
                0x08005cc0       0xa4 CMakeFiles/1550.dir/Core/Src/main.c.obj
                0x08005cc0                SystemClock_Config
 .text.PeriphCommonClock_Config
                0x08005d64       0x2a CMakeFiles/1550.dir/Core/Src/main.c.obj
                0x08005d64                PeriphCommonClock_Config
 *fill*         0x08005d8e        0x2 
 .text.startup.main
                0x08005d90      0x280 CMakeFiles/1550.dir/Core/Src/main.c.obj
                0x08005d90                main
 .text.HAL_I2C_MemRxCpltCallback
                0x08006010       0x14 CMakeFiles/1550.dir/Core/Src/main.c.obj
                0x08006010                HAL_I2C_MemRxCpltCallback
 .text.HAL_TIM_PeriodElapsedCallback
                0x08006024       0x20 CMakeFiles/1550.dir/Core/Src/main.c.obj
                0x08006024                HAL_TIM_PeriodElapsedCallback
 .text.Error_Handler
                0x08006044        0x4 CMakeFiles/1550.dir/Core/Src/main.c.obj
                0x08006044                Error_Handler
 .text.NMI_Handler
                0x08006048        0x2 CMakeFiles/1550.dir/Core/Src/stm32f4xx_it.c.obj
                0x08006048                NMI_Handler
 .text.HardFault_Handler
                0x0800604a        0x2 CMakeFiles/1550.dir/Core/Src/stm32f4xx_it.c.obj
                0x0800604a                HardFault_Handler
 .text.MemManage_Handler
                0x0800604c        0x2 CMakeFiles/1550.dir/Core/Src/stm32f4xx_it.c.obj
                0x0800604c                MemManage_Handler
 .text.BusFault_Handler
                0x0800604e        0x2 CMakeFiles/1550.dir/Core/Src/stm32f4xx_it.c.obj
                0x0800604e                BusFault_Handler
 .text.UsageFault_Handler
                0x08006050        0x2 CMakeFiles/1550.dir/Core/Src/stm32f4xx_it.c.obj
                0x08006050                UsageFault_Handler
 .text.SVC_Handler
                0x08006052        0x2 CMakeFiles/1550.dir/Core/Src/stm32f4xx_it.c.obj
                0x08006052                SVC_Handler
 .text.DebugMon_Handler
                0x08006054        0x2 CMakeFiles/1550.dir/Core/Src/stm32f4xx_it.c.obj
                0x08006054                DebugMon_Handler
 .text.PendSV_Handler
                0x08006056        0x2 CMakeFiles/1550.dir/Core/Src/stm32f4xx_it.c.obj
                0x08006056                PendSV_Handler
 .text.SysTick_Handler
                0x08006058        0x2 CMakeFiles/1550.dir/Core/Src/stm32f4xx_it.c.obj
                0x08006058                SysTick_Handler
 *fill*         0x0800605a        0x2 
 .text.EXTI2_IRQHandler
                0x0800605c       0x34 CMakeFiles/1550.dir/Core/Src/stm32f4xx_it.c.obj
                0x0800605c                EXTI2_IRQHandler
 .text.DMA1_Stream2_IRQHandler
                0x08006090        0xc CMakeFiles/1550.dir/Core/Src/stm32f4xx_it.c.obj
                0x08006090                DMA1_Stream2_IRQHandler
 .text.TIM1_UP_TIM10_IRQHandler
                0x0800609c        0xc CMakeFiles/1550.dir/Core/Src/stm32f4xx_it.c.obj
                0x0800609c                TIM1_UP_TIM10_IRQHandler
 .text.I2C2_EV_IRQHandler
                0x080060a8        0xc CMakeFiles/1550.dir/Core/Src/stm32f4xx_it.c.obj
                0x080060a8                I2C2_EV_IRQHandler
 .text.I2C2_ER_IRQHandler
                0x080060b4        0xc CMakeFiles/1550.dir/Core/Src/stm32f4xx_it.c.obj
                0x080060b4                I2C2_ER_IRQHandler
 .text.TIM6_DAC_IRQHandler
                0x080060c0       0x1c CMakeFiles/1550.dir/Core/Src/stm32f4xx_it.c.obj
                0x080060c0                TIM6_DAC_IRQHandler
 .text.DMA2_Stream6_IRQHandler
                0x080060dc        0x4 CMakeFiles/1550.dir/Core/Src/stm32f4xx_it.c.obj
                0x080060dc                DMA2_Stream6_IRQHandler
 .text.OTG_HS_IRQHandler
                0x080060e0        0xc CMakeFiles/1550.dir/Core/Src/stm32f4xx_it.c.obj
                0x080060e0                OTG_HS_IRQHandler
 .text.HAL_MspInit
                0x080060ec       0x38 CMakeFiles/1550.dir/Core/Src/stm32f4xx_hal_msp.c.obj
                0x080060ec                HAL_MspInit
 .text.HAL_DAC_MspInit
                0x08006124       0x74 CMakeFiles/1550.dir/Core/Src/stm32f4xx_hal_msp.c.obj
                0x08006124                HAL_DAC_MspInit
 .text.HAL_I2C_MspInit
                0x08006198       0xc4 CMakeFiles/1550.dir/Core/Src/stm32f4xx_hal_msp.c.obj
                0x08006198                HAL_I2C_MspInit
 .text.HAL_SPI_MspInit
                0x0800625c       0xa8 CMakeFiles/1550.dir/Core/Src/stm32f4xx_hal_msp.c.obj
                0x0800625c                HAL_SPI_MspInit
 .text.HAL_TIM_Base_MspInit
                0x08006304       0x44 CMakeFiles/1550.dir/Core/Src/stm32f4xx_hal_msp.c.obj
                0x08006304                HAL_TIM_Base_MspInit
 .text.HAL_InitTick
                0x08006348       0x94 CMakeFiles/1550.dir/Core/Src/stm32f4xx_hal_timebase_tim.c.obj
                0x08006348                HAL_InitTick
 .text._sbrk    0x080063dc       0x3c CMakeFiles/1550.dir/Core/Src/sysmem.c.obj
                0x080063dc                _sbrk
 .text._getpid  0x08006418        0x4 CMakeFiles/1550.dir/Core/Src/syscalls.c.obj
                0x08006418                _getpid
 .text._kill    0x0800641c       0x10 CMakeFiles/1550.dir/Core/Src/syscalls.c.obj
                0x0800641c                _kill
 .text._exit    0x0800642c        0xc CMakeFiles/1550.dir/Core/Src/syscalls.c.obj
                0x0800642c                _exit
 .text._read    0x08006438       0x1c CMakeFiles/1550.dir/Core/Src/syscalls.c.obj
                0x08006438                _read
 .text._write   0x08006454       0x1c CMakeFiles/1550.dir/Core/Src/syscalls.c.obj
                0x08006454                _write
 .text._close   0x08006470        0x6 CMakeFiles/1550.dir/Core/Src/syscalls.c.obj
                0x08006470                _close
 .text._fstat   0x08006476        0xa CMakeFiles/1550.dir/Core/Src/syscalls.c.obj
                0x08006476                _fstat
 .text._isatty  0x08006480        0x4 CMakeFiles/1550.dir/Core/Src/syscalls.c.obj
                0x08006480                _isatty
 .text._lseek   0x08006484        0x4 CMakeFiles/1550.dir/Core/Src/syscalls.c.obj
                0x08006484                _lseek
 .text.Reset_Handler
                0x08006488       0x50 CMakeFiles/1550.dir/startup_stm32f429xx.s.obj
                0x08006488                Reset_Handler
 .text.Default_Handler
                0x080064d8        0x2 CMakeFiles/1550.dir/startup_stm32f429xx.s.obj
                0x080064d8                RTC_Alarm_IRQHandler
                0x080064d8                HASH_RNG_IRQHandler
                0x080064d8                TIM8_CC_IRQHandler
                0x080064d8                UART8_IRQHandler
                0x080064d8                SPI4_IRQHandler
                0x080064d8                TIM1_CC_IRQHandler
                0x080064d8                DMA2_Stream5_IRQHandler
                0x080064d8                DMA1_Stream5_IRQHandler
                0x080064d8                PVD_IRQHandler
                0x080064d8                SDIO_IRQHandler
                0x080064d8                TAMP_STAMP_IRQHandler
                0x080064d8                CAN2_RX1_IRQHandler
                0x080064d8                EXTI3_IRQHandler
                0x080064d8                TIM8_TRG_COM_TIM14_IRQHandler
                0x080064d8                TIM8_UP_TIM13_IRQHandler
                0x080064d8                I2C3_ER_IRQHandler
                0x080064d8                EXTI0_IRQHandler
                0x080064d8                CAN1_RX0_IRQHandler
                0x080064d8                FPU_IRQHandler
                0x080064d8                OTG_HS_WKUP_IRQHandler
                0x080064d8                LTDC_ER_IRQHandler
                0x080064d8                CAN2_SCE_IRQHandler
                0x080064d8                DMA2_Stream2_IRQHandler
                0x080064d8                SPI1_IRQHandler
                0x080064d8                TIM1_BRK_TIM9_IRQHandler
                0x080064d8                DCMI_IRQHandler
                0x080064d8                CAN2_RX0_IRQHandler
                0x080064d8                DMA2_Stream3_IRQHandler
                0x080064d8                USART6_IRQHandler
                0x080064d8                USART3_IRQHandler
                0x080064d8                CAN1_RX1_IRQHandler
                0x080064d8                UART5_IRQHandler
                0x080064d8                DMA2_Stream0_IRQHandler
                0x080064d8                TIM4_IRQHandler
                0x080064d8                I2C1_EV_IRQHandler
                0x080064d8                DMA1_Stream6_IRQHandler
                0x080064d8                DMA1_Stream1_IRQHandler
                0x080064d8                UART4_IRQHandler
                0x080064d8                TIM3_IRQHandler
                0x080064d8                RCC_IRQHandler
                0x080064d8                TIM8_BRK_TIM12_IRQHandler
                0x080064d8                Default_Handler
                0x080064d8                EXTI15_10_IRQHandler
                0x080064d8                ADC_IRQHandler
                0x080064d8                DMA1_Stream7_IRQHandler
                0x080064d8                SPI5_IRQHandler
                0x080064d8                TIM7_IRQHandler
                0x080064d8                CAN2_TX_IRQHandler
                0x080064d8                TIM5_IRQHandler
                0x080064d8                DMA2_Stream7_IRQHandler
                0x080064d8                I2C3_EV_IRQHandler
                0x080064d8                EXTI9_5_IRQHandler
                0x080064d8                RTC_WKUP_IRQHandler
                0x080064d8                LTDC_IRQHandler
                0x080064d8                ETH_WKUP_IRQHandler
                0x080064d8                SPI2_IRQHandler
                0x080064d8                OTG_HS_EP1_IN_IRQHandler
                0x080064d8                DMA1_Stream0_IRQHandler
                0x080064d8                CAN1_TX_IRQHandler
                0x080064d8                EXTI4_IRQHandler
                0x080064d8                ETH_IRQHandler
                0x080064d8                OTG_HS_EP1_OUT_IRQHandler
                0x080064d8                WWDG_IRQHandler
                0x080064d8                SPI6_IRQHandler
                0x080064d8                TIM2_IRQHandler
                0x080064d8                OTG_FS_WKUP_IRQHandler
                0x080064d8                TIM1_TRG_COM_TIM11_IRQHandler
                0x080064d8                DMA2D_IRQHandler
                0x080064d8                EXTI1_IRQHandler
                0x080064d8                UART7_IRQHandler
                0x080064d8                USART2_IRQHandler
                0x080064d8                DMA2_Stream1_IRQHandler
                0x080064d8                CAN1_SCE_IRQHandler
                0x080064d8                FLASH_IRQHandler
                0x080064d8                DMA2_Stream4_IRQHandler
                0x080064d8                USART1_IRQHandler
                0x080064d8                OTG_FS_IRQHandler
                0x080064d8                SPI3_IRQHandler
                0x080064d8                DMA1_Stream4_IRQHandler
                0x080064d8                I2C1_ER_IRQHandler
                0x080064d8                FMC_IRQHandler
                0x080064d8                SAI1_IRQHandler
                0x080064d8                DMA1_Stream3_IRQHandler
 *fill*         0x080064da        0x2 
 .text.WriteDAC1
                0x080064dc       0x24 CMakeFiles/1550.dir/App/Src/thermal_control.c.obj
 .text.Thermal_Init
                0x08006500       0xb8 CMakeFiles/1550.dir/App/Src/thermal_control.c.obj
                0x08006500                Thermal_Init
 .text.Thermal_Start
                0x080065b8       0x34 CMakeFiles/1550.dir/App/Src/thermal_control.c.obj
                0x080065b8                Thermal_Start
 .text.Thermal_Stop
                0x080065ec       0x30 CMakeFiles/1550.dir/App/Src/thermal_control.c.obj
                0x080065ec                Thermal_Stop
 .text.Thermal_SetTarget
                0x0800661c        0xc CMakeFiles/1550.dir/App/Src/thermal_control.c.obj
                0x0800661c                Thermal_SetTarget
 .text.Thermal_SetPIDGains
                0x08006628       0x14 CMakeFiles/1550.dir/App/Src/thermal_control.c.obj
                0x08006628                Thermal_SetPIDGains
 .text.Thermal_GetPIDGains
                0x0800663c       0x20 CMakeFiles/1550.dir/App/Src/thermal_control.c.obj
                0x0800663c                Thermal_GetPIDGains
 .text.Thermal_GetTemperature
                0x0800665c        0xc CMakeFiles/1550.dir/App/Src/thermal_control.c.obj
                0x0800665c                Thermal_GetTemperature
 .text.Thermal_GetTECOutput
                0x08006668        0xc CMakeFiles/1550.dir/App/Src/thermal_control.c.obj
                0x08006668                Thermal_GetTECOutput
 .text.Thermal_IsStable
                0x08006674       0x44 CMakeFiles/1550.dir/App/Src/thermal_control.c.obj
                0x08006674                Thermal_IsStable
 .text.Thermal_TIM6_Handler
                0x080066b8       0x24 CMakeFiles/1550.dir/App/Src/thermal_control.c.obj
                0x080066b8                Thermal_TIM6_Handler
 .text.Thermal_I2C_DMAComplete_Handler
                0x080066dc      0x1c0 CMakeFiles/1550.dir/App/Src/thermal_control.c.obj
                0x080066dc                Thermal_I2C_DMAComplete_Handler
 .text.WriteDACFireAndForget
                0x0800689c       0xb0 CMakeFiles/1550.dir/App/Src/laser_current.c.obj
 .text.Laser_SetRunCurrent
                0x0800694c       0x44 CMakeFiles/1550.dir/App/Src/laser_current.c.obj
                0x0800694c                Laser_SetRunCurrent
 .text.Laser_TurnOn
                0x08006990       0x28 CMakeFiles/1550.dir/App/Src/laser_current.c.obj
                0x08006990                Laser_TurnOn
 .text.Laser_Init
                0x080069b8       0x68 CMakeFiles/1550.dir/App/Src/laser_current.c.obj
                0x080069b8                Laser_Init
 .text.Laser_TurnOff
                0x08006a20       0x18 CMakeFiles/1550.dir/App/Src/laser_current.c.obj
                0x08006a20                Laser_TurnOff
 .text.LaserCurrent_NotifyThermalError
                0x08006a38        0x4 CMakeFiles/1550.dir/App/Src/laser_current.c.obj
                0x08006a38                LaserCurrent_NotifyThermalError
 .text.Laser_DAC_DMA_Handler
                0x08006a3c       0x1c CMakeFiles/1550.dir/App/Src/laser_current.c.obj
                0x08006a3c                Laser_DAC_DMA_Handler
 .text.str_icmp
                0x08006a58       0x34 CMakeFiles/1550.dir/App/Src/usb_comm.c.obj
 .text.QueueEcho
                0x08006a8c       0x2c CMakeFiles/1550.dir/App/Src/usb_comm.c.obj
 .text.str_nicmp.part.0.constprop.0
                0x08006ab8       0x52 CMakeFiles/1550.dir/App/Src/usb_comm.c.obj
 *fill*         0x08006b0a        0x2 
 .text.USB_Comm_Init
                0x08006b0c       0x7c CMakeFiles/1550.dir/App/Src/usb_comm.c.obj
                0x08006b0c                USB_Comm_Init
 .text.USB_Comm_ReceiveFromISR
                0x08006b88       0xe8 CMakeFiles/1550.dir/App/Src/usb_comm.c.obj
                0x08006b88                USB_Comm_ReceiveFromISR
 .text.USB_Comm_FlushTx
                0x08006c70       0x80 CMakeFiles/1550.dir/App/Src/usb_comm.c.obj
                0x08006c70                USB_Comm_FlushTx
 .text.USB_Comm_SendData
                0x08006cf0       0x4c CMakeFiles/1550.dir/App/Src/usb_comm.c.obj
                0x08006cf0                USB_Comm_SendData
 .text.USB_Comm_SendMessage
                0x08006d3c       0x18 CMakeFiles/1550.dir/App/Src/usb_comm.c.obj
                0x08006d3c                USB_Comm_SendMessage
 .text.USB_Comm_Process
                0x08006d54      0x58c CMakeFiles/1550.dir/App/Src/usb_comm.c.obj
                0x08006d54                USB_Comm_Process
 .text.USB_Comm_TxComplete
                0x080072e0       0x14 CMakeFiles/1550.dir/App/Src/usb_comm.c.obj
                0x080072e0                USB_Comm_TxComplete
 .text.__udivmoddi4
                0x080072f4      0x2f8 C:/PROGRA~2/ARMGNU~1/142BCE~1.3RE/bin/../lib/gcc/arm-none-eabi/14.3.1/thumb/v7e-m+fp/hard\libgcc.a(_udivmoddi4.o)
                0x080072f4                __udivmoddi4
 .text.atof     0x080075ec        0x6 C:/PROGRA~2/ARMGNU~1/142BCE~1.3RE/bin/../lib/gcc/arm-none-eabi/14.3.1/../../../../arm-none-eabi/lib/thumb/v7e-m+fp/hard\libg_nano.a(libc_a-atof.o)
                0x080075ec                atof
 .text.atoi     0x080075f2        0x8 C:/PROGRA~2/ARMGNU~1/142BCE~1.3RE/bin/../lib/gcc/arm-none-eabi/14.3.1/../../../../arm-none-eabi/lib/thumb/v7e-m+fp/hard\libg_nano.a(libc_a-atoi.o)
                0x080075f2                atoi
 .text.sulp     0x080075fa       0x3c C:/PROGRA~2/ARMGNU~1/142BCE~1.3RE/bin/../lib/gcc/arm-none-eabi/14.3.1/../../../../arm-none-eabi/lib/thumb/v7e-m+fp/hard\libg_nano.a(libc_a-strtod.o)
 *fill*         0x08007636        0x2 
 .text._strtod_l
                0x08007638      0xbb8 C:/PROGRA~2/ARMGNU~1/142BCE~1.3RE/bin/../lib/gcc/arm-none-eabi/14.3.1/../../../../arm-none-eabi/lib/thumb/v7e-m+fp/hard\libg_nano.a(libc_a-strtod.o)
                0x08007638                _strtod_l
 .text.strtod   0x080081f0       0x18 C:/PROGRA~2/ARMGNU~1/142BCE~1.3RE/bin/../lib/gcc/arm-none-eabi/14.3.1/../../../../arm-none-eabi/lib/thumb/v7e-m+fp/hard\libg_nano.a(libc_a-strtod.o)
                0x080081f0                strtod
 .text._strtol_l.isra.0
                0x08008208       0xf4 C:/PROGRA~2/ARMGNU~1/142BCE~1.3RE/bin/../lib/gcc/arm-none-eabi/14.3.1/../../../../arm-none-eabi/lib/thumb/v7e-m+fp/hard\libg_nano.a(libc_a-strtol.o)
 .text.strtol   0x080082fc       0x14 C:/PROGRA~2/ARMGNU~1/142BCE~1.3RE/bin/../lib/gcc/arm-none-eabi/14.3.1/../../../../arm-none-eabi/lib/thumb/v7e-m+fp/hard\libg_nano.a(libc_a-strtol.o)
                0x080082fc                strtol
 .text.__cvt    0x08008310       0xca C:/PROGRA~2/ARMGNU~1/142BCE~1.3RE/bin/../lib/gcc/arm-none-eabi/14.3.1/../../../../arm-none-eabi/lib/thumb/v7e-m+fp/hard\libg_nano.a(libc_a-nano-vfprintf_float.o)
                0x08008310                __cvt
 .text.__exponent
                0x080083da       0x74 C:/PROGRA~2/ARMGNU~1/142BCE~1.3RE/bin/../lib/gcc/arm-none-eabi/14.3.1/../../../../arm-none-eabi/lib/thumb/v7e-m+fp/hard\libg_nano.a(libc_a-nano-vfprintf_float.o)
                0x080083da                __exponent
 *fill*         0x0800844e        0x2 
 .text._printf_float
                0x08008450      0x450 C:/PROGRA~2/ARMGNU~1/142BCE~1.3RE/bin/../lib/gcc/arm-none-eabi/14.3.1/../../../../arm-none-eabi/lib/thumb/v7e-m+fp/hard\libg_nano.a(libc_a-nano-vfprintf_float.o)
                0x08008450                _printf_float
 .text._printf_common
                0x080088a0       0xda C:/PROGRA~2/ARMGNU~1/142BCE~1.3RE/bin/../lib/gcc/arm-none-eabi/14.3.1/../../../../arm-none-eabi/lib/thumb/v7e-m+fp/hard\libg_nano.a(libc_a-nano-vfprintf_i.o)
                0x080088a0                _printf_common
 *fill*         0x0800897a        0x2 
 .text._printf_i
                0x0800897c      0x24c C:/PROGRA~2/ARMGNU~1/142BCE~1.3RE/bin/../lib/gcc/arm-none-eabi/14.3.1/../../../../arm-none-eabi/lib/thumb/v7e-m+fp/hard\libg_nano.a(libc_a-nano-vfprintf_i.o)
                0x0800897c                _printf_i
 .text.std      0x08008bc8       0x6c C:/PROGRA~2/ARMGNU~1/142BCE~1.3RE/bin/../lib/gcc/arm-none-eabi/14.3.1/../../../../arm-none-eabi/lib/thumb/v7e-m+fp/hard\libg_nano.a(libc_a-findfp.o)
 .text.stdio_exit_handler
                0x08008c34       0x18 C:/PROGRA~2/ARMGNU~1/142BCE~1.3RE/bin/../lib/gcc/arm-none-eabi/14.3.1/../../../../arm-none-eabi/lib/thumb/v7e-m+fp/hard\libg_nano.a(libc_a-findfp.o)
 .text.cleanup_stdio
                0x08008c4c       0x40 C:/PROGRA~2/ARMGNU~1/142BCE~1.3RE/bin/../lib/gcc/arm-none-eabi/14.3.1/../../../../arm-none-eabi/lib/thumb/v7e-m+fp/hard\libg_nano.a(libc_a-findfp.o)
 .text.global_stdio_init.part.0
                0x08008c8c       0x40 C:/PROGRA~2/ARMGNU~1/142BCE~1.3RE/bin/../lib/gcc/arm-none-eabi/14.3.1/../../../../arm-none-eabi/lib/thumb/v7e-m+fp/hard\libg_nano.a(libc_a-findfp.o)
 .text.__sfp_lock_acquire
                0x08008ccc        0xc C:/PROGRA~2/ARMGNU~1/142BCE~1.3RE/bin/../lib/gcc/arm-none-eabi/14.3.1/../../../../arm-none-eabi/lib/thumb/v7e-m+fp/hard\libg_nano.a(libc_a-findfp.o)
                0x08008ccc                __sfp_lock_acquire
 .text.__sfp_lock_release
                0x08008cd8        0xc C:/PROGRA~2/ARMGNU~1/142BCE~1.3RE/bin/../lib/gcc/arm-none-eabi/14.3.1/../../../../arm-none-eabi/lib/thumb/v7e-m+fp/hard\libg_nano.a(libc_a-findfp.o)
                0x08008cd8                __sfp_lock_release
 .text.__sinit  0x08008ce4       0x30 C:/PROGRA~2/ARMGNU~1/142BCE~1.3RE/bin/../lib/gcc/arm-none-eabi/14.3.1/../../../../arm-none-eabi/lib/thumb/v7e-m+fp/hard\libg_nano.a(libc_a-findfp.o)
                0x08008ce4                __sinit
 .text._fwalk_sglue
                0x08008d14       0x3c C:/PROGRA~2/ARMGNU~1/142BCE~1.3RE/bin/../lib/gcc/arm-none-eabi/14.3.1/../../../../arm-none-eabi/lib/thumb/v7e-m+fp/hard\libg_nano.a(libc_a-fwalk.o)
                0x08008d14                _fwalk_sglue
 .text.snprintf
                0x08008d50       0x6c C:/PROGRA~2/ARMGNU~1/142BCE~1.3RE/bin/../lib/gcc/arm-none-eabi/14.3.1/../../../../arm-none-eabi/lib/thumb/v7e-m+fp/hard\libg_nano.a(libc_a-snprintf.o)
                0x08008d50                sniprintf
                0x08008d50                snprintf
 .text.__sread  0x08008dbc       0x22 C:/PROGRA~2/ARMGNU~1/142BCE~1.3RE/bin/../lib/gcc/arm-none-eabi/14.3.1/../../../../arm-none-eabi/lib/thumb/v7e-m+fp/hard\libg_nano.a(libc_a-stdio.o)
                0x08008dbc                __sread
 .text.__swrite
                0x08008dde       0x38 C:/PROGRA~2/ARMGNU~1/142BCE~1.3RE/bin/../lib/gcc/arm-none-eabi/14.3.1/../../../../arm-none-eabi/lib/thumb/v7e-m+fp/hard\libg_nano.a(libc_a-stdio.o)
                0x08008dde                __swrite
 .text.__sseek  0x08008e16       0x26 C:/PROGRA~2/ARMGNU~1/142BCE~1.3RE/bin/../lib/gcc/arm-none-eabi/14.3.1/../../../../arm-none-eabi/lib/thumb/v7e-m+fp/hard\libg_nano.a(libc_a-stdio.o)
                0x08008e16                __sseek
 .text.__sclose
                0x08008e3c        0x8 C:/PROGRA~2/ARMGNU~1/142BCE~1.3RE/bin/../lib/gcc/arm-none-eabi/14.3.1/../../../../arm-none-eabi/lib/thumb/v7e-m+fp/hard\libg_nano.a(libc_a-stdio.o)
                0x08008e3c                __sclose
 .text.memset   0x08008e44       0x10 C:/PROGRA~2/ARMGNU~1/142BCE~1.3RE/bin/../lib/gcc/arm-none-eabi/14.3.1/../../../../arm-none-eabi/lib/thumb/v7e-m+fp/hard\libg_nano.a(libc_a-memset.o)
                0x08008e44                memset
 .text.strchr   0x08008e54       0x1a C:/PROGRA~2/ARMGNU~1/142BCE~1.3RE/bin/../lib/gcc/arm-none-eabi/14.3.1/../../../../arm-none-eabi/lib/thumb/v7e-m+fp/hard\libg_nano.a(libc_a-strchr.o)
                0x08008e54                strchr
 .text.strncmp  0x08008e6e       0x24 C:/PROGRA~2/ARMGNU~1/142BCE~1.3RE/bin/../lib/gcc/arm-none-eabi/14.3.1/../../../../arm-none-eabi/lib/thumb/v7e-m+fp/hard\libg_nano.a(libc_a-strncmp.o)
                0x08008e6e                strncmp
 *fill*         0x08008e92        0x2 
 .text.strtok   0x08008e94       0x7c C:/PROGRA~2/ARMGNU~1/142BCE~1.3RE/bin/../lib/gcc/arm-none-eabi/14.3.1/../../../../arm-none-eabi/lib/thumb/v7e-m+fp/hard\libg_nano.a(libc_a-strtok.o)
                0x08008e94                strtok
 .text.__strtok_r
                0x08008f10       0x50 C:/PROGRA~2/ARMGNU~1/142BCE~1.3RE/bin/../lib/gcc/arm-none-eabi/14.3.1/../../../../arm-none-eabi/lib/thumb/v7e-m+fp/hard\libg_nano.a(libc_a-strtok_r.o)
                0x08008f10                __strtok_r
 .text._localeconv_r
                0x08008f60        0x8 C:/PROGRA~2/ARMGNU~1/142BCE~1.3RE/bin/../lib/gcc/arm-none-eabi/14.3.1/../../../../arm-none-eabi/lib/thumb/v7e-m+fp/hard\libg_nano.a(libc_a-localeconv.o)
                0x08008f60                _localeconv_r
 .text._close_r
                0x08008f68       0x20 C:/PROGRA~2/ARMGNU~1/142BCE~1.3RE/bin/../lib/gcc/arm-none-eabi/14.3.1/../../../../arm-none-eabi/lib/thumb/v7e-m+fp/hard\libg_nano.a(libc_a-closer.o)
                0x08008f68                _close_r
 .text._lseek_r
                0x08008f88       0x24 C:/PROGRA~2/ARMGNU~1/142BCE~1.3RE/bin/../lib/gcc/arm-none-eabi/14.3.1/../../../../arm-none-eabi/lib/thumb/v7e-m+fp/hard\libg_nano.a(libc_a-lseekr.o)
                0x08008f88                _lseek_r
 .text._read_r  0x08008fac       0x24 C:/PROGRA~2/ARMGNU~1/142BCE~1.3RE/bin/../lib/gcc/arm-none-eabi/14.3.1/../../../../arm-none-eabi/lib/thumb/v7e-m+fp/hard\libg_nano.a(libc_a-readr.o)
                0x08008fac                _read_r
 .text._write_r
                0x08008fd0       0x24 C:/PROGRA~2/ARMGNU~1/142BCE~1.3RE/bin/../lib/gcc/arm-none-eabi/14.3.1/../../../../arm-none-eabi/lib/thumb/v7e-m+fp/hard\libg_nano.a(libc_a-writer.o)
                0x08008fd0                _write_r
 .text.__errno  0x08008ff4        0xc C:/PROGRA~2/ARMGNU~1/142BCE~1.3RE/bin/../lib/gcc/arm-none-eabi/14.3.1/../../../../arm-none-eabi/lib/thumb/v7e-m+fp/hard\libg_nano.a(libc_a-errno.o)
                0x08008ff4                __errno
 .text.__libc_init_array
                0x08009000       0x48 C:/PROGRA~2/ARMGNU~1/142BCE~1.3RE/bin/../lib/gcc/arm-none-eabi/14.3.1/../../../../arm-none-eabi/lib/thumb/v7e-m+fp/hard\libg_nano.a(libc_a-init.o)
                0x08009000                __libc_init_array
 .text.__retarget_lock_init_recursive
                0x08009048        0x2 C:/PROGRA~2/ARMGNU~1/142BCE~1.3RE/bin/../lib/gcc/arm-none-eabi/14.3.1/../../../../arm-none-eabi/lib/thumb/v7e-m+fp/hard\libg_nano.a(libc_a-lock.o)
                0x08009048                __retarget_lock_init_recursive
 .text.__retarget_lock_acquire_recursive
                0x0800904a        0x2 C:/PROGRA~2/ARMGNU~1/142BCE~1.3RE/bin/../lib/gcc/arm-none-eabi/14.3.1/../../../../arm-none-eabi/lib/thumb/v7e-m+fp/hard\libg_nano.a(libc_a-lock.o)
                0x0800904a                __retarget_lock_acquire_recursive
 .text.__retarget_lock_release_recursive
                0x0800904c        0x2 C:/PROGRA~2/ARMGNU~1/142BCE~1.3RE/bin/../lib/gcc/arm-none-eabi/14.3.1/../../../../arm-none-eabi/lib/thumb/v7e-m+fp/hard\libg_nano.a(libc_a-lock.o)
                0x0800904c                __retarget_lock_release_recursive
 .text.memcpy   0x0800904e       0x1c C:/PROGRA~2/ARMGNU~1/142BCE~1.3RE/bin/../lib/gcc/arm-none-eabi/14.3.1/../../../../arm-none-eabi/lib/thumb/v7e-m+fp/hard\libg_nano.a(libc_a-memcpy-stub.o)
                0x0800904e                memcpy
 *fill*         0x0800906a        0x6 
 .text.nan      0x08009070       0x10 C:/PROGRA~2/ARMGNU~1/142BCE~1.3RE/bin/../lib/gcc/arm-none-eabi/14.3.1/../../../../arm-none-eabi/lib/thumb/v7e-m+fp/hard\libg_nano.a(libm_a-s_nan.o)
                0x08009070                nan
 .text.__assert_func
                0x08009080       0x3c C:/PROGRA~2/ARMGNU~1/142BCE~1.3RE/bin/../lib/gcc/arm-none-eabi/14.3.1/../../../../arm-none-eabi/lib/thumb/v7e-m+fp/hard\libg_nano.a(libc_a-assert.o)
                0x08009080                __assert_func
 .text.quorem   0x080090bc      0x110 C:/PROGRA~2/ARMGNU~1/142BCE~1.3RE/bin/../lib/gcc/arm-none-eabi/14.3.1/../../../../arm-none-eabi/lib/thumb/v7e-m+fp/hard\libg_nano.a(libc_a-dtoa.o)
 *fill*         0x080091cc        0x4 
 .text._dtoa_r  0x080091d0      0xbb8 C:/PROGRA~2/ARMGNU~1/142BCE~1.3RE/bin/../lib/gcc/arm-none-eabi/14.3.1/../../../../arm-none-eabi/lib/thumb/v7e-m+fp/hard\libg_nano.a(libc_a-dtoa.o)
                0x080091d0                _dtoa_r
 .text._free_r  0x08009d88       0x94 C:/PROGRA~2/ARMGNU~1/142BCE~1.3RE/bin/../lib/gcc/arm-none-eabi/14.3.1/../../../../arm-none-eabi/lib/thumb/v7e-m+fp/hard\libg_nano.a(libc_a-freer.o)
                0x08009d88                _free_r
 .text.rshift   0x08009e1c       0xa4 C:/PROGRA~2/ARMGNU~1/142BCE~1.3RE/bin/../lib/gcc/arm-none-eabi/14.3.1/../../../../arm-none-eabi/lib/thumb/v7e-m+fp/hard\libg_nano.a(libc_a-gdtoa-gethex.o)
 .text.__hexdig_fun
                0x08009ec0       0x2a C:/PROGRA~2/ARMGNU~1/142BCE~1.3RE/bin/../lib/gcc/arm-none-eabi/14.3.1/../../../../arm-none-eabi/lib/thumb/v7e-m+fp/hard\libg_nano.a(libc_a-gdtoa-gethex.o)
                0x08009ec0                __hexdig_fun
 *fill*         0x08009eea        0x2 
 .text.__gethex
                0x08009eec      0x420 C:/PROGRA~2/ARMGNU~1/142BCE~1.3RE/bin/../lib/gcc/arm-none-eabi/14.3.1/../../../../arm-none-eabi/lib/thumb/v7e-m+fp/hard\libg_nano.a(libc_a-gdtoa-gethex.o)
                0x08009eec                __gethex
 .text.L_shift  0x0800a30c       0x24 C:/PROGRA~2/ARMGNU~1/142BCE~1.3RE/bin/../lib/gcc/arm-none-eabi/14.3.1/../../../../arm-none-eabi/lib/thumb/v7e-m+fp/hard\libg_nano.a(libc_a-gdtoa-hexnan.o)
 .text.__match  0x0800a330       0x28 C:/PROGRA~2/ARMGNU~1/142BCE~1.3RE/bin/../lib/gcc/arm-none-eabi/14.3.1/../../../../arm-none-eabi/lib/thumb/v7e-m+fp/hard\libg_nano.a(libc_a-gdtoa-hexnan.o)
                0x0800a330                __match
 .text.__hexnan
                0x0800a358      0x13a C:/PROGRA~2/ARMGNU~1/142BCE~1.3RE/bin/../lib/gcc/arm-none-eabi/14.3.1/../../../../arm-none-eabi/lib/thumb/v7e-m+fp/hard\libg_nano.a(libc_a-gdtoa-hexnan.o)
                0x0800a358                __hexnan
 *fill*         0x0800a492        0x2 
 .text.malloc   0x0800a494       0x10 C:/PROGRA~2/ARMGNU~1/142BCE~1.3RE/bin/../lib/gcc/arm-none-eabi/14.3.1/../../../../arm-none-eabi/lib/thumb/v7e-m+fp/hard\libg_nano.a(libc_a-malloc.o)
                0x0800a494                malloc
 .text.sbrk_aligned
                0x0800a4a4       0x44 C:/PROGRA~2/ARMGNU~1/142BCE~1.3RE/bin/../lib/gcc/arm-none-eabi/14.3.1/../../../../arm-none-eabi/lib/thumb/v7e-m+fp/hard\libg_nano.a(libc_a-mallocr.o)
 .text._malloc_r
                0x0800a4e8      0x100 C:/PROGRA~2/ARMGNU~1/142BCE~1.3RE/bin/../lib/gcc/arm-none-eabi/14.3.1/../../../../arm-none-eabi/lib/thumb/v7e-m+fp/hard\libg_nano.a(libc_a-mallocr.o)
                0x0800a4e8                _malloc_r
 .text.__ascii_mbtowc
                0x0800a5e8       0x24 C:/PROGRA~2/ARMGNU~1/142BCE~1.3RE/bin/../lib/gcc/arm-none-eabi/14.3.1/../../../../arm-none-eabi/lib/thumb/v7e-m+fp/hard\libg_nano.a(libc_a-mbtowc_r.o)
                0x0800a5e8                __ascii_mbtowc
 .text.__malloc_lock
                0x0800a60c        0xc C:/PROGRA~2/ARMGNU~1/142BCE~1.3RE/bin/../lib/gcc/arm-none-eabi/14.3.1/../../../../arm-none-eabi/lib/thumb/v7e-m+fp/hard\libg_nano.a(libc_a-mlock.o)
                0x0800a60c                __malloc_lock
 .text.__malloc_unlock
                0x0800a618        0xc C:/PROGRA~2/ARMGNU~1/142BCE~1.3RE/bin/../lib/gcc/arm-none-eabi/14.3.1/../../../../arm-none-eabi/lib/thumb/v7e-m+fp/hard\libg_nano.a(libc_a-mlock.o)
                0x0800a618                __malloc_unlock
 .text._Balloc  0x0800a624       0x7c C:/PROGRA~2/ARMGNU~1/142BCE~1.3RE/bin/../lib/gcc/arm-none-eabi/14.3.1/../../../../arm-none-eabi/lib/thumb/v7e-m+fp/hard\libg_nano.a(libc_a-mprec.o)
                0x0800a624                _Balloc
 .text._Bfree   0x0800a6a0       0x44 C:/PROGRA~2/ARMGNU~1/142BCE~1.3RE/bin/../lib/gcc/arm-none-eabi/14.3.1/../../../../arm-none-eabi/lib/thumb/v7e-m+fp/hard\libg_nano.a(libc_a-mprec.o)
                0x0800a6a0                _Bfree
 .text.__multadd
                0x0800a6e4       0x8c C:/PROGRA~2/ARMGNU~1/142BCE~1.3RE/bin/../lib/gcc/arm-none-eabi/14.3.1/../../../../arm-none-eabi/lib/thumb/v7e-m+fp/hard\libg_nano.a(libc_a-mprec.o)
                0x0800a6e4                __multadd
 .text.__s2b    0x0800a770       0x94 C:/PROGRA~2/ARMGNU~1/142BCE~1.3RE/bin/../lib/gcc/arm-none-eabi/14.3.1/../../../../arm-none-eabi/lib/thumb/v7e-m+fp/hard\libg_nano.a(libc_a-mprec.o)
                0x0800a770                __s2b
 .text.__hi0bits
                0x0800a804       0x3e C:/PROGRA~2/ARMGNU~1/142BCE~1.3RE/bin/../lib/gcc/arm-none-eabi/14.3.1/../../../../arm-none-eabi/lib/thumb/v7e-m+fp/hard\libg_nano.a(libc_a-mprec.o)
                0x0800a804                __hi0bits
 .text.__lo0bits
                0x0800a842       0x5a C:/PROGRA~2/ARMGNU~1/142BCE~1.3RE/bin/../lib/gcc/arm-none-eabi/14.3.1/../../../../arm-none-eabi/lib/thumb/v7e-m+fp/hard\libg_nano.a(libc_a-mprec.o)
                0x0800a842                __lo0bits
 .text.__i2b    0x0800a89c       0x2c C:/PROGRA~2/ARMGNU~1/142BCE~1.3RE/bin/../lib/gcc/arm-none-eabi/14.3.1/../../../../arm-none-eabi/lib/thumb/v7e-m+fp/hard\libg_nano.a(libc_a-mprec.o)
                0x0800a89c                __i2b
 .text.__multiply
                0x0800a8c8      0x154 C:/PROGRA~2/ARMGNU~1/142BCE~1.3RE/bin/../lib/gcc/arm-none-eabi/14.3.1/../../../../arm-none-eabi/lib/thumb/v7e-m+fp/hard\libg_nano.a(libc_a-mprec.o)
                0x0800a8c8                __multiply
 .text.__pow5mult
                0x0800aa1c       0xb8 C:/PROGRA~2/ARMGNU~1/142BCE~1.3RE/bin/../lib/gcc/arm-none-eabi/14.3.1/../../../../arm-none-eabi/lib/thumb/v7e-m+fp/hard\libg_nano.a(libc_a-mprec.o)
                0x0800aa1c                __pow5mult
 .text.__lshift
                0x0800aad4       0xdc C:/PROGRA~2/ARMGNU~1/142BCE~1.3RE/bin/../lib/gcc/arm-none-eabi/14.3.1/../../../../arm-none-eabi/lib/thumb/v7e-m+fp/hard\libg_nano.a(libc_a-mprec.o)
                0x0800aad4                __lshift
 .text.__mcmp   0x0800abb0       0x36 C:/PROGRA~2/ARMGNU~1/142BCE~1.3RE/bin/../lib/gcc/arm-none-eabi/14.3.1/../../../../arm-none-eabi/lib/thumb/v7e-m+fp/hard\libg_nano.a(libc_a-mprec.o)
                0x0800abb0                __mcmp
 *fill*         0x0800abe6        0x2 
 .text.__mdiff  0x0800abe8      0x130 C:/PROGRA~2/ARMGNU~1/142BCE~1.3RE/bin/../lib/gcc/arm-none-eabi/14.3.1/../../../../arm-none-eabi/lib/thumb/v7e-m+fp/hard\libg_nano.a(libc_a-mprec.o)
                0x0800abe8                __mdiff
 .text.__ulp    0x0800ad18       0x4c C:/PROGRA~2/ARMGNU~1/142BCE~1.3RE/bin/../lib/gcc/arm-none-eabi/14.3.1/../../../../arm-none-eabi/lib/thumb/v7e-m+fp/hard\libg_nano.a(libc_a-mprec.o)
                0x0800ad18                __ulp
 .text.__b2d    0x0800ad64       0x94 C:/PROGRA~2/ARMGNU~1/142BCE~1.3RE/bin/../lib/gcc/arm-none-eabi/14.3.1/../../../../arm-none-eabi/lib/thumb/v7e-m+fp/hard\libg_nano.a(libc_a-mprec.o)
                0x0800ad64                __b2d
 .text.__d2b    0x0800adf8       0xb0 C:/PROGRA~2/ARMGNU~1/142BCE~1.3RE/bin/../lib/gcc/arm-none-eabi/14.3.1/../../../../arm-none-eabi/lib/thumb/v7e-m+fp/hard\libg_nano.a(libc_a-mprec.o)
                0x0800adf8                __d2b
 .text.__ratio  0x0800aea8       0x64 C:/PROGRA~2/ARMGNU~1/142BCE~1.3RE/bin/../lib/gcc/arm-none-eabi/14.3.1/../../../../arm-none-eabi/lib/thumb/v7e-m+fp/hard\libg_nano.a(libc_a-mprec.o)
                0x0800aea8                __ratio
 .text.__copybits
                0x0800af0c       0x46 C:/PROGRA~2/ARMGNU~1/142BCE~1.3RE/bin/../lib/gcc/arm-none-eabi/14.3.1/../../../../arm-none-eabi/lib/thumb/v7e-m+fp/hard\libg_nano.a(libc_a-mprec.o)
                0x0800af0c                __copybits
 .text.__any_on
                0x0800af52       0x42 C:/PROGRA~2/ARMGNU~1/142BCE~1.3RE/bin/../lib/gcc/arm-none-eabi/14.3.1/../../../../arm-none-eabi/lib/thumb/v7e-m+fp/hard\libg_nano.a(libc_a-mprec.o)
                0x0800af52                __any_on
 .text.__ascii_wctomb
                0x0800af94       0x1a C:/PROGRA~2/ARMGNU~1/142BCE~1.3RE/bin/../lib/gcc/arm-none-eabi/14.3.1/../../../../arm-none-eabi/lib/thumb/v7e-m+fp/hard\libg_nano.a(libc_a-wctomb_r.o)
                0x0800af94                __ascii_wctomb
 .text.__ssputs_r
                0x0800afae       0xc0 C:/PROGRA~2/ARMGNU~1/142BCE~1.3RE/bin/../lib/gcc/arm-none-eabi/14.3.1/../../../../arm-none-eabi/lib/thumb/v7e-m+fp/hard\libg_nano.a(libc_a-nano-svfprintf.o)
                0x0800afae                __ssputs_r
 *fill*         0x0800b06e        0x2 
 .text._svfprintf_r
                0x0800b070      0x1f0 C:/PROGRA~2/ARMGNU~1/142BCE~1.3RE/bin/../lib/gcc/arm-none-eabi/14.3.1/../../../../arm-none-eabi/lib/thumb/v7e-m+fp/hard\libg_nano.a(libc_a-nano-svfprintf.o)
                0x0800b070                _svfiprintf_r
                0x0800b070                _svfprintf_r
 .text.__sflush_r
                0x0800b260      0x104 C:/PROGRA~2/ARMGNU~1/142BCE~1.3RE/bin/../lib/gcc/arm-none-eabi/14.3.1/../../../../arm-none-eabi/lib/thumb/v7e-m+fp/hard\libg_nano.a(libc_a-fflush.o)
                0x0800b260                __sflush_r
 .text._fflush_r
                0x0800b364       0x50 C:/PROGRA~2/ARMGNU~1/142BCE~1.3RE/bin/../lib/gcc/arm-none-eabi/14.3.1/../../../../arm-none-eabi/lib/thumb/v7e-m+fp/hard\libg_nano.a(libc_a-fflush.o)
                0x0800b364                _fflush_r