Archive member included to satisfy reference by file (symbol)

C:/PROGRA~2/ARMGNU~1/142BCE~1.3RE/bin/../lib/gcc/arm-none-eabi/14.3.1/thumb/v7e-m+fp/hard\libgcc.a(_arm_addsubdf3.o)
                              CMakeFiles/1550.dir/App/Src/usb_comm.c.obj (__aeabi_f2d)
C:/PROGRA~2/ARMGNU~1/142BCE~1.3RE/bin/../lib/gcc/arm-none-eabi/14.3.1/thumb/v7e-m+fp/hard\libgcc.a(_arm_truncdfsf2.o)
                              CMakeFiles/1550.dir/App/Src/usb_comm.c.obj (__aeabi_d2f)
C:/PROGRA~2/ARMGNU~1/142BCE~1.3RE/bin/../lib/gcc/arm-none-eabi/14.3.1/thumb/v7e-m+fp/hard\libgcc.a(_aeabi_uldivmod.o)
                              cmake/stm32cubemx/CMakeFiles/STM32_Drivers.dir/__/__/Drivers/STM32F4xx_HAL_Driver/Src/stm32f4xx_hal_rcc.c.obj (__aeabi_uldivmod)
C:/PROGRA~2/ARMGNU~1/142BCE~1.3RE/bin/../lib/gcc/arm-none-eabi/14.3.1/thumb/v7e-m+fp/hard\libgcc.a(_udivmoddi4.o)
                              C:/PROGRA~2/ARMGNU~1/142BCE~1.3RE/bin/../lib/gcc/arm-none-eabi/14.3.1/thumb/v7e-m+fp/hard\libgcc.a(_aeabi_uldivmod.o) (__udivmoddi4)
C:/PROGRA~2/ARMGNU~1/142BCE~1.3RE/bin/../lib/gcc/arm-none-eabi/14.3.1/thumb/v7e-m+fp/hard\libgcc.a(_dvmd_tls.o)
                              C:/PROGRA~2/ARMGNU~1/142BCE~1.3RE/bin/../lib/gcc/arm-none-eabi/14.3.1/thumb/v7e-m+fp/hard\libgcc.a(_aeabi_uldivmod.o) (__aeabi_ldiv0)
C:/PROGRA~2/ARMGNU~1/142BCE~1.3RE/bin/../lib/gcc/arm-none-eabi/14.3.1/../../../../arm-none-eabi/lib/thumb/v7e-m+fp/hard\libg_nano.a(libc_a-atof.o)
                              CMakeFiles/1550.dir/App/Src/usb_comm.c.obj (atof)
C:/PROGRA~2/ARMGNU~1/142BCE~1.3RE/bin/../lib/gcc/arm-none-eabi/14.3.1/../../../../arm-none-eabi/lib/thumb/v7e-m+fp/hard\libg_nano.a(libc_a-atoi.o)
                              CMakeFiles/1550.dir/App/Src/usb_comm.c.obj (atoi)
C:/PROGRA~2/ARMGNU~1/142BCE~1.3RE/bin/../lib/gcc/arm-none-eabi/14.3.1/../../../../arm-none-eabi/lib/thumb/v7e-m+fp/hard\libg_nano.a(libc_a-exit.o)
                              C:/PROGRA~2/ARMGNU~1/142BCE~1.3RE/bin/../lib/gcc/arm-none-eabi/14.3.1/../../../../arm-none-eabi/lib/thumb/v7e-m+fp/hard/crt0.o (exit)
C:/PROGRA~2/ARMGNU~1/142BCE~1.3RE/bin/../lib/gcc/arm-none-eabi/14.3.1/../../../../arm-none-eabi/lib/thumb/v7e-m+fp/hard\libg_nano.a(libc_a-strtod.o)
                              C:/PROGRA~2/ARMGNU~1/142BCE~1.3RE/bin/../lib/gcc/arm-none-eabi/14.3.1/../../../../arm-none-eabi/lib/thumb/v7e-m+fp/hard\libg_nano.a(libc_a-atof.o) (strtod)
C:/PROGRA~2/ARMGNU~1/142BCE~1.3RE/bin/../lib/gcc/arm-none-eabi/14.3.1/../../../../arm-none-eabi/lib/thumb/v7e-m+fp/hard\libg_nano.a(libc_a-strtol.o)
                              C:/PROGRA~2/ARMGNU~1/142BCE~1.3RE/bin/../lib/gcc/arm-none-eabi/14.3.1/../../../../arm-none-eabi/lib/thumb/v7e-m+fp/hard\libg_nano.a(libc_a-atoi.o) (_strtol_r)
C:/PROGRA~2/ARMGNU~1/142BCE~1.3RE/bin/../lib/gcc/arm-none-eabi/14.3.1/../../../../arm-none-eabi/lib/thumb/v7e-m+fp/hard\libg_nano.a(libc_a-ctype_.o)
                              C:/PROGRA~2/ARMGNU~1/142BCE~1.3RE/bin/../lib/gcc/arm-none-eabi/14.3.1/../../../../arm-none-eabi/lib/thumb/v7e-m+fp/hard\libg_nano.a(libc_a-strtol.o) (_ctype_)
C:/PROGRA~2/ARMGNU~1/142BCE~1.3RE/bin/../lib/gcc/arm-none-eabi/14.3.1/../../../../arm-none-eabi/lib/thumb/v7e-m+fp/hard\libg_nano.a(libc_a-findfp.o)
                              C:/PROGRA~2/ARMGNU~1/142BCE~1.3RE/bin/../lib/gcc/arm-none-eabi/14.3.1/../../../../arm-none-eabi/lib/thumb/v7e-m+fp/hard\libg_nano.a(libc_a-exit.o) (__stdio_exit_handler)
C:/PROGRA~2/ARMGNU~1/142BCE~1.3RE/bin/../lib/gcc/arm-none-eabi/14.3.1/../../../../arm-none-eabi/lib/thumb/v7e-m+fp/hard\libg_nano.a(libc_a-fwalk.o)
                              C:/PROGRA~2/ARMGNU~1/142BCE~1.3RE/bin/../lib/gcc/arm-none-eabi/14.3.1/../../../../arm-none-eabi/lib/thumb/v7e-m+fp/hard\libg_nano.a(libc_a-findfp.o) (_fwalk_sglue)
C:/PROGRA~2/ARMGNU~1/142BCE~1.3RE/bin/../lib/gcc/arm-none-eabi/14.3.1/../../../../arm-none-eabi/lib/thumb/v7e-m+fp/hard\libg_nano.a(libc_a-snprintf.o)
                              CMakeFiles/1550.dir/App/Src/usb_comm.c.obj (snprintf)
C:/PROGRA~2/ARMGNU~1/142BCE~1.3RE/bin/../lib/gcc/arm-none-eabi/14.3.1/../../../../arm-none-eabi/lib/thumb/v7e-m+fp/hard\libg_nano.a(libc_a-stdio.o)
                              C:/PROGRA~2/ARMGNU~1/142BCE~1.3RE/bin/../lib/gcc/arm-none-eabi/14.3.1/../../../../arm-none-eabi/lib/thumb/v7e-m+fp/hard\libg_nano.a(libc_a-findfp.o) (__sread)
C:/PROGRA~2/ARMGNU~1/142BCE~1.3RE/bin/../lib/gcc/arm-none-eabi/14.3.1/../../../../arm-none-eabi/lib/thumb/v7e-m+fp/hard\libg_nano.a(libc_a-memset.o)
                              C:/PROGRA~2/ARMGNU~1/142BCE~1.3RE/bin/../lib/gcc/arm-none-eabi/14.3.1/../../../../arm-none-eabi/lib/thumb/v7e-m+fp/hard/crt0.o (memset)
C:/PROGRA~2/ARMGNU~1/142BCE~1.3RE/bin/../lib/gcc/arm-none-eabi/14.3.1/../../../../arm-none-eabi/lib/thumb/v7e-m+fp/hard\libg_nano.a(libc_a-strchr.o)
                              CMakeFiles/1550.dir/App/Src/usb_comm.c.obj (strchr)
[...]
Memory Configuration

Name             Origin             Length             Attributes
RAM              0x20000000         0x00030000         xrw
CCMRAM           0x10000000         0x00010000         xrw
FLASH            0x08000000         0x00100000         xr
*default*        0x00000000         0xffffffff

Linker script and memory map

LOAD C:/PROGRA~2/ARMGNU~1/142BCE~1.3RE/bin/../lib/gcc/arm-none-eabi/14.3.1/thumb/v7e-m+fp/hard/crti.o
LOAD C:/PROGRA~2/ARMGNU~1/142BCE~1.3RE/bin/../lib/gcc/arm-none-eabi/14.3.1/thumb/v7e-m+fp/hard/crtbegin.o
LOAD C:/PROGRA~2/ARMGNU~1/142BCE~1.3RE/bin/../lib/gcc/arm-none-eabi/14.3.1/../../../../arm-none-eabi/lib/thumb/v7e-m+fp/hard/crt0.o
LOAD cmake/stm32cubemx/CMakeFiles/STM32_Drivers.dir/__/__/Core/Src/system_stm32f4xx.c.obj
LOAD cmake/stm32cubemx/CMakeFiles/STM32_Drivers.dir/__/__/Drivers/STM32F4xx_HAL_Driver/Src/stm32f4xx_hal_tim.c.obj
LOAD cmake/stm32cubemx/CMakeFiles/STM32_Drivers.dir/__/__/Drivers/STM32F4xx_HAL_Driver/Src/stm32f4xx_hal_tim_ex.c.obj
LOAD cmake/stm32cubemx/CMakeFiles/STM32_Drivers.dir/__/__/Drivers/STM32F4xx_HAL_Driver/Src/stm32f4xx_hal_pcd.c.obj
LOAD cmake/stm32cubemx/CMakeFiles/STM32_Drivers.dir/__/__/Drivers/STM32F4xx_HAL_Driver/Src/stm32f4xx_hal_pcd_ex.c.obj
LOAD cmake/stm32cubemx/CMakeFiles/STM32_Drivers.dir/__/__/Drivers/STM32F4xx_HAL_Driver/Src/stm32f4xx_ll_usb.c.obj
LOAD cmake/stm32cubemx/CMakeFiles/STM32_Drivers.dir/__/__/Drivers/STM32F4xx_HAL_Driver/Src/stm32f4xx_hal_rcc.c.obj
LOAD cmake/stm32cubemx/CMakeFiles/STM32_Drivers.dir/__/__/Drivers/STM32F4xx_HAL_Driver/Src/stm32f4xx_hal_rcc_ex.c.obj
LOAD cmake/stm32cubemx/CMakeFiles/STM32_Drivers.dir/__/__/Drivers/STM32F4xx_HAL_Driver/Src/stm32f4xx_hal_flash.c.obj
LOAD cmake/stm32cubemx/CMakeFiles/STM32_Drivers.dir/__/__/Drivers/STM32F4xx_HAL_Driver/Src/stm32f4xx_hal_flash_ex.c.obj
LOAD cmake/stm32cubemx/CMakeFiles/STM32_Drivers.dir/__/__/Drivers/STM32F4xx_HAL_Driver/Src/stm32f4xx_hal_flash_ramfunc.c.obj
LOAD cmake/stm32cubemx/CMakeFiles/STM32_Drivers.dir/__/__/Drivers/STM32F4xx_HAL_Driver/Src/stm32f4xx_hal_gpio.c.obj
LOAD cmake/stm32cubemx/CMakeFiles/STM32_Drivers.dir/__/__/Drivers/STM32F4xx_HAL_Driver/Src/stm32f4xx_hal_dma_ex.c.obj
LOAD cmake/stm32cubemx/CMakeFiles/STM32_Drivers.dir/__/__/Drivers/STM32F4xx_HAL_Driver/Src/stm32f4xx_hal_dma.c.obj
LOAD cmake/stm32cubemx/CMakeFiles/STM32_Drivers.dir/__/__/Drivers/STM32F4xx_HAL_Driver/Src/stm32f4xx_hal_pwr.c.obj
LOAD cmake/stm32cubemx/CMakeFiles/STM32_Drivers.dir/__/__/Drivers/STM32F4xx_HAL_Driver/Src/stm32f4xx_hal_pwr_ex.c.obj
LOAD cmake/stm32cubemx/CMakeFiles/STM32_Drivers.dir/__/__/Drivers/STM32F4xx_HAL_Driver/Src/stm32f4xx_hal_cortex.c.obj
LOAD cmake/stm32cubemx/CMakeFiles/STM32_Drivers.dir/__/__/Drivers/STM32F4xx_HAL_Driver/Src/stm32f4xx_hal.c.obj
LOAD cmake/stm32cubemx/CMakeFiles/STM32_Drivers.dir/__/__/Drivers/STM32F4xx_HAL_Driver/Src/stm32f4xx_hal_exti.c.obj
LOAD cmake/stm32cubemx/CMakeFiles/STM32_Drivers.dir/__/__/Drivers/STM32F4xx_HAL_Driver/Src/stm32f4xx_hal_dac.c.obj
LOAD cmake/stm32cubemx/CMakeFiles/STM32_Drivers.dir/__/__/Drivers/STM32F4xx_HAL_Driver/Src/stm32f4xx_hal_dac_ex.c.obj
LOAD cmake/stm32cubemx/CMakeFiles/STM32_Drivers.dir/__/__/Drivers/STM32F4xx_HAL_Driver/Src/stm32f4xx_hal_i2c.c.obj
LOAD cmake/stm32cubemx/CMakeFiles/STM32_Drivers.dir/__/__/Drivers/STM32F4xx_HAL_Driver/Src/stm32f4xx_hal_i2c_ex.c.obj
LOAD cmake/stm32cubemx/CMakeFiles/STM32_Drivers.dir/__/__/Drivers/STM32F4xx_HAL_Driver/Src/stm32f4xx_hal_spi.c.obj
LOAD cmake/stm32cubemx/CMakeFiles/USB_Device_Library.dir/__/__/Middlewares/ST/STM32_USB_Device_Library/Core/Src/usbd_core.c.obj
LOAD cmake/stm32cubemx/CMakeFiles/USB_Device_Library.dir/__/__/Middlewares/ST/STM32_USB_Device_Library/Core/Src/usbd_ctlreq.c.obj
LOAD cmake/stm32cubemx/CMakeFiles/USB_Device_Library.dir/__/__/Middlewares/ST/STM32_USB_Device_Library/Core/Src/usbd_ioreq.c.obj
LOAD cmake/stm32cubemx/CMakeFiles/USB_Device_Library.dir/__/__/Middlewares/ST/STM32_USB_Device_Library/Class/CDC/Src/usbd_cdc.c.obj
LOAD CMakeFiles/1550.dir/USB_DEVICE/Target/usbd_conf.c.obj
LOAD CMakeFiles/1550.dir/USB_DEVICE/App/usb_device.c.obj
LOAD CMakeFiles/1550.dir/USB_DEVICE/App/usbd_desc.c.obj
LOAD CMakeFiles/1550.dir/USB_DEVICE/App/usbd_cdc_if.c.obj
LOAD CMakeFiles/1550.dir/Core/Src/main.c.obj
LOAD CMakeFiles/1550.dir/Core/Src/stm32f4xx_it.c.obj
LOAD CMakeFiles/1550.dir/Core/Src/stm32f4xx_hal_msp.c.obj
LOAD CMakeFiles/1550.dir/Core/Src/stm32f4xx_hal_timebase_tim.c.obj
LOAD CMakeFiles/1550.dir/Core/Src/sysmem.c.obj
LOAD CMakeFiles/1550.dir/Core/Src/syscalls.c.obj
LOAD CMakeFiles/1550.dir/startup_stm32f429xx.s.obj
LOAD CMakeFiles/1550.dir/App/Src/thermal_control.c.obj
LOAD CMakeFiles/1550.dir/App/Src/laser_current.c.obj
LOAD CMakeFiles/1550.dir/App/Src/usb_comm.c.obj
LOAD C:/PROGRA~2/ARMGNU~1/142BCE~1.3RE/bin/../lib/gcc/arm-none-eabi/14.3.1/../../../../arm-none-eabi/lib/thumb/v7e-m+fp/hard\libm.a
START GROUP
LOAD C:/PROGRA~2/ARMGNU~1/142BCE~1.3RE/bin/../lib/gcc/arm-none-eabi/14.3.1/thumb/v7e-m+fp/hard\libgcc.a
LOAD C:/PROGRA~2/ARMGNU~1/142BCE~1.3RE/bin/../lib/gcc/arm-none-eabi/14.3.1/../../../../arm-none-eabi/lib/thumb/v7e-m+fp/hard\libg_nano.a
LOAD C:/PROGRA~2/ARMGNU~1/142BCE~1.3RE/bin/../lib/gcc/arm-none-eabi/14.3.1/../../../../arm-none-eabi/lib/thumb/v7e-m+fp/hard\libc_nano.a
END GROUP
START GROUP
LOAD C:/PROGRA~2/ARMGNU~1/142BCE~1.3RE/bin/../lib/gcc/arm-none-eabi/14.3.1/thumb/v7e-m+fp/hard\libgcc.a
LOAD C:/PROGRA~2/ARMGNU~1/142BCE~1.3RE/bin/../lib/gcc/arm-none-eabi/14.3.1/../../../../arm-none-eabi/lib/thumb/v7e-m+fp/hard\libc_nano.a
END GROUP
LOAD C:/PROGRA~2/ARMGNU~1/142BCE~1.3RE/bin/../lib/gcc/arm-none-eabi/14.3.1/thumb/v7e-m+fp/hard/crtend.o
LOAD C:/PROGRA~2/ARMGNU~1/142BCE~1.3RE/bin/../lib/gcc/arm-none-eabi/14.3.1/thumb/v7e-m+fp/hard/crtn.o
                0x20030000                        _estack = (ORIGIN (RAM) + LENGTH (RAM))
                0x00000200                        _Min_Heap_Size = 0x200
                0x00000400                        _Min_Stack_Size = 0x400

.isr_vector     0x08000000      0x1ac
                0x08000000                        . = ALIGN (0x4)
 *(.isr_vector)
 .isr_vector    0x08000000      0x1ac CMakeFiles/1550.dir/startup_stm32f429xx.s.obj
                0x08000000                g_pfnVectors
                0x080001ac                        . = ALIGN (0x4)

.text           0x080001b0     0xa23c
                0x080001b0                        . = ALIGN (0x4)
 *(.text)
 .text          0x080001b0      0x378 C:/PROGRA~2/ARMGNU~1/142BCE~1.3RE/bin/../lib/gcc/arm-none-eabi/14.3.1/thumb/v7e-m+fp/hard\libgcc.a(_arm_addsubdf3.o)
                0x080001b0                __aeabi_drsub
                0x080001b8                __aeabi_dsub
                0x080001b8                __subdf3
                0x080001bc                __aeabi_dadd
                0x080001bc                __adddf3
                0x08000434                __floatunsidf
                0x08000434                __aeabi_ui2d
                0x08000454                __floatsidf
                0x08000454                __aeabi_i2d
                0x08000478                __aeabi_f2d
                0x08000478                __extendsfdf2
                0x080004bc                __floatundidf
                0x080004bc                __aeabi_ul2d
                0x080004cc                __floatdidf
                0x080004cc                __aeabi_l2d
 .text          0x08000528       0xa0 C:/PROGRA~2/ARMGNU~1/142BCE~1.3RE/bin/../lib/gcc/arm-none-eabi/14.3.1/thumb/v7e-m+fp/hard\libgcc.a(_arm_truncdfsf2.o)
                0x08000528                __truncdfsf2
                0x08000528                __aeabi_d2f
 .text          0x080005c8       0x30 C:/PROGRA~2/ARMGNU~1/142BCE~1.3RE/bin/../lib/gcc/arm-none-eabi/14.3.1/thumb/v7e-m+fp/hard\libgcc.a(_aeabi_uldivmod.o)
                0x080005c8                __aeabi_uldivmod
 .text          0x080005f8        0x4 C:/PROGRA~2/ARMGNU~1/142BCE~1.3RE/bin/../lib/gcc/arm-none-eabi/14.3.1/thumb/v7e-m+fp/hard\libgcc.a(_dvmd_tls.o)
                0x080005f8                __aeabi_idiv0
                0x080005f8                __aeabi_ldiv0
 .text          0x080005fc       0x10 C:/PROGRA~2/ARMGNU~1/142BCE~1.3RE/bin/../lib/gcc/arm-none-eabi/14.3.1/../../../../arm-none-eabi/lib/thumb/v7e-m+fp/hard\libg_nano.a(libc_a-strlen.o)
                0x080005fc                strlen
 *fill*         0x0800060c        0x4 
 .text          0x08000610       0xa0 C:/PROGRA~2/ARMGNU~1/142BCE~1.3RE/bin/../lib/gcc/arm-none-eabi/14.3.1/../../../../arm-none-eabi/lib/thumb/v7e-m+fp/hard\libg_nano.a(libc_a-memchr.o)
                0x08000610                memchr
 .text          0x080006b0      0x424 C:/PROGRA~2/ARMGNU~1/142BCE~1.3RE/bin/../lib/gcc/arm-none-eabi/14.3.1/thumb/v7e-m+fp/hard\libgcc.a(_arm_muldivdf3.o)
                0x080006b0                __aeabi_dmul
                0x080006b0                __muldf3
                0x08000904                __divdf3
                0x08000904                __aeabi_ddiv
 .text          0x08000ad4      0x110 C:/PROGRA~2/ARMGNU~1/142BCE~1.3RE/bin/../lib/gcc/arm-none-eabi/14.3.1/thumb/v7e-m+fp/hard\libgcc.a(_arm_cmpdf2.o)
                0x08000ad4                __gtdf2
                0x08000ad4                __gedf2
                0x08000adc                __ltdf2
                0x08000adc                __ledf2
                0x08000ae4                __nedf2
                0x08000ae4                __eqdf2
                0x08000ae4                __cmpdf2
                0x08000b60                __aeabi_cdrcmple
                0x08000b70                __aeabi_cdcmpeq
                0x08000b70                __aeabi_cdcmple
                0x08000b80                __aeabi_dcmpeq
                0x08000b94                __aeabi_dcmplt
                0x08000ba8                __aeabi_dcmple
                0x08000bbc                __aeabi_dcmpge
                0x08000bd0                __aeabi_dcmpgt
 .text          0x08000be4       0x40 C:/PROGRA~2/ARMGNU~1/142BCE~1.3RE/bin/../lib/gcc/arm-none-eabi/14.3.1/thumb/v7e-m+fp/hard\libgcc.a(_arm_fixunsdfsi.o)
                0x08000be4                __aeabi_d2uiz
                0x08000be4                __fixunsdfsi
 *(.text*)
 .text.deregister_tm_clones
                0x08000c24       0x1c C:/PROGRA~2/ARMGNU~1/142BCE~1.3RE/bin/../lib/gcc/arm-none-eabi/14.3.1/thumb/v7e-m+fp/hard/crtbegin.o
 .text.register_tm_clones
                0x08000c40       0x24 C:/PROGRA~2/ARMGNU~1/142BCE~1.3RE/bin/../lib/gcc/arm-none-eabi/14.3.1/thumb/v7e-m+fp/hard/crtbegin.o
 .text.__do_global_dtors_aux
                0x08000c64       0x28 C:/PROGRA~2/ARMGNU~1/142BCE~1.3RE/bin/../lib/gcc/arm-none-eabi/14.3.1/thumb/v7e-m+fp/hard/crtbegin.o
 .text.frame_dummy
                0x08000c8c       0x24 C:/PROGRA~2/ARMGNU~1/142BCE~1.3RE/bin/../lib/gcc/arm-none-eabi/14.3.1/thumb/v7e-m+fp/hard/crtbegin.o
 .text.SystemInit
                0x08000cb0       0x14 cmake/stm32cubemx/CMakeFiles/STM32_Drivers.dir/__/__/Core/Src/system_stm32f4xx.c.obj
                0x08000cb0                SystemInit
 .text.HAL_TIM_Base_Start_IT
                0x08000cc4       0x74 cmake/stm32cubemx/CMakeFiles/STM32_Drivers.dir/__/__/Drivers/STM32F4xx_HAL_Driver/Src/stm32f4xx_hal_tim.c.obj
                0x08000cc4                HAL_TIM_Base_Start_IT
 .text.HAL_TIM_Base_Stop_IT
                0x08000d38       0x30 cmake/stm32cubemx/CMakeFiles/STM32_Drivers.dir/__/__/Drivers/STM32F4xx_HAL_Driver/Src/stm32f4xx_hal_tim.c.obj
                0x08000d38                HAL_TIM_Base_Stop_IT
 .text.HAL_TIM_OC_DelayElapsedCallback
                0x08000d68        0x2 cmake/stm32cubemx/CMakeFiles/STM32_Drivers.dir/__/__/Drivers/STM32F4xx_HAL_Driver/Src/stm32f4xx_hal_tim.c.obj
                0x08000d68                HAL_TIM_OC_DelayElapsedCallback
 .text.HAL_TIM_IC_CaptureCallback
                0x08000d6a        0x2 cmake/stm32cubemx/CMakeFiles/STM32_Drivers.dir/__/__/Drivers/STM32F4xx_HAL_Driver/Src/stm32f4xx_hal_tim.c.obj
                0x08000d6a                HAL_TIM_IC_CaptureCallback
 .text.HAL_TIM_PWM_PulseFinishedCallback
                0x08000d6c        0x2 cmake/stm32cubemx/CMakeFiles/STM32_Drivers.dir/__/__/Drivers/STM32F4xx_HAL_Driver/Src/stm32f4xx_hal_tim.c.obj
                0x08000d6c                HAL_TIM_PWM_PulseFinishedCallback
 .text.HAL_TIM_TriggerCallback
                0x08000d6e        0x2 cmake/stm32cubemx/CMakeFiles/STM32_Drivers.dir/__/__/Drivers/STM32F4xx_HAL_Driver/Src/stm32f4xx_hal_tim.c.obj
                0x08000d6e                HAL_TIM_TriggerCallback
 .text.HAL_TIM_IRQHandler
                0x08000d70      0x128 cmake/stm32cubemx/CMakeFiles/STM32_Drivers.dir/__/__/Drivers/STM32F4xx_HAL_Driver/Src/stm32f4xx_hal_tim.c.obj
                0x08000d70                HAL_TIM_IRQHandler
 .text.TIM_Base_SetConfig
                0x08000e98       0xa8 cmake/stm32cubemx/CMakeFiles/STM32_Drivers.dir/__/__/Drivers/STM32F4xx_HAL_Driver/Src/stm32f4xx_hal_tim.c.obj
                0x08000e98                TIM_Base_SetConfig
 .text.HAL_TIM_Base_Init
                0x08000f40       0x58 cmake/stm32cubemx/CMakeFiles/STM32_Drivers.dir/__/__/Drivers/STM32F4xx_HAL_Driver/Src/stm32f4xx_hal_tim.c.obj
                0x08000f40                HAL_TIM_Base_Init
 .text.HAL_TIMEx_MasterConfigSynchronization
                0x08000f98       0x7c cmake/stm32cubemx/CMakeFiles/STM32_Drivers.dir/__/__/Drivers/STM32F4xx_HAL_Driver/Src/stm32f4xx_hal_tim_ex.c.obj
                0x08000f98                HAL_TIMEx_MasterConfigSynchronization
 .text.HAL_TIMEx_CommutCallback
                0x08001014        0x2 cmake/stm32cubemx/CMakeFiles/STM32_Drivers.dir/__/__/Drivers/STM32F4xx_HAL_Driver/Src/stm32f4xx_hal_tim_ex.c.obj
                0x08001014                HAL_TIMEx_CommutCallback
 .text.HAL_TIMEx_BreakCallback
                0x08001016        0x2 cmake/stm32cubemx/CMakeFiles/STM32_Drivers.dir/__/__/Drivers/STM32F4xx_HAL_Driver/Src/stm32f4xx_hal_tim_ex.c.obj
                0x08001016                HAL_TIMEx_BreakCallback
 .text.HAL_PCD_Init
                0x08001018       0xde cmake/stm32cubemx/CMakeFiles/STM32_Drivers.dir/__/__/Drivers/STM32F4xx_HAL_Driver/Src/stm32f4xx_hal_pcd.c.obj
                0x08001018                HAL_PCD_Init
 .text.HAL_PCD_Start
                0x080010f6       0x3e cmake/stm32cubemx/CMakeFiles/STM32_Drivers.dir/__/__/Drivers/STM32F4xx_HAL_Driver/Src/stm32f4xx_hal_pcd.c.obj
                0x080010f6                HAL_PCD_Start
 .text.HAL_PCD_SetAddress
                0x08001134       0x26 cmake/stm32cubemx/CMakeFiles/STM32_Drivers.dir/__/__/Drivers/STM32F4xx_HAL_Driver/Src/stm32f4xx_hal_pcd.c.obj
                0x08001134                HAL_PCD_SetAddress
 .text.HAL_PCD_EP_Open
                0x0800115a       0x6a cmake/stm32cubemx/CMakeFiles/STM32_Drivers.dir/__/__/Drivers/STM32F4xx_HAL_Driver/Src/stm32f4xx_hal_pcd.c.obj
                0x0800115a                HAL_PCD_EP_Open
 .text.HAL_PCD_EP_Close
                0x080011c4       0x54 cmake/stm32cubemx/CMakeFiles/STM32_Drivers.dir/__/__/Drivers/STM32F4xx_HAL_Driver/Src/stm32f4xx_hal_pcd.c.obj
                0x080011c4                HAL_PCD_EP_Close
 .text.HAL_PCD_EP_Receive
                0x08001218       0x3a cmake/stm32cubemx/CMakeFiles/STM32_Drivers.dir/__/__/Drivers/STM32F4xx_HAL_Driver/Src/stm32f4xx_hal_pcd.c.obj
                0x08001218                HAL_PCD_EP_Receive
 .text.HAL_PCD_EP_GetRxCount
                0x08001252       0x10 cmake/stm32cubemx/CMakeFiles/STM32_Drivers.dir/__/__/Drivers/STM32F4xx_HAL_Driver/Src/stm32f4xx_hal_pcd.c.obj
                0x08001252                HAL_PCD_EP_GetRxCount
 .text.HAL_PCD_EP_Transmit
                0x08001262       0x34 cmake/stm32cubemx/CMakeFiles/STM32_Drivers.dir/__/__/Drivers/STM32F4xx_HAL_Driver/Src/stm32f4xx_hal_pcd.c.obj
                0x08001262                HAL_PCD_EP_Transmit
 .text.HAL_PCD_EP_SetStall
                0x08001296       0x6e cmake/stm32cubemx/CMakeFiles/STM32_Drivers.dir/__/__/Drivers/STM32F4xx_HAL_Driver/Src/stm32f4xx_hal_pcd.c.obj
                0x08001296                HAL_PCD_EP_SetStall
 .text.HAL_PCD_EP_ClrStall
                0x08001304       0x62 cmake/stm32cubemx/CMakeFiles/STM32_Drivers.dir/__/__/Drivers/STM32F4xx_HAL_Driver/Src/stm32f4xx_hal_pcd.c.obj
                0x08001304                HAL_PCD_EP_ClrStall
 .text.HAL_PCD_EP_Abort
                0x08001366       0x1c cmake/stm32cubemx/CMakeFiles/STM32_Drivers.dir/__/__/Drivers/STM32F4xx_HAL_Driver/Src/stm32f4xx_hal_pcd.c.obj
                0x08001366                HAL_PCD_EP_Abort
 *fill*         0x08001382        0x2 
 .text.HAL_PCD_IRQHandler
                0x08001384      0x690 cmake/stm32cubemx/CMakeFiles/STM32_Drivers.dir/__/__/Drivers/STM32F4xx_HAL_Driver/Src/stm32f4xx_hal_pcd.c.obj
                0x08001384                HAL_PCD_IRQHandler
 .text.HAL_PCDEx_SetTxFiFo
                0x08001a14       0x3e cmake/stm32cubemx/CMakeFiles/STM32_Drivers.dir/__/__/Drivers/STM32F4xx_HAL_Driver/Src/stm32f4xx_hal_pcd_ex.c.obj
                0x08001a14                HAL_PCDEx_SetTxFiFo
 .text.HAL_PCDEx_SetRxFiFo
                0x08001a52        0x8 cmake/stm32cubemx/CMakeFiles/STM32_Drivers.dir/__/__/Drivers/STM32F4xx_HAL_Driver/Src/stm32f4xx_hal_pcd_ex.c.obj
                0x08001a52                HAL_PCDEx_SetRxFiFo
 .text.HAL_PCDEx_LPM_Callback
                0x08001a5a        0x2 cmake/stm32cubemx/CMakeFiles/STM32_Drivers.dir/__/__/Drivers/STM32F4xx_HAL_Driver/Src/stm32f4xx_hal_pcd_ex.c.obj
                0x08001a5a                HAL_PCDEx_LPM_Callback
 .text.USB_CoreReset
                0x08001a5c       0x50 cmake/stm32cubemx/CMakeFiles/STM32_Drivers.dir/__/__/Drivers/STM32F4xx_HAL_Driver/Src/stm32f4xx_ll_usb.c.obj
 .text.USB_CoreInit
                0x08001aac       0x88 cmake/stm32cubemx/CMakeFiles/STM32_Drivers.dir/__/__/Drivers/STM32F4xx_HAL_Driver/Src/stm32f4xx_ll_usb.c.obj
                0x08001aac                USB_CoreInit
 .text.USB_SetTurnaroundTime
                0x08001b34       0xe0 cmake/stm32cubemx/CMakeFiles/STM32_Drivers.dir/__/__/Drivers/STM32F4xx_HAL_Driver/Src/stm32f4xx_ll_usb.c.obj
                0x08001b34                USB_SetTurnaroundTime
 .text.USB_EnableGlobalInt
                0x08001c14        0xc cmake/stm32cubemx/CMakeFiles/STM32_Drivers.dir/__/__/Drivers/STM32F4xx_HAL_Driver/Src/stm32f4xx_ll_usb.c.obj
                0x08001c14                USB_EnableGlobalInt
 .text.USB_DisableGlobalInt
                0x08001c20        0xc cmake/stm32cubemx/CMakeFiles/STM32_Drivers.dir/__/__/Drivers/STM32F4xx_HAL_Driver/Src/stm32f4xx_ll_usb.c.obj
                0x08001c20                USB_DisableGlobalInt
 .text.USB_SetCurrentMode
                0x08001c2c       0x60 cmake/stm32cubemx/CMakeFiles/STM32_Drivers.dir/__/__/Drivers/STM32F4xx_HAL_Driver/Src/stm32f4xx_ll_usb.c.obj
                0x08001c2c                USB_SetCurrentMode
 .text.USB_FlushTxFifo
                0x08001c8c       0x46 cmake/stm32cubemx/CMakeFiles/STM32_Drivers.dir/__/__/Drivers/STM32F4xx_HAL_Driver/Src/stm32f4xx_ll_usb.c.obj
                0x08001c8c                USB_FlushTxFifo
 .text.USB_FlushRxFifo
                0x08001cd2       0x42 cmake/stm32cubemx/CMakeFiles/STM32_Drivers.dir/__/__/Drivers/STM32F4xx_HAL_Driver/Src/stm32f4xx_ll_usb.c.obj
                0x08001cd2                USB_FlushRxFifo
 .text.USB_SetDevSpeed
                0x08001d14        0xe cmake/stm32cubemx/CMakeFiles/STM32_Drivers.dir/__/__/Drivers/STM32F4xx_HAL_Driver/Src/stm32f4xx_ll_usb.c.obj
                0x08001d14                USB_SetDevSpeed
 *fill*         0x08001d22        0x2 
 .text.USB_DevInit
                0x08001d24      0x174 cmake/stm32cubemx/CMakeFiles/STM32_Drivers.dir/__/__/Drivers/STM32F4xx_HAL_Driver/Src/stm32f4xx_ll_usb.c.obj
                0x08001d24                USB_DevInit
 .text.USB_GetDevSpeed
                0x08001e98       0x16 cmake/stm32cubemx/CMakeFiles/STM32_Drivers.dir/__/__/Drivers/STM32F4xx_HAL_Driver/Src/stm32f4xx_ll_usb.c.obj
                0x08001e98                USB_GetDevSpeed
 .text.USB_ActivateEndpoint
                0x08001eae       0x7e cmake/stm32cubemx/CMakeFiles/STM32_Drivers.dir/__/__/Drivers/STM32F4xx_HAL_Driver/Src/stm32f4xx_ll_usb.c.obj
                0x08001eae                USB_ActivateEndpoint
 .text.USB_DeactivateEndpoint
                0x08001f2c       0xac cmake/stm32cubemx/CMakeFiles/STM32_Drivers.dir/__/__/Drivers/STM32F4xx_HAL_Driver/Src/stm32f4xx_ll_usb.c.obj
                0x08001f2c                USB_DeactivateEndpoint
 .text.USB_EPStopXfer
                0x08001fd8       0x84 cmake/stm32cubemx/CMakeFiles/STM32_Drivers.dir/__/__/Drivers/STM32F4xx_HAL_Driver/Src/stm32f4xx_ll_usb.c.obj
                0x08001fd8                USB_EPStopXfer
 .text.USB_WritePacket
                0x0800205c       0x26 cmake/stm32cubemx/CMakeFiles/STM32_Drivers.dir/__/__/Drivers/STM32F4xx_HAL_Driver/Src/stm32f4xx_ll_usb.c.obj
                0x0800205c                USB_WritePacket
 *fill*         0x08002082        0x2 
 .text.USB_EPStartXfer
                0x08002084      0x1e4 cmake/stm32cubemx/CMakeFiles/STM32_Drivers.dir/__/__/Drivers/STM32F4xx_HAL_Driver/Src/stm32f4xx_ll_usb.c.obj
                0x08002084                USB_EPStartXfer
 .text.USB_ReadPacket
                0x08002268       0x42 cmake/stm32cubemx/CMakeFiles/STM32_Drivers.dir/__/__/Drivers/STM32F4xx_HAL_Driver/Src/stm32f4xx_ll_usb.c.obj
                0x08002268                USB_ReadPacket
 .text.USB_EPSetStall
                0x080022aa       0x56 cmake/stm32cubemx/CMakeFiles/STM32_Drivers.dir/__/__/Drivers/STM32F4xx_HAL_Driver/Src/stm32f4xx_ll_usb.c.obj
                0x080022aa                USB_EPSetStall
 .text.USB_EPClearStall
                0x08002300       0x52 cmake/stm32cubemx/CMakeFiles/STM32_Drivers.dir/__/__/Drivers/STM32F4xx_HAL_Driver/Src/stm32f4xx_ll_usb.c.obj
                0x08002300                USB_EPClearStall
 .text.USB_SetDevAddress
                0x08002352       0x20 cmake/stm32cubemx/CMakeFiles/STM32_Drivers.dir/__/__/Drivers/STM32F4xx_HAL_Driver/Src/stm32f4xx_ll_usb.c.obj
                0x08002352                USB_SetDevAddress
 .text.USB_DevConnect
                0x08002372       0x1c cmake/stm32cubemx/CMakeFiles/STM32_Drivers.dir/__/__/Drivers/STM32F4xx_HAL_Driver/Src/stm32f4xx_ll_usb.c.obj
                0x08002372                USB_DevConnect
 .text.USB_DevDisconnect
                0x0800238e       0x1c cmake/stm32cubemx/CMakeFiles/STM32_Drivers.dir/__/__/Drivers/STM32F4xx_HAL_Driver/Src/stm32f4xx_ll_usb.c.obj
                0x0800238e                USB_DevDisconnect
 .text.USB_ReadInterrupts
                0x080023aa        0x8 cmake/stm32cubemx/CMakeFiles/STM32_Drivers.dir/__/__/Drivers/STM32F4xx_HAL_Driver/Src/stm32f4xx_ll_usb.c.obj
                0x080023aa                USB_ReadInterrupts
 .text.USB_ReadDevAllOutEpInterrupt
                0x080023b2       0x10 cmake/stm32cubemx/CMakeFiles/STM32_Drivers.dir/__/__/Drivers/STM32F4xx_HAL_Driver/Src/stm32f4xx_ll_usb.c.obj
                0x080023b2                USB_ReadDevAllOutEpInterrupt
 .text.USB_ReadDevAllInEpInterrupt
                0x080023c2       0x10 cmake/stm32cubemx/CMakeFiles/STM32_Drivers.dir/__/__/Drivers/STM32F4xx_HAL_Driver/Src/stm32f4xx_ll_usb.c.obj
                0x080023c2                USB_ReadDevAllInEpInterrupt
 .text.USB_ReadDevOutEPInterrupt
                0x080023d2       0x12 cmake/stm32cubemx/CMakeFiles/STM32_Drivers.dir/__/__/Drivers/STM32F4xx_HAL_Driver/Src/stm32f4xx_ll_usb.c.obj
                0x080023d2                USB_ReadDevOutEPInterrupt
 .text.USB_ReadDevInEPInterrupt
                0x080023e4       0x22 cmake/stm32cubemx/CMakeFiles/STM32_Drivers.dir/__/__/Drivers/STM32F4xx_HAL_Driver/Src/stm32f4xx_ll_usb.c.obj
                0x080023e4                USB_ReadDevInEPInterrupt
 .text.USB_GetMode
                0x08002406        0x8 cmake/stm32cubemx/CMakeFiles/STM32_Drivers.dir/__/__/Drivers/STM32F4xx_HAL_Driver/Src/stm32f4xx_ll_usb.c.obj
                0x08002406                USB_GetMode
 .text.USB_ActivateSetup
                0x0800240e       0x1c cmake/stm32cubemx/CMakeFiles/STM32_Drivers.dir/__/__/Drivers/STM32F4xx_HAL_Driver/Src/stm32f4xx_ll_usb.c.obj
                0x0800240e                USB_ActivateSetup
 *fill*         0x0800242a        0x2 
 .text.USB_EP0_OutStart
                0x0800242c       0x4c cmake/stm32cubemx/CMakeFiles/STM32_Drivers.dir/__/__/Drivers/STM32F4xx_HAL_Driver/Src/stm32f4xx_ll_usb.c.obj
                0x0800242c                USB_EP0_OutStart
 .text.HAL_RCC_OscConfig
                0x08002478      0x35c cmake/stm32cubemx/CMakeFiles/STM32_Drivers.dir/__/__/Drivers/STM32F4xx_HAL_Driver/Src/stm32f4xx_hal_rcc.c.obj
                0x08002478                HAL_RCC_OscConfig
 .text.HAL_RCC_GetSysClockFreq
                0x080027d4       0x4c cmake/stm32cubemx/CMakeFiles/STM32_Drivers.dir/__/__/Drivers/STM32F4xx_HAL_Driver/Src/stm32f4xx_hal_rcc.c.obj
                0x080027d4                HAL_RCC_GetSysClockFreq
 .text.HAL_RCC_ClockConfig
                0x08002820      0x134 cmake/stm32cubemx/CMakeFiles/STM32_Drivers.dir/__/__/Drivers/STM32F4xx_HAL_Driver/Src/stm32f4xx_hal_rcc.c.obj
                0x08002820                HAL_RCC_ClockConfig
 .text.HAL_RCC_GetHCLKFreq
                0x08002954        0xc cmake/stm32cubemx/CMakeFiles/STM32_Drivers.dir/__/__/Drivers/STM32F4xx_HAL_Driver/Src/stm32f4xx_hal_rcc.c.obj
                0x08002954                HAL_RCC_GetHCLKFreq
 .text.HAL_RCC_GetPCLK1Freq
                0x08002960       0x20 cmake/stm32cubemx/CMakeFiles/STM32_Drivers.dir/__/__/Drivers/STM32F4xx_HAL_Driver/Src/stm32f4xx_hal_rcc.c.obj
                0x08002960                HAL_RCC_GetPCLK1Freq
 .text.HAL_RCC_GetPCLK2Freq
                0x08002980       0x20 cmake/stm32cubemx/CMakeFiles/STM32_Drivers.dir/__/__/Drivers/STM32F4xx_HAL_Driver/Src/stm32f4xx_hal_rcc.c.obj
                0x08002980                HAL_RCC_GetPCLK2Freq
 .text.HAL_RCC_GetClockConfig
                0x080029a0       0x3c cmake/stm32cubemx/CMakeFiles/STM32_Drivers.dir/__/__/Drivers/STM32F4xx_HAL_Driver/Src/stm32f4xx_hal_rcc.c.obj
                0x080029a0                HAL_RCC_GetClockConfig
 .text.HAL_RCCEx_PeriphCLKConfig
                0x080029dc      0x258 cmake/stm32cubemx/CMakeFiles/STM32_Drivers.dir/__/__/Drivers/STM32F4xx_HAL_Driver/Src/stm32f4xx_hal_rcc_ex.c.obj
                0x080029dc                HAL_RCCEx_PeriphCLKConfig
 .text.HAL_GPIO_Init
                0x08002c34      0x1c8 cmake/stm32cubemx/CMakeFiles/STM32_Drivers.dir/__/__/Drivers/STM32F4xx_HAL_Driver/Src/stm32f4xx_hal_gpio.c.obj
                0x08002c34                HAL_GPIO_Init
 .text.HAL_GPIO_WritePin
                0x08002dfc        0xa cmake/stm32cubemx/CMakeFiles/STM32_Drivers.dir/__/__/Drivers/STM32F4xx_HAL_Driver/Src/stm32f4xx_hal_gpio.c.obj
                0x08002dfc                HAL_GPIO_WritePin
 *fill*         0x08002e06        0x2 
 .text.DMA_CalcBaseAndBitshift
                0x08002e08       0x2c cmake/stm32cubemx/CMakeFiles/STM32_Drivers.dir/__/__/Drivers/STM32F4xx_HAL_Driver/Src/stm32f4xx_hal_dma.c.obj
 .text.HAL_DMA_Init
                0x08002e34       0xfc cmake/stm32cubemx/CMakeFiles/STM32_Drivers.dir/__/__/Drivers/STM32F4xx_HAL_Driver/Src/stm32f4xx_hal_dma.c.obj
                0x08002e34                HAL_DMA_Init
 .text.HAL_DMA_Start_IT
                0x08002f30       0x72 cmake/stm32cubemx/CMakeFiles/STM32_Drivers.dir/__/__/Drivers/STM32F4xx_HAL_Driver/Src/stm32f4xx_hal_dma.c.obj
                0x08002f30                HAL_DMA_Start_IT
 .text.HAL_DMA_Abort_IT
                0x08002fa2       0x24 cmake/stm32cubemx/CMakeFiles/STM32_Drivers.dir/__/__/Drivers/STM32F4xx_HAL_Driver/Src/stm32f4xx_hal_dma.c.obj
                0x08002fa2                HAL_DMA_Abort_IT
 *fill*         0x08002fc6        0x2 
 .text.HAL_DMA_IRQHandler
                0x08002fc8      0x17c cmake/stm32cubemx/CMakeFiles/STM32_Drivers.dir/__/__/Drivers/STM32F4xx_HAL_Driver/Src/stm32f4xx_hal_dma.c.obj
                0x08002fc8                HAL_DMA_IRQHandler
 .text.HAL_DMA_GetState
                0x08003144        0x6 cmake/stm32cubemx/CMakeFiles/STM32_Drivers.dir/__/__/Drivers/STM32F4xx_HAL_Driver/Src/stm32f4xx_hal_dma.c.obj
                0x08003144                HAL_DMA_GetState
 .text.HAL_DMA_GetError
                0x0800314a        0x4 cmake/stm32cubemx/CMakeFiles/STM32_Drivers.dir/__/__/Drivers/STM32F4xx_HAL_Driver/Src/stm32f4xx_hal_dma.c.obj
                0x0800314a                HAL_DMA_GetError
 *fill*         0x0800314e        0x2 
 .text.HAL_NVIC_SetPriorityGrouping
                0x08003150       0x24 cmake/stm32cubemx/CMakeFiles/STM32_Drivers.dir/__/__/Drivers/STM32F4xx_HAL_Driver/Src/stm32f4xx_hal_cortex.c.obj
                0x08003150                HAL_NVIC_SetPriorityGrouping
 .text.HAL_NVIC_SetPriority
                0x08003174       0x64 cmake/stm32cubemx/CMakeFiles/STM32_Drivers.dir/__/__/Drivers/STM32F4xx_HAL_Driver/Src/stm32f4xx_hal_cortex.c.obj
                0x08003174                HAL_NVIC_SetPriority
 .text.HAL_NVIC_EnableIRQ
                0x080031d8       0x1c cmake/stm32cubemx/CMakeFiles/STM32_Drivers.dir/__/__/Drivers/STM32F4xx_HAL_Driver/Src/stm32f4xx_hal_cortex.c.obj
                0x080031d8                HAL_NVIC_EnableIRQ
 .text.HAL_Init
                0x080031f4       0x34 cmake/stm32cubemx/CMakeFiles/STM32_Drivers.dir/__/__/Drivers/STM32F4xx_HAL_Driver/Src/stm32f4xx_hal.c.obj
                0x080031f4                HAL_Init
 .text.HAL_IncTick
                0x08003228       0x18 cmake/stm32cubemx/CMakeFiles/STM32_Drivers.dir/__/__/Drivers/STM32F4xx_HAL_Driver/Src/stm32f4xx_hal.c.obj
                0x08003228                HAL_IncTick
 .text.HAL_GetTick
                0x08003240        0xc cmake/stm32cubemx/CMakeFiles/STM32_Drivers.dir/__/__/Drivers/STM32F4xx_HAL_Driver/Src/stm32f4xx_hal.c.obj
                0x08003240                HAL_GetTick
 .text.HAL_Delay
                0x0800324c       0x28 cmake/stm32cubemx/CMakeFiles/STM32_Drivers.dir/__/__/Drivers/STM32F4xx_HAL_Driver/Src/stm32f4xx_hal.c.obj
                0x0800324c                HAL_Delay
 .text.HAL_DAC_Init
                0x08003274       0x26 cmake/stm32cubemx/CMakeFiles/STM32_Drivers.dir/__/__/Drivers/STM32F4xx_HAL_Driver/Src/stm32f4xx_hal_dac.c.obj
                0x08003274                HAL_DAC_Init
 .text.HAL_DAC_Start
                0x0800329a       0x60 cmake/stm32cubemx/CMakeFiles/STM32_Drivers.dir/__/__/Drivers/STM32F4xx_HAL_Driver/Src/stm32f4xx_hal_dac.c.obj
                0x0800329a                HAL_DAC_Start
 .text.HAL_DAC_SetValue
                0x080032fa       0x2a cmake/stm32cubemx/CMakeFiles/STM32_Drivers.dir/__/__/Drivers/STM32F4xx_HAL_Driver/Src/stm32f4xx_hal_dac.c.obj
                0x080032fa                HAL_DAC_SetValue
 .text.HAL_DAC_DMAUnderrunCallbackCh1
                0x08003324        0x2 cmake/stm32cubemx/CMakeFiles/STM32_Drivers.dir/__/__/Drivers/STM32F4xx_HAL_Driver/Src/stm32f4xx_hal_dac.c.obj
                0x08003324                HAL_DAC_DMAUnderrunCallbackCh1
 .text.HAL_DAC_IRQHandler
                0x08003326       0x60 cmake/stm32cubemx/CMakeFiles/STM32_Drivers.dir/__/__/Drivers/STM32F4xx_HAL_Driver/Src/stm32f4xx_hal_dac.c.obj
                0x08003326                HAL_DAC_IRQHandler
 .text.HAL_DAC_ConfigChannel
                0x08003386       0x50 cmake/stm32cubemx/CMakeFiles/STM32_Drivers.dir/__/__/Drivers/STM32F4xx_HAL_Driver/Src/stm32f4xx_hal_dac.c.obj
                0x08003386                HAL_DAC_ConfigChannel
 .text.HAL_DACEx_DMAUnderrunCallbackCh2
                0x080033d6        0x2 cmake/stm32cubemx/CMakeFiles/STM32_Drivers.dir/__/__/Drivers/STM32F4xx_HAL_Driver/Src/stm32f4xx_hal_dac_ex.c.obj
                0x080033d6                HAL_DACEx_DMAUnderrunCallbackCh2
 .text.I2C_IsAcknowledgeFailed
                0x080033d8       0x34 cmake/stm32cubemx/CMakeFiles/STM32_Drivers.dir/__/__/Drivers/STM32F4xx_HAL_Driver/Src/stm32f4xx_hal_i2c.c.obj
 .text.I2C_WaitOnFlagUntilTimeout
                0x0800340c       0x9c cmake/stm32cubemx/CMakeFiles/STM32_Drivers.dir/__/__/Drivers/STM32F4xx_HAL_Driver/Src/stm32f4xx_hal_i2c.c.obj
 .text.I2C_WaitOnMasterAddressFlagUntilTimeout
                0x080034a8       0x84 cmake/stm32cubemx/CMakeFiles/STM32_Drivers.dir/__/__/Drivers/STM32F4xx_HAL_Driver/Src/stm32f4xx_hal_i2c.c.obj
 .text.I2C_WaitOnTXEFlagUntilTimeout
                0x0800352c       0x54 cmake/stm32cubemx/CMakeFiles/STM32_Drivers.dir/__/__/Drivers/STM32F4xx_HAL_Driver/Src/stm32f4xx_hal_i2c.c.obj
 .text.I2C_RequestMemoryWrite
                0x08003580       0xb4 cmake/stm32cubemx/CMakeFiles/STM32_Drivers.dir/__/__/Drivers/STM32F4xx_HAL_Driver/Src/stm32f4xx_hal_i2c.c.obj
 .text.I2C_RequestMemoryRead
                0x08003634      0x100 cmake/stm32cubemx/CMakeFiles/STM32_Drivers.dir/__/__/Drivers/STM32F4xx_HAL_Driver/Src/stm32f4xx_hal_i2c.c.obj
 .text.I2C_WaitOnBTFFlagUntilTimeout
                0x08003734       0x54 cmake/stm32cubemx/CMakeFiles/STM32_Drivers.dir/__/__/Drivers/STM32F4xx_HAL_Driver/Src/stm32f4xx_hal_i2c.c.obj
 .text.HAL_I2C_Init
                0x08003788      0x150 cmake/stm32cubemx/CMakeFiles/STM32_Drivers.dir/__/__/Drivers/STM32F4xx_HAL_Driver/Src/stm32f4xx_hal_i2c.c.obj
                0x08003788                HAL_I2C_Init
 .text.HAL_I2C_Mem_Write
                0x080038d8      0x120 cmake/stm32cubemx/CMakeFiles/STM32_Drivers.dir/__/__/Drivers/STM32F4xx_HAL_Driver/Src/stm32f4xx_hal_i2c.c.obj
                0x080038d8                HAL_I2C_Mem_Write
 .text.HAL_I2C_Mem_Read_DMA
                0x080039f8      0x1d8 cmake/stm32cubemx/CMakeFiles/STM32_Drivers.dir/__/__/Drivers/STM32F4xx_HAL_Driver/Src/stm32f4xx_hal_i2c.c.obj
                0x080039f8                HAL_I2C_Mem_Read_DMA
 .text.HAL_I2C_MasterTxCpltCallback
                0x08003bd0        0x2 cmake/stm32cubemx/CMakeFiles/STM32_Drivers.dir/__/__/Drivers/STM32F4xx_HAL_Driver/Src/stm32f4xx_hal_i2c.c.obj
                0x08003bd0                HAL_I2C_MasterTxCpltCallback
 .text.HAL_I2C_MasterRxCpltCallback
                0x08003bd2        0x2 cmake/stm32cubemx/CMakeFiles/STM32_Drivers.dir/__/__/Drivers/STM32F4xx_HAL_Driver/Src/stm32f4xx_hal_i2c.c.obj
                0x08003bd2                HAL_I2C_MasterRxCpltCallback
 .text.HAL_I2C_SlaveTxCpltCallback
                0x08003bd4        0x2 cmake/stm32cubemx/CMakeFiles/STM32_Drivers.dir/__/__/Drivers/STM32F4xx_HAL_Driver/Src/stm32f4xx_hal_i2c.c.obj
                0x08003bd4                HAL_I2C_SlaveTxCpltCallback
 .text.HAL_I2C_SlaveRxCpltCallback
                0x08003bd6        0x2 cmake/stm32cubemx/CMakeFiles/STM32_Drivers.dir/__/__/Drivers/STM32F4xx_HAL_Driver/Src/stm32f4xx_hal_i2c.c.obj
                0x08003bd6                HAL_I2C_SlaveRxCpltCallback
 .text.HAL_I2C_AddrCallback
                0x08003bd8        0x2 cmake/stm32cubemx/CMakeFiles/STM32_Drivers.dir/__/__/Drivers/STM32F4xx_HAL_Driver/Src/stm32f4xx_hal_i2c.c.obj
                0x08003bd8                HAL_I2C_AddrCallback
 .text.HAL_I2C_ListenCpltCallback
                0x08003bda        0x2 cmake/stm32cubemx/CMakeFiles/STM32_Drivers.dir/__/__/Drivers/STM32F4xx_HAL_Driver/Src/stm32f4xx_hal_i2c.c.obj
                0x08003bda                HAL_I2C_ListenCpltCallback
 .text.HAL_I2C_MemTxCpltCallback
                0x08003bdc        0x2 cmake/stm32cubemx/CMakeFiles/STM32_Drivers.dir/__/__/Drivers/STM32F4xx_HAL_Driver/Src/stm32f4xx_hal_i2c.c.obj
                0x08003bdc                HAL_I2C_MemTxCpltCallback
 .text.I2C_MemoryTransmit_TXE_BTF
                0x08003bde       0xb0 cmake/stm32cubemx/CMakeFiles/STM32_Drivers.dir/__/__/Drivers/STM32F4xx_HAL_Driver/Src/stm32f4xx_hal_i2c.c.obj
 .text.HAL_I2C_ErrorCallback
                0x08003c8e        0x2 cmake/stm32cubemx/CMakeFiles/STM32_Drivers.dir/__/__/Drivers/STM32F4xx_HAL_Driver/Src/stm32f4xx_hal_i2c.c.obj
                0x08003c8e                HAL_I2C_ErrorCallback
 .text.I2C_DMAError
                0x08003c90       0x44 cmake/stm32cubemx/CMakeFiles/STM32_Drivers.dir/__/__/Drivers/STM32F4xx_HAL_Driver/Src/stm32f4xx_hal_i2c.c.obj
 .text.I2C_DMAXferCplt
                0x08003cd4      0x114 cmake/stm32cubemx/CMakeFiles/STM32_Drivers.dir/__/__/Drivers/STM32F4xx_HAL_Driver/Src/stm32f4xx_hal_i2c.c.obj
 .text.HAL_I2C_AbortCpltCallback
                0x08003de8        0x2 cmake/stm32cubemx/CMakeFiles/STM32_Drivers.dir/__/__/Drivers/STM32F4xx_HAL_Driver/Src/stm32f4xx_hal_i2c.c.obj
                0x08003de8                HAL_I2C_AbortCpltCallback
 *fill*         0x08003dea        0x2 
 .text.I2C_DMAAbort
                0x08003dec       0xc0 cmake/stm32cubemx/CMakeFiles/STM32_Drivers.dir/__/__/Drivers/STM32F4xx_HAL_Driver/Src/stm32f4xx_hal_i2c.c.obj
 .text.I2C_ITError
                0x08003eac      0x150 cmake/stm32cubemx/CMakeFiles/STM32_Drivers.dir/__/__/Drivers/STM32F4xx_HAL_Driver/Src/stm32f4xx_hal_i2c.c.obj
 .text.HAL_I2C_EV_IRQHandler
                0x08003ffc      0x8a4 cmake/stm32cubemx/CMakeFiles/STM32_Drivers.dir/__/__/Drivers/STM32F4xx_HAL_Driver/Src/stm32f4xx_hal_i2c.c.obj
                0x08003ffc                HAL_I2C_EV_IRQHandler
 .text.HAL_I2C_ER_IRQHandler
                0x080048a0      0x138 cmake/stm32cubemx/CMakeFiles/STM32_Drivers.dir/__/__/Drivers/STM32F4xx_HAL_Driver/Src/stm32f4xx_hal_i2c.c.obj
                0x080048a0                HAL_I2C_ER_IRQHandler
 .text.HAL_I2CEx_ConfigAnalogFilter
                0x080049d8       0x3e cmake/stm32cubemx/CMakeFiles/STM32_Drivers.dir/__/__/Drivers/STM32F4xx_HAL_Driver/Src/stm32f4xx_hal_i2c_ex.c.obj
                0x080049d8                HAL_I2CEx_ConfigAnalogFilter
 .text.HAL_I2CEx_ConfigDigitalFilter
                0x08004a16       0x3e cmake/stm32cubemx/CMakeFiles/STM32_Drivers.dir/__/__/Drivers/STM32F4xx_HAL_Driver/Src/stm32f4xx_hal_i2c_ex.c.obj
                0x08004a16                HAL_I2CEx_ConfigDigitalFilter
 .text.HAL_SPI_Init
                0x08004a54       0xb8 cmake/stm32cubemx/CMakeFiles/STM32_Drivers.dir/__/__/Drivers/STM32F4xx_HAL_Driver/Src/stm32f4xx_hal_spi.c.obj
                0x08004a54                HAL_SPI_Init
 .text.USBD_Init
                0x08004b0c       0x26 cmake/stm32cubemx/CMakeFiles/USB_Device_Library.dir/__/__/Middlewares/ST/STM32_USB_Device_Library/Core/Src/usbd_core.c.obj
                0x08004b0c                USBD_Init
 .text.USBD_RegisterClass
                0x08004b32       0x32 cmake/stm32cubemx/CMakeFiles/USB_Device_Library.dir/__/__/Middlewares/ST/STM32_USB_Device_Library/Core/Src/usbd_core.c.obj
                0x08004b32                USBD_RegisterClass
 .text.USBD_Start
                0x08004b64        0x4 cmake/stm32cubemx/CMakeFiles/USB_Device_Library.dir/__/__/Middlewares/ST/STM32_USB_Device_Library/Core/Src/usbd_core.c.obj
                0x08004b64                USBD_Start
 .text.USBD_SetClassConfig
                0x08004b68        0xe cmake/stm32cubemx/CMakeFiles/USB_Device_Library.dir/__/__/Middlewares/ST/STM32_USB_Device_Library/Core/Src/usbd_core.c.obj
                0x08004b68                USBD_SetClassConfig
 .text.USBD_ClrClassConfig
                0x08004b76       0x12 cmake/stm32cubemx/CMakeFiles/USB_Device_Library.dir/__/__/Middlewares/ST/STM32_USB_Device_Library/Core/Src/usbd_core.c.obj
                0x08004b76                USBD_ClrClassConfig
 .text.USBD_LL_SetupStage
                0x08004b88       0x60 cmake/stm32cubemx/CMakeFiles/USB_Device_Library.dir/__/__/Middlewares/ST/STM32_USB_Device_Library/Core/Src/usbd_core.c.obj
                0x08004b88                USBD_LL_SetupStage
 .text.USBD_LL_DataOutStage
                0x08004be8       0x74 cmake/stm32cubemx/CMakeFiles/USB_Device_Library.dir/__/__/Middlewares/ST/STM32_USB_Device_Library/Core/Src/usbd_core.c.obj
                0x08004be8                USBD_LL_DataOutStage
 .text.USBD_LL_DataInStage
                0x08004c5c       0xa8 cmake/stm32cubemx/CMakeFiles/USB_Device_Library.dir/__/__/Middlewares/ST/STM32_USB_Device_Library/Core/Src/usbd_core.c.obj
                0x08004c5c                USBD_LL_DataInStage
 .text.USBD_LL_Reset
                0x08004d04       0x60 cmake/stm32cubemx/CMakeFiles/USB_Device_Library.dir/__/__/Middlewares/ST/STM32_USB_Device_Library/Core/Src/usbd_core.c.obj
                0x08004d04                USBD_LL_Reset
 .text.USBD_LL_SetSpeed
                0x08004d64        0x6 cmake/stm32cubemx/CMakeFiles/USB_Device_Library.dir/__/__/Middlewares/ST/STM32_USB_Device_Library/Core/Src/usbd_core.c.obj
                0x08004d64                USBD_LL_SetSpeed
 .text.USBD_LL_Suspend
                0x08004d6a       0x1c cmake/stm32cubemx/CMakeFiles/USB_Device_Library.dir/__/__/Middlewares/ST/STM32_USB_Device_Library/Core/Src/usbd_core.c.obj
                0x08004d6a                USBD_LL_Suspend
 .text.USBD_LL_Resume
                0x08004d86       0x16 cmake/stm32cubemx/CMakeFiles/USB_Device_Library.dir/__/__/Middlewares/ST/STM32_USB_Device_Library/Core/Src/usbd_core.c.obj
                0x08004d86                USBD_LL_Resume
 .text.USBD_LL_SOF
                0x08004d9c       0x1a cmake/stm32cubemx/CMakeFiles/USB_Device_Library.dir/__/__/Middlewares/ST/STM32_USB_Device_Library/Core/Src/usbd_core.c.obj
                0x08004d9c                USBD_LL_SOF
 .text.USBD_LL_IsoINIncomplete
                0x08004db6       0x26 cmake/stm32cubemx/CMakeFiles/USB_Device_Library.dir/__/__/Middlewares/ST/STM32_USB_Device_Library/Core/Src/usbd_core.c.obj
                0x08004db6                USBD_LL_IsoINIncomplete
 .text.USBD_LL_IsoOUTIncomplete
                0x08004ddc       0x26 cmake/stm32cubemx/CMakeFiles/USB_Device_Library.dir/__/__/Middlewares/ST/STM32_USB_Device_Library/Core/Src/usbd_core.c.obj
                0x08004ddc                USBD_LL_IsoOUTIncomplete
 .text.USBD_LL_DevConnected
                0x08004e02        0x4 cmake/stm32cubemx/CMakeFiles/USB_Device_Library.dir/__/__/Middlewares/ST/STM32_USB_Device_Library/Core/Src/usbd_core.c.obj
                0x08004e02                USBD_LL_DevConnected
 .text.USBD_LL_DevDisconnected
                0x08004e06       0x20 cmake/stm32cubemx/CMakeFiles/USB_Device_Library.dir/__/__/Middlewares/ST/STM32_USB_Device_Library/Core/Src/usbd_core.c.obj
                0x08004e06                USBD_LL_DevDisconnected
 .text.USBD_CoreFindIF
                0x08004e26        0x4 cmake/stm32cubemx/CMakeFiles/USB_Device_Library.dir/__/__/Middlewares/ST/STM32_USB_Device_Library/Core/Src/usbd_core.c.obj
                0x08004e26                USBD_CoreFindIF
 .text.USBD_CoreFindEP
                0x08004e2a        0x4 cmake/stm32cubemx/CMakeFiles/USB_Device_Library.dir/__/__/Middlewares/ST/STM32_USB_Device_Library/Core/Src/usbd_core.c.obj
                0x08004e2a                USBD_CoreFindEP
 .text.USBD_GetEpDesc
                0x08004e2e       0x24 cmake/stm32cubemx/CMakeFiles/USB_Device_Library.dir/__/__/Middlewares/ST/STM32_USB_Device_Library/Core/Src/usbd_core.c.obj
                0x08004e2e                USBD_GetEpDesc
 .text.USBD_CtlError.constprop.0
                0x08004e52       0x16 cmake/stm32cubemx/CMakeFiles/USB_Device_Library.dir/__/__/Middlewares/ST/STM32_USB_Device_Library/Core/Src/usbd_ctlreq.c.obj
 .text.USBD_StdDevReq
                0x08004e68      0x2c8 cmake/stm32cubemx/CMakeFiles/USB_Device_Library.dir/__/__/Middlewares/ST/STM32_USB_Device_Library/Core/Src/usbd_ctlreq.c.obj
                0x08004e68                USBD_StdDevReq
 .text.USBD_StdItfReq
                0x08005130       0x5e cmake/stm32cubemx/CMakeFiles/USB_Device_Library.dir/__/__/Middlewares/ST/STM32_USB_Device_Library/Core/Src/usbd_ctlreq.c.obj
                0x08005130                USBD_StdItfReq
 .text.USBD_StdEPReq
                0x0800518e      0x146 cmake/stm32cubemx/CMakeFiles/USB_Device_Library.dir/__/__/Middlewares/ST/STM32_USB_Device_Library/Core/Src/usbd_ctlreq.c.obj
                0x0800518e                USBD_StdEPReq
 .text.USBD_ParseSetupRequest
                0x080052d4       0x16 cmake/stm32cubemx/CMakeFiles/USB_Device_Library.dir/__/__/Middlewares/ST/STM32_USB_Device_Library/Core/Src/usbd_ctlreq.c.obj
                0x080052d4                USBD_ParseSetupRequest
 .text.USBD_CtlError
                0x080052ea       0x16 cmake/stm32cubemx/CMakeFiles/USB_Device_Library.dir/__/__/Middlewares/ST/STM32_USB_Device_Library/Core/Src/usbd_ctlreq.c.obj
                0x080052ea                USBD_CtlError
 .text.USBD_GetString
                0x08005300       0x38 cmake/stm32cubemx/CMakeFiles/USB_Device_Library.dir/__/__/Middlewares/ST/STM32_USB_Device_Library/Core/Src/usbd_ctlreq.c.obj
                0x08005300                USBD_GetString
 .text.USBD_CtlSendData
                0x08005338       0x1c cmake/stm32cubemx/CMakeFiles/USB_Device_Library.dir/__/__/Middlewares/ST/STM32_USB_Device_Library/Core/Src/usbd_ioreq.c.obj
                0x08005338                USBD_CtlSendData
 .text.USBD_CtlContinueSendData
                0x08005354       0x10 cmake/stm32cubemx/CMakeFiles/USB_Device_Library.dir/__/__/Middlewares/ST/STM32_USB_Device_Library/Core/Src/usbd_ioreq.c.obj
                0x08005354                USBD_CtlContinueSendData
 .text.USBD_CtlPrepareRx
                0x08005364       0x22 cmake/stm32cubemx/CMakeFiles/USB_Device_Library.dir/__/__/Middlewares/ST/STM32_USB_Device_Library/Core/Src/usbd_ioreq.c.obj
                0x08005364                USBD_CtlPrepareRx
 .text.USBD_CtlContinueRx
                0x08005386       0x10 cmake/stm32cubemx/CMakeFiles/USB_Device_Library.dir/__/__/Middlewares/ST/STM32_USB_Device_Library/Core/Src/usbd_ioreq.c.obj
                0x08005386                USBD_CtlContinueRx
 .text.USBD_CtlSendStatus
                0x08005396       0x16 cmake/stm32cubemx/CMakeFiles/USB_Device_Library.dir/__/__/Middlewares/ST/STM32_USB_Device_Library/Core/Src/usbd_ioreq.c.obj
                0x08005396                USBD_CtlSendStatus
 .text.USBD_CtlReceiveStatus
                0x080053ac       0x16 cmake/stm32cubemx/CMakeFiles/USB_Device_Library.dir/__/__/Middlewares/ST/STM32_USB_Device_Library/Core/Src/usbd_ioreq.c.obj
                0x080053ac                USBD_CtlReceiveStatus
 .text.USBD_CDC_EP0_RxReady
                0x080053c2       0x38 cmake/stm32cubemx/CMakeFiles/USB_Device_Library.dir/__/__/Middlewares/ST/STM32_USB_Device_Library/Class/CDC/Src/usbd_cdc.c.obj
 *fill*         0x080053fa        0x2 
 .text.USBD_CDC_GetDeviceQualifierDescriptor
                0x080053fc        0xc cmake/stm32cubemx/CMakeFiles/USB_Device_Library.dir/__/__/Middlewares/ST/STM32_USB_Device_Library/Class/CDC/Src/usbd_cdc.c.obj
                0x080053fc                USBD_CDC_GetDeviceQualifierDescriptor
 .text.USBD_CDC_GetFSCfgDesc
                0x08005408       0x48 cmake/stm32cubemx/CMakeFiles/USB_Device_Library.dir/__/__/Middlewares/ST/STM32_USB_Device_Library/Class/CDC/Src/usbd_cdc.c.obj
 .text.USBD_CDC_GetOtherSpeedCfgDesc
                0x08005450        0x4 cmake/stm32cubemx/CMakeFiles/USB_Device_Library.dir/__/__/Middlewares/ST/STM32_USB_Device_Library/Class/CDC/Src/usbd_cdc.c.obj
 .text.USBD_CDC_GetHSCfgDesc
                0x08005454       0x48 cmake/stm32cubemx/CMakeFiles/USB_Device_Library.dir/__/__/Middlewares/ST/STM32_USB_Device_Library/Class/CDC/Src/usbd_cdc.c.obj
 .text.USBD_CDC_DataOut
                0x0800549c       0x38 cmake/stm32cubemx/CMakeFiles/USB_Device_Library.dir/__/__/Middlewares/ST/STM32_USB_Device_Library/Class/CDC/Src/usbd_cdc.c.obj
 .text.USBD_CDC_DataIn
                0x080054d4       0x64 cmake/stm32cubemx/CMakeFiles/USB_Device_Library.dir/__/__/Middlewares/ST/STM32_USB_Device_Library/Class/CDC/Src/usbd_cdc.c.obj
 .text.USBD_CDC_Setup
                0x08005538       0xf0 cmake/stm32cubemx/CMakeFiles/USB_Device_Library.dir/__/__/Middlewares/ST/STM32_USB_Device_Library/Class/CDC/Src/usbd_cdc.c.obj
 .text.USBD_CDC_DeInit
                0x08005628       0x60 cmake/stm32cubemx/CMakeFiles/USB_Device_Library.dir/__/__/Middlewares/ST/STM32_USB_Device_Library/Class/CDC/Src/usbd_cdc.c.obj
 .text.USBD_CDC_Init
                0x08005688       0xc8 cmake/stm32cubemx/CMakeFiles/USB_Device_Library.dir/__/__/Middlewares/ST/STM32_USB_Device_Library/Class/CDC/Src/usbd_cdc.c.obj
 .text.USBD_CDC_RegisterInterface
                0x08005750       0x16 cmake/stm32cubemx/CMakeFiles/USB_Device_Library.dir/__/__/Middlewares/ST/STM32_USB_Device_Library/Class/CDC/Src/usbd_cdc.c.obj
                0x08005750                USBD_CDC_RegisterInterface
 .text.USBD_CDC_SetTxBuffer
                0x08005766       0x1c cmake/stm32cubemx/CMakeFiles/USB_Device_Library.dir/__/__/Middlewares/ST/STM32_USB_Device_Library/Class/CDC/Src/usbd_cdc.c.obj
                0x08005766                USBD_CDC_SetTxBuffer
 .text.USBD_CDC_SetRxBuffer
                0x08005782       0x18 cmake/stm32cubemx/CMakeFiles/USB_Device_Library.dir/__/__/Middlewares/ST/STM32_USB_Device_Library/Class/CDC/Src/usbd_cdc.c.obj
                0x08005782                USBD_CDC_SetRxBuffer
 .text.USBD_CDC_TransmitPacket
                0x0800579a       0x36 cmake/stm32cubemx/CMakeFiles/USB_Device_Library.dir/__/__/Middlewares/ST/STM32_USB_Device_Library/Class/CDC/Src/usbd_cdc.c.obj
                0x0800579a                USBD_CDC_TransmitPacket
 .text.USBD_CDC_ReceivePacket
                0x080057d0       0x2c cmake/stm32cubemx/CMakeFiles/USB_Device_Library.dir/__/__/Middlewares/ST/STM32_USB_Device_Library/Class/CDC/Src/usbd_cdc.c.obj
                0x080057d0                USBD_CDC_ReceivePacket
 .text.HAL_PCD_MspInit
                0x080057fc       0x90 CMakeFiles/1550.dir/USB_DEVICE/Target/usbd_conf.c.obj
                0x080057fc                HAL_PCD_MspInit
 .text.HAL_PCD_SetupStageCallback
                0x0800588c        0xc CMakeFiles/1550.dir/USB_DEVICE/Target/usbd_conf.c.obj
                0x0800588c                HAL_PCD_SetupStageCallback
 .text.HAL_PCD_DataOutStageCallback
                0x08005898       0x12 CMakeFiles/1550.dir/USB_DEVICE/Target/usbd_conf.c.obj
                0x08005898                HAL_PCD_DataOutStageCallback
 .text.HAL_PCD_DataInStageCallback
                0x080058aa       0x10 CMakeFiles/1550.dir/USB_DEVICE/Target/usbd_conf.c.obj
                0x080058aa                HAL_PCD_DataInStageCallback
 .text.HAL_PCD_SOFCallback
                0x080058ba        0x8 CMakeFiles/1550.dir/USB_DEVICE/Target/usbd_conf.c.obj
                0x080058ba                HAL_PCD_SOFCallback
 .text.HAL_PCD_ResetCallback
                0x080058c2       0x26 CMakeFiles/1550.dir/USB_DEVICE/Target/usbd_conf.c.obj
                0x080058c2                HAL_PCD_ResetCallback
 .text.HAL_PCD_SuspendCallback
                0x080058e8       0x30 CMakeFiles/1550.dir/USB_DEVICE/Target/usbd_conf.c.obj
                0x080058e8                HAL_PCD_SuspendCallback
 .text.HAL_PCD_ResumeCallback
                0x08005918        0x8 CMakeFiles/1550.dir/USB_DEVICE/Target/usbd_conf.c.obj
                0x08005918                HAL_PCD_ResumeCallback
 .text.HAL_PCD_ISOOUTIncompleteCallback
                0x08005920        0x8 CMakeFiles/1550.dir/USB_DEVICE/Target/usbd_conf.c.obj
                0x08005920                HAL_PCD_ISOOUTIncompleteCallback
 .text.HAL_PCD_ISOINIncompleteCallback
                0x08005928        0x8 CMakeFiles/1550.dir/USB_DEVICE/Target/usbd_conf.c.obj
                0x08005928                HAL_PCD_ISOINIncompleteCallback
 .text.HAL_PCD_ConnectCallback
                0x08005930        0x8 CMakeFiles/1550.dir/USB_DEVICE/Target/usbd_conf.c.obj
                0x08005930                HAL_PCD_ConnectCallback
 .text.HAL_PCD_DisconnectCallback
                0x08005938        0x8 CMakeFiles/1550.dir/USB_DEVICE/Target/usbd_conf.c.obj
                0x08005938                HAL_PCD_DisconnectCallback
 .text.USBD_LL_Init
                0x08005940       0x68 CMakeFiles/1550.dir/USB_DEVICE/Target/usbd_conf.c.obj
                0x08005940                USBD_LL_Init
 .text.USBD_LL_IsStallEP
                0x080059a8       0x24 CMakeFiles/1550.dir/USB_DEVICE/Target/usbd_conf.c.obj
                0x080059a8                USBD_LL_IsStallEP
 .text.USBD_LL_GetRxDataSize
                0x080059cc        0x8 CMakeFiles/1550.dir/USB_DEVICE/Target/usbd_conf.c.obj
                0x080059cc                USBD_LL_GetRxDataSize
 .text.USBD_static_malloc
                0x080059d4        0x8 CMakeFiles/1550.dir/USB_DEVICE/Target/usbd_conf.c.obj
                0x080059d4                USBD_static_malloc
 .text.USBD_static_free
                0x080059dc        0x2 CMakeFiles/1550.dir/USB_DEVICE/Target/usbd_conf.c.obj
                0x080059dc                USBD_static_free
 .text.USBD_Get_USB_Status
                0x080059de        0xc CMakeFiles/1550.dir/USB_DEVICE/Target/usbd_conf.c.obj
                0x080059de                USBD_Get_USB_Status
 .text.USBD_LL_Start
                0x080059ea       0x12 CMakeFiles/1550.dir/USB_DEVICE/Target/usbd_conf.c.obj
                0x080059ea                USBD_LL_Start
 .text.USBD_LL_OpenEP
                0x080059fc       0x18 CMakeFiles/1550.dir/USB_DEVICE/Target/usbd_conf.c.obj
                0x080059fc                USBD_LL_OpenEP
 .text.USBD_LL_CloseEP
                0x08005a14       0x12 CMakeFiles/1550.dir/USB_DEVICE/Target/usbd_conf.c.obj
                0x08005a14                USBD_LL_CloseEP
 .text.USBD_LL_StallEP
                0x08005a26       0x12 CMakeFiles/1550.dir/USB_DEVICE/Target/usbd_conf.c.obj
                0x08005a26                USBD_LL_StallEP
 .text.USBD_LL_ClearStallEP
                0x08005a38       0x12 CMakeFiles/1550.dir/USB_DEVICE/Target/usbd_conf.c.obj
                0x08005a38                USBD_LL_ClearStallEP
 .text.USBD_LL_SetUSBAddress
                0x08005a4a       0x12 CMakeFiles/1550.dir/USB_DEVICE/Target/usbd_conf.c.obj
                0x08005a4a                USBD_LL_SetUSBAddress
 .text.USBD_LL_Transmit
                0x08005a5c       0x12 CMakeFiles/1550.dir/USB_DEVICE/Target/usbd_conf.c.obj
                0x08005a5c                USBD_LL_Transmit
 .text.USBD_LL_PrepareReceive
                0x08005a6e       0x12 CMakeFiles/1550.dir/USB_DEVICE/Target/usbd_conf.c.obj
                0x08005a6e                USBD_LL_PrepareReceive
 .text.MX_USB_DEVICE_Init
                0x08005a80       0x50 CMakeFiles/1550.dir/USB_DEVICE/App/usb_device.c.obj
                0x08005a80                MX_USB_DEVICE_Init
 .text.USBD_HS_DeviceDescriptor
                0x08005ad0        0xc CMakeFiles/1550.dir/USB_DEVICE/App/usbd_desc.c.obj
                0x08005ad0                USBD_HS_DeviceDescriptor
 .text.USBD_HS_LangIDStrDescriptor
                0x08005adc        0xc CMakeFiles/1550.dir/USB_DEVICE/App/usbd_desc.c.obj
                0x08005adc                USBD_HS_LangIDStrDescriptor
 .text.IntToUnicode
                0x08005ae8       0x2a CMakeFiles/1550.dir/USB_DEVICE/App/usbd_desc.c.obj
 *fill*         0x08005b12        0x2 
 .text.USBD_HS_SerialStrDescriptor
                0x08005b14       0x3c CMakeFiles/1550.dir/USB_DEVICE/App/usbd_desc.c.obj
                0x08005b14                USBD_HS_SerialStrDescriptor
 .text.USBD_HS_ManufacturerStrDescriptor
                0x08005b50       0x18 CMakeFiles/1550.dir/USB_DEVICE/App/usbd_desc.c.obj
                0x08005b50                USBD_HS_ManufacturerStrDescriptor
 .text.USBD_HS_ProductStrDescriptor
                0x08005b68       0x18 CMakeFiles/1550.dir/USB_DEVICE/App/usbd_desc.c.obj
                0x08005b68                USBD_HS_ProductStrDescriptor
 .text.USBD_HS_ConfigStrDescriptor
                0x08005b80       0x18 CMakeFiles/1550.dir/USB_DEVICE/App/usbd_desc.c.obj
                0x08005b80                USBD_HS_ConfigStrDescriptor
 .text.USBD_HS_InterfaceStrDescriptor
                0x08005b98       0x18 CMakeFiles/1550.dir/USB_DEVICE/App/usbd_desc.c.obj
                0x08005b98                USBD_HS_InterfaceStrDescriptor
 .text.CDC_DeInit_HS
                0x08005bb0        0x4 CMakeFiles/1550.dir/USB_DEVICE/App/usbd_cdc_if.c.obj
 .text.CDC_Control_HS
                0x08005bb4        0x4 CMakeFiles/1550.dir/USB_DEVICE/App/usbd_cdc_if.c.obj
 .text.CDC_TransmitCplt_HS
                0x08005bb8        0xa CMakeFiles/1550.dir/USB_DEVICE/App/usbd_cdc_if.c.obj
 *fill*         0x08005bc2        0x2 
 .text.CDC_Receive_HS
                0x08005bc4       0x20 CMakeFiles/1550.dir/USB_DEVICE/App/usbd_cdc_if.c.obj
 .text.CDC_Init_HS
                0x08005be4       0x28 CMakeFiles/1550.dir/USB_DEVICE/App/usbd_cdc_if.c.obj
 .text.CDC_Transmit_HS
                0x08005c0c       0x2c CMakeFiles/1550.dir/USB_DEVICE/App/usbd_cdc_if.c.obj
                0x08005c0c                CDC_Transmit_HS
 .text.SystemClock_Config
                0x08005c38       0xa4 CMakeFiles/1550.dir/Core/Src/main.c.obj
                0x08005c38                SystemClock_Config
 .text.PeriphCommonClock_Config
                0x08005cdc       0x2a CMakeFiles/1550.dir/Core/Src/main.c.obj
                0x08005cdc                PeriphCommonClock_Config
 *fill*         0x08005d06        0x2 
 .text.startup.main
                0x08005d08      0x27c CMakeFiles/1550.dir/Core/Src/main.c.obj
                0x08005d08                main
 .text.HAL_I2C_MemRxCpltCallback
                0x08005f84       0x14 CMakeFiles/1550.dir/Core/Src/main.c.obj
                0x08005f84                HAL_I2C_MemRxCpltCallback
 .text.HAL_TIM_PeriodElapsedCallback
                0x08005f98       0x20 CMakeFiles/1550.dir/Core/Src/main.c.obj
                0x08005f98                HAL_TIM_PeriodElapsedCallback
 .text.Error_Handler
                0x08005fb8        0x4 CMakeFiles/1550.dir/Core/Src/main.c.obj
                0x08005fb8                Error_Handler
 .text.NMI_Handler
                0x08005fbc        0x2 CMakeFiles/1550.dir/Core/Src/stm32f4xx_it.c.obj
                0x08005fbc                NMI_Handler
 .text.HardFault_Handler
                0x08005fbe        0x2 CMakeFiles/1550.dir/Core/Src/stm32f4xx_it.c.obj
                0x08005fbe                HardFault_Handler
 .text.MemManage_Handler
                0x08005fc0        0x2 CMakeFiles/1550.dir/Core/Src/stm32f4xx_it.c.obj
                0x08005fc0                MemManage_Handler
 .text.BusFault_Handler
                0x08005fc2        0x2 CMakeFiles/1550.dir/Core/Src/stm32f4xx_it.c.obj
                0x08005fc2                BusFault_Handler
 .text.UsageFault_Handler
                0x08005fc4        0x2 CMakeFiles/1550.dir/Core/Src/stm32f4xx_it.c.obj
                0x08005fc4                UsageFault_Handler
 .text.SVC_Handler
                0x08005fc6        0x2 CMakeFiles/1550.dir/Core/Src/stm32f4xx_it.c.obj
                0x08005fc6                SVC_Handler
 .text.DebugMon_Handler
                0x08005fc8        0x2 CMakeFiles/1550.dir/Core/Src/stm32f4xx_it.c.obj
                0x08005fc8                DebugMon_Handler
 .text.PendSV_Handler
                0x08005fca        0x2 CMakeFiles/1550.dir/Core/Src/stm32f4xx_it.c.obj
                0x08005fca                PendSV_Handler
 .text.SysTick_Handler
                0x08005fcc        0x2 CMakeFiles/1550.dir/Core/Src/stm32f4xx_it.c.obj
                0x08005fcc                SysTick_Handler
 .text.EXTI2_IRQHandler
                0x08005fce        0x2 CMakeFiles/1550.dir/Core/Src/stm32f4xx_it.c.obj
                0x08005fce                EXTI2_IRQHandler
 .text.DMA1_Stream2_IRQHandler
                0x08005fd0        0xc CMakeFiles/1550.dir/Core/Src/stm32f4xx_it.c.obj
                0x08005fd0                DMA1_Stream2_IRQHandler
 .text.TIM1_UP_TIM10_IRQHandler
                0x08005fdc        0xc CMakeFiles/1550.dir/Core/Src/stm32f4xx_it.c.obj
                0x08005fdc                TIM1_UP_TIM10_IRQHandler
 .text.I2C2_EV_IRQHandler
                0x08005fe8        0xc CMakeFiles/1550.dir/Core/Src/stm32f4xx_it.c.obj
                0x08005fe8                I2C2_EV_IRQHandler
 .text.I2C2_ER_IRQHandler
                0x08005ff4        0xc CMakeFiles/1550.dir/Core/Src/stm32f4xx_it.c.obj
                0x08005ff4                I2C2_ER_IRQHandler
 .text.TIM6_DAC_IRQHandler
                0x08006000       0x1c CMakeFiles/1550.dir/Core/Src/stm32f4xx_it.c.obj
                0x08006000                TIM6_DAC_IRQHandler
 .text.DMA2_Stream6_IRQHandler
                0x0800601c        0xc CMakeFiles/1550.dir/Core/Src/stm32f4xx_it.c.obj
                0x0800601c                DMA2_Stream6_IRQHandler
 .text.OTG_HS_IRQHandler
                0x08006028        0xc CMakeFiles/1550.dir/Core/Src/stm32f4xx_it.c.obj
                0x08006028                OTG_HS_IRQHandler
 .text.HAL_MspInit
                0x08006034       0x38 CMakeFiles/1550.dir/Core/Src/stm32f4xx_hal_msp.c.obj
                0x08006034                HAL_MspInit
 .text.HAL_DAC_MspInit
                0x0800606c       0x74 CMakeFiles/1550.dir/Core/Src/stm32f4xx_hal_msp.c.obj
                0x0800606c                HAL_DAC_MspInit
 .text.HAL_I2C_MspInit
                0x080060e0       0xc4 CMakeFiles/1550.dir/Core/Src/stm32f4xx_hal_msp.c.obj
                0x080060e0                HAL_I2C_MspInit
 .text.HAL_SPI_MspInit
                0x080061a4       0xa8 CMakeFiles/1550.dir/Core/Src/stm32f4xx_hal_msp.c.obj
                0x080061a4                HAL_SPI_MspInit
 .text.HAL_TIM_Base_MspInit
                0x0800624c       0x44 CMakeFiles/1550.dir/Core/Src/stm32f4xx_hal_msp.c.obj
                0x0800624c                HAL_TIM_Base_MspInit
 .text.HAL_InitTick
                0x08006290       0x94 CMakeFiles/1550.dir/Core/Src/stm32f4xx_hal_timebase_tim.c.obj
                0x08006290                HAL_InitTick
 .text._sbrk    0x08006324       0x3c CMakeFiles/1550.dir/Core/Src/sysmem.c.obj
                0x08006324                _sbrk
 .text._getpid  0x08006360        0x4 CMakeFiles/1550.dir/Core/Src/syscalls.c.obj
                0x08006360                _getpid
 .text._kill    0x08006364       0x10 CMakeFiles/1550.dir/Core/Src/syscalls.c.obj
                0x08006364                _kill
 .text._exit    0x08006374        0xc CMakeFiles/1550.dir/Core/Src/syscalls.c.obj
                0x08006374                _exit
 .text._read    0x08006380       0x1c CMakeFiles/1550.dir/Core/Src/syscalls.c.obj
                0x08006380                _read
 .text._write   0x0800639c       0x1c CMakeFiles/1550.dir/Core/Src/syscalls.c.obj
                0x0800639c                _write
 .text._close   0x080063b8        0x6 CMakeFiles/1550.dir/Core/Src/syscalls.c.obj
                0x080063b8                _close
 .text._fstat   0x080063be        0xa CMakeFiles/1550.dir/Core/Src/syscalls.c.obj
                0x080063be                _fstat
 .text._isatty  0x080063c8        0x4 CMakeFiles/1550.dir/Core/Src/syscalls.c.obj
                0x080063c8                _isatty
 .text._lseek   0x080063cc        0x4 CMakeFiles/1550.dir/Core/Src/syscalls.c.obj
                0x080063cc                _lseek
 .text.Reset_Handler
                0x080063d0       0x50 CMakeFiles/1550.dir/startup_stm32f429xx.s.obj
                0x080063d0                Reset_Handler
 .text.Default_Handler
                0x08006420        0x2 CMakeFiles/1550.dir/startup_stm32f429xx.s.obj
                0x08006420                RTC_Alarm_IRQHandler
                0x08006420                HASH_RNG_IRQHandler
                0x08006420                TIM8_CC_IRQHandler
                0x08006420                UART8_IRQHandler
                0x08006420                SPI4_IRQHandler
                0x08006420                TIM1_CC_IRQHandler
                0x08006420                DMA2_Stream5_IRQHandler
                0x08006420                DMA1_Stream5_IRQHandler
                0x08006420                PVD_IRQHandler
                0x08006420                SDIO_IRQHandler
                0x08006420                TAMP_STAMP_IRQHandler
                0x08006420                CAN2_RX1_IRQHandler
                0x08006420                EXTI3_IRQHandler
                0x08006420                TIM8_TRG_COM_TIM14_IRQHandler
                0x08006420                TIM8_UP_TIM13_IRQHandler
                0x08006420                I2C3_ER_IRQHandler
                0x08006420                EXTI0_IRQHandler
                0x08006420                CAN1_RX0_IRQHandler
                0x08006420                FPU_IRQHandler
                0x08006420                OTG_HS_WKUP_IRQHandler
                0x08006420                LTDC_ER_IRQHandler
                0x08006420                CAN2_SCE_IRQHandler
                0x08006420                DMA2_Stream2_IRQHandler
                0x08006420                SPI1_IRQHandler
                0x08006420                TIM1_BRK_TIM9_IRQHandler
                0x08006420                DCMI_IRQHandler
                0x08006420                CAN2_RX0_IRQHandler
                0x08006420                DMA2_Stream3_IRQHandler
                0x08006420                USART6_IRQHandler
                0x08006420                USART3_IRQHandler
                0x08006420                CAN1_RX1_IRQHandler
                0x08006420                UART5_IRQHandler
                0x08006420                DMA2_Stream0_IRQHandler
                0x08006420                TIM4_IRQHandler
                0x08006420                I2C1_EV_IRQHandler
                0x08006420                DMA1_Stream6_IRQHandler
                0x08006420                DMA1_Stream1_IRQHandler
                0x08006420                UART4_IRQHandler
                0x08006420                TIM3_IRQHandler
                0x08006420                RCC_IRQHandler
                0x08006420                TIM8_BRK_TIM12_IRQHandler
                0x08006420                Default_Handler
                0x08006420                EXTI15_10_IRQHandler
                0x08006420                ADC_IRQHandler
                0x08006420                DMA1_Stream7_IRQHandler
                0x08006420                SPI5_IRQHandler
                0x08006420                TIM7_IRQHandler
                0x08006420                CAN2_TX_IRQHandler
                0x08006420                TIM5_IRQHandler
                0x08006420                DMA2_Stream7_IRQHandler
                0x08006420                I2C3_EV_IRQHandler
                0x08006420                EXTI9_5_IRQHandler
                0x08006420                RTC_WKUP_IRQHandler
                0x08006420                LTDC_IRQHandler
                0x08006420                ETH_WKUP_IRQHandler
                0x08006420                SPI2_IRQHandler
                0x08006420                OTG_HS_EP1_IN_IRQHandler
                0x08006420                DMA1_Stream0_IRQHandler
                0x08006420                CAN1_TX_IRQHandler
                0x08006420                EXTI4_IRQHandler
                0x08006420                ETH_IRQHandler
                0x08006420                OTG_HS_EP1_OUT_IRQHandler
                0x08006420                WWDG_IRQHandler
                0x08006420                SPI6_IRQHandler
                0x08006420                TIM2_IRQHandler
                0x08006420                OTG_FS_WKUP_IRQHandler
                0x08006420                TIM1_TRG_COM_TIM11_IRQHandler
                0x08006420                DMA2D_IRQHandler
                0x08006420                EXTI1_IRQHandler
                0x08006420                UART7_IRQHandler
                0x08006420                USART2_IRQHandler
                0x08006420                DMA2_Stream1_IRQHandler
                0x08006420                CAN1_SCE_IRQHandler
                0x08006420                FLASH_IRQHandler
                0x08006420                DMA2_Stream4_IRQHandler
                0x08006420                USART1_IRQHandler
                0x08006420                OTG_FS_IRQHandler
                0x08006420                SPI3_IRQHandler
                0x08006420                DMA1_Stream4_IRQHandler
                0x08006420                I2C1_ER_IRQHandler
                0x08006420                FMC_IRQHandler
                0x08006420                SAI1_IRQHandler
                0x08006420                DMA1_Stream3_IRQHandler
 *fill*         0x08006422        0x2 
 .text.WriteDAC1
                0x08006424       0x24 CMakeFiles/1550.dir/App/Src/thermal_control.c.obj
 .text.Thermal_Init
                0x08006448       0xac CMakeFiles/1550.dir/App/Src/thermal_control.c.obj
                0x08006448                Thermal_Init
 .text.Thermal_Start
                0x080064f4       0x28 CMakeFiles/1550.dir/App/Src/thermal_control.c.obj
                0x080064f4                Thermal_Start
 .text.Thermal_Stop
                0x0800651c       0x28 CMakeFiles/1550.dir/App/Src/thermal_control.c.obj
                0x0800651c                Thermal_Stop
 .text.Thermal_SetTarget
                0x08006544        0xc CMakeFiles/1550.dir/App/Src/thermal_control.c.obj
                0x08006544                Thermal_SetTarget
 .text.Thermal_SetPIDGains
                0x08006550       0x14 CMakeFiles/1550.dir/App/Src/thermal_control.c.obj
                0x08006550                Thermal_SetPIDGains
 .text.Thermal_GetPIDGains
                0x08006564       0x20 CMakeFiles/1550.dir/App/Src/thermal_control.c.obj
                0x08006564                Thermal_GetPIDGains
 .text.Thermal_GetTemperature
                0x08006584        0xc CMakeFiles/1550.dir/App/Src/thermal_control.c.obj
                0x08006584                Thermal_GetTemperature
 .text.Thermal_GetTECOutput
                0x08006590        0xc CMakeFiles/1550.dir/App/Src/thermal_control.c.obj
                0x08006590                Thermal_GetTECOutput
 .text.Thermal_TIM6_Handler
                0x0800659c       0x24 CMakeFiles/1550.dir/App/Src/thermal_control.c.obj
                0x0800659c                Thermal_TIM6_Handler
 .text.Thermal_I2C_DMAComplete_Handler
                0x080065c0      0x160 CMakeFiles/1550.dir/App/Src/thermal_control.c.obj
                0x080065c0                Thermal_I2C_DMAComplete_Handler
 .text.LaserCurrent_NotifyThermalError
                0x08006720        0x2 CMakeFiles/1550.dir/App/Src/laser_current.c.obj
                0x08006720                LaserCurrent_NotifyThermalError
 .text.str_icmp
                0x08006722       0x34 CMakeFiles/1550.dir/App/Src/usb_comm.c.obj
 *fill*         0x08006756        0x2 
 .text.QueueEcho
                0x08006758       0x2c CMakeFiles/1550.dir/App/Src/usb_comm.c.obj
 .text.str_nicmp.part.0.constprop.0
                0x08006784       0x52 CMakeFiles/1550.dir/App/Src/usb_comm.c.obj
 *fill*         0x080067d6        0x2 
 .text.USB_Comm_Init
                0x080067d8       0x7c CMakeFiles/1550.dir/App/Src/usb_comm.c.obj
                0x080067d8                USB_Comm_Init
 .text.USB_Comm_ReceiveFromISR
                0x08006854       0xe8 CMakeFiles/1550.dir/App/Src/usb_comm.c.obj
                0x08006854                USB_Comm_ReceiveFromISR
 .text.USB_Comm_FlushTx
                0x0800693c       0x80 CMakeFiles/1550.dir/App/Src/usb_comm.c.obj
                0x0800693c                USB_Comm_FlushTx
 .text.USB_Comm_SendData
                0x080069bc       0x4c CMakeFiles/1550.dir/App/Src/usb_comm.c.obj
                0x080069bc                USB_Comm_SendData
 .text.USB_Comm_SendMessage
                0x08006a08       0x18 CMakeFiles/1550.dir/App/Src/usb_comm.c.obj
                0x08006a08                USB_Comm_SendMessage
 .text.USB_Comm_Process
                0x08006a20      0x498 CMakeFiles/1550.dir/App/Src/usb_comm.c.obj
                0x08006a20                USB_Comm_Process
 .text.USB_Comm_TxComplete
                0x08006eb8       0x14 CMakeFiles/1550.dir/App/Src/usb_comm.c.obj
                0x08006eb8                USB_Comm_TxComplete
 .text.__udivmoddi4
                0x08006ecc      0x2f8 C:/PROGRA~2/ARMGNU~1/142BCE~1.3RE/bin/../lib/gcc/arm-none-eabi/14.3.1/thumb/v7e-m+fp/hard\libgcc.a(_udivmoddi4.o)
                0x08006ecc                __udivmoddi4
 .text.atof     0x080071c4        0x6 C:/PROGRA~2/ARMGNU~1/142BCE~1.3RE/bin/../lib/gcc/arm-none-eabi/14.3.1/../../../../arm-none-eabi/lib/thumb/v7e-m+fp/hard\libg_nano.a(libc_a-atof.o)
                0x080071c4                atof
 .text.atoi     0x080071ca        0x8 C:/PROGRA~2/ARMGNU~1/142BCE~1.3RE/bin/../lib/gcc/arm-none-eabi/14.3.1/../../../../arm-none-eabi/lib/thumb/v7e-m+fp/hard\libg_nano.a(libc_a-atoi.o)
                0x080071ca                atoi
 .text.sulp     0x080071d2       0x3c C:/PROGRA~2/ARMGNU~1/142BCE~1.3RE/bin/../lib/gcc/arm-none-eabi/14.3.1/../../../../arm-none-eabi/lib/thumb/v7e-m+fp/hard\libg_nano.a(libc_a-strtod.o)
 *fill*         0x0800720e        0x2 
 .text._strtod_l
                0x08007210      0xbb8 C:/PROGRA~2/ARMGNU~1/142BCE~1.3RE/bin/../lib/gcc/arm-none-eabi/14.3.1/../../../../arm-none-eabi/lib/thumb/v7e-m+fp/hard\libg_nano.a(libc_a-strtod.o)
                0x08007210                _strtod_l
 .text.strtod   0x08007dc8       0x18 C:/PROGRA~2/ARMGNU~1/142BCE~1.3RE/bin/../lib/gcc/arm-none-eabi/14.3.1/../../../../arm-none-eabi/lib/thumb/v7e-m+fp/hard\libg_nano.a(libc_a-strtod.o)
                0x08007dc8                strtod
 .text._strtol_l.isra.0
                0x08007de0       0xf4 C:/PROGRA~2/ARMGNU~1/142BCE~1.3RE/bin/../lib/gcc/arm-none-eabi/14.3.1/../../../../arm-none-eabi/lib/thumb/v7e-m+fp/hard\libg_nano.a(libc_a-strtol.o)
 .text.strtol   0x08007ed4       0x14 C:/PROGRA~2/ARMGNU~1/142BCE~1.3RE/bin/../lib/gcc/arm-none-eabi/14.3.1/../../../../arm-none-eabi/lib/thumb/v7e-m+fp/hard\libg_nano.a(libc_a-strtol.o)
                0x08007ed4                strtol
 .text.std      0x08007ee8       0x6c C:/PROGRA~2/ARMGNU~1/142BCE~1.3RE/bin/../lib/gcc/arm-none-eabi/14.3.1/../../../../arm-none-eabi/lib/thumb/v7e-m+fp/hard\libg_nano.a(libc_a-findfp.o)
 .text.stdio_exit_handler
                0x08007f54       0x18 C:/PROGRA~2/ARMGNU~1/142BCE~1.3RE/bin/../lib/gcc/arm-none-eabi/14.3.1/../../../../arm-none-eabi/lib/thumb/v7e-m+fp/hard\libg_nano.a(libc_a-findfp.o)
 .text.cleanup_stdio
                0x08007f6c       0x40 C:/PROGRA~2/ARMGNU~1/142BCE~1.3RE/bin/../lib/gcc/arm-none-eabi/14.3.1/../../../../arm-none-eabi/lib/thumb/v7e-m+fp/hard\libg_nano.a(libc_a-findfp.o)
 .text.global_stdio_init.part.0
                0x08007fac       0x40 C:/PROGRA~2/ARMGNU~1/142BCE~1.3RE/bin/../lib/gcc/arm-none-eabi/14.3.1/../../../../arm-none-eabi/lib/thumb/v7e-m+fp/hard\libg_nano.a(libc_a-findfp.o)
 .text.__sfp_lock_acquire
                0x08007fec        0xc C:/PROGRA~2/ARMGNU~1/142BCE~1.3RE/bin/../lib/gcc/arm-none-eabi/14.3.1/../../../../arm-none-eabi/lib/thumb/v7e-m+fp/hard\libg_nano.a(libc_a-findfp.o)
                0x08007fec                __sfp_lock_acquire
 .text.__sfp_lock_release
                0x08007ff8        0xc C:/PROGRA~2/ARMGNU~1/142BCE~1.3RE/bin/../lib/gcc/arm-none-eabi/14.3.1/../../../../arm-none-eabi/lib/thumb/v7e-m+fp/hard\libg_nano.a(libc_a-findfp.o)
                0x08007ff8                __sfp_lock_release
 .text.__sinit  0x08008004       0x30 C:/PROGRA~2/ARMGNU~1/142BCE~1.3RE/bin/../lib/gcc/arm-none-eabi/14.3.1/../../../../arm-none-eabi/lib/thumb/v7e-m+fp/hard\libg_nano.a(libc_a-findfp.o)
                0x08008004                __sinit
 .text._fwalk_sglue
                0x08008034       0x3c C:/PROGRA~2/ARMGNU~1/142BCE~1.3RE/bin/../lib/gcc/arm-none-eabi/14.3.1/../../../../arm-none-eabi/lib/thumb/v7e-m+fp/hard\libg_nano.a(libc_a-fwalk.o)
                0x08008034                _fwalk_sglue
 .text.snprintf
                0x08008070       0x6c C:/PROGRA~2/ARMGNU~1/142BCE~1.3RE/bin/../lib/gcc/arm-none-eabi/14.3.1/../../../../arm-none-eabi/lib/thumb/v7e-m+fp/hard\libg_nano.a(libc_a-snprintf.o)
                0x08008070                sniprintf
                0x08008070                snprintf
 .text.__sread  0x080080dc       0x22 C:/PROGRA~2/ARMGNU~1/142BCE~1.3RE/bin/../lib/gcc/arm-none-eabi/14.3.1/../../../../arm-none-eabi/lib/thumb/v7e-m+fp/hard\libg_nano.a(libc_a-stdio.o)
                0x080080dc                __sread
 .text.__swrite
                0x080080fe       0x38 C:/PROGRA~2/ARMGNU~1/142BCE~1.3RE/bin/../lib/gcc/arm-none-eabi/14.3.1/../../../../arm-none-eabi/lib/thumb/v7e-m+fp/hard\libg_nano.a(libc_a-stdio.o)
                0x080080fe                __swrite
 .text.__sseek  0x08008136       0x26 C:/PROGRA~2/ARMGNU~1/142BCE~1.3RE/bin/../lib/gcc/arm-none-eabi/14.3.1/../../../../arm-none-eabi/lib/thumb/v7e-m+fp/hard\libg_nano.a(libc_a-stdio.o)
                0x08008136                __sseek
 .text.__sclose
                0x0800815c        0x8 C:/PROGRA~2/ARMGNU~1/142BCE~1.3RE/bin/../lib/gcc/arm-none-eabi/14.3.1/../../../../arm-none-eabi/lib/thumb/v7e-m+fp/hard\libg_nano.a(libc_a-stdio.o)
                0x0800815c                __sclose
 .text.memset   0x08008164       0x10 C:/PROGRA~2/ARMGNU~1/142BCE~1.3RE/bin/../lib/gcc/arm-none-eabi/14.3.1/../../../../arm-none-eabi/lib/thumb/v7e-m+fp/hard\libg_nano.a(libc_a-memset.o)
                0x08008164                memset
 .text.strchr   0x08008174       0x1a C:/PROGRA~2/ARMGNU~1/142BCE~1.3RE/bin/../lib/gcc/arm-none-eabi/14.3.1/../../../../arm-none-eabi/lib/thumb/v7e-m+fp/hard\libg_nano.a(libc_a-strchr.o)
                0x08008174                strchr
 .text.strncmp  0x0800818e       0x24 C:/PROGRA~2/ARMGNU~1/142BCE~1.3RE/bin/../lib/gcc/arm-none-eabi/14.3.1/../../../../arm-none-eabi/lib/thumb/v7e-m+fp/hard\libg_nano.a(libc_a-strncmp.o)
                0x0800818e                strncmp
 *fill*         0x080081b2        0x2 
 .text.strtok   0x080081b4       0x7c C:/PROGRA~2/ARMGNU~1/142BCE~1.3RE/bin/../lib/gcc/arm-none-eabi/14.3.1/../../../../arm-none-eabi/lib/thumb/v7e-m+fp/hard\libg_nano.a(libc_a-strtok.o)
                0x080081b4                strtok
 .text.__strtok_r
                0x08008230       0x50 C:/PROGRA~2/ARMGNU~1/142BCE~1.3RE/bin/../lib/gcc/arm-none-eabi/14.3.1/../../../../arm-none-eabi/lib/thumb/v7e-m+fp/hard\libg_nano.a(libc_a-strtok_r.o)
                0x08008230                __strtok_r
 .text._close_r
                0x08008280       0x20 C:/PROGRA~2/ARMGNU~1/142BCE~1.3RE/bin/../lib/gcc/arm-none-eabi/14.3.1/../../../../arm-none-eabi/lib/thumb/v7e-m+fp/hard\libg_nano.a(libc_a-closer.o)
                0x08008280                _close_r
 .text._lseek_r
                0x080082a0       0x24 C:/PROGRA~2/ARMGNU~1/142BCE~1.3RE/bin/../lib/gcc/arm-none-eabi/14.3.1/../../../../arm-none-eabi/lib/thumb/v7e-m+fp/hard\libg_nano.a(libc_a-lseekr.o)
                0x080082a0                _lseek_r
 .text._read_r  0x080082c4       0x24 C:/PROGRA~2/ARMGNU~1/142BCE~1.3RE/bin/../lib/gcc/arm-none-eabi/14.3.1/../../../../arm-none-eabi/lib/thumb/v7e-m+fp/hard\libg_nano.a(libc_a-readr.o)
                0x080082c4                _read_r
 .text._write_r
                0x080082e8       0x24 C:/PROGRA~2/ARMGNU~1/142BCE~1.3RE/bin/../lib/gcc/arm-none-eabi/14.3.1/../../../../arm-none-eabi/lib/thumb/v7e-m+fp/hard\libg_nano.a(libc_a-writer.o)
                0x080082e8                _write_r
 .text.__errno  0x0800830c        0xc C:/PROGRA~2/ARMGNU~1/142BCE~1.3RE/bin/../lib/gcc/arm-none-eabi/14.3.1/../../../../arm-none-eabi/lib/thumb/v7e-m+fp/hard\libg_nano.a(libc_a-errno.o)
                0x0800830c                __errno
 .text.__libc_init_array
                0x08008318       0x48 C:/PROGRA~2/ARMGNU~1/142BCE~1.3RE/bin/../lib/gcc/arm-none-eabi/14.3.1/../../../../arm-none-eabi/lib/thumb/v7e-m+fp/hard\libg_nano.a(libc_a-init.o)
                0x08008318                __libc_init_array
 .text.__retarget_lock_init_recursive
                0x08008360        0x2 C:/PROGRA~2/ARMGNU~1/142BCE~1.3RE/bin/../lib/gcc/arm-none-eabi/14.3.1/../../../../arm-none-eabi/lib/thumb/v7e-m+fp/hard\libg_nano.a(libc_a-lock.o)
                0x08008360                __retarget_lock_init_recursive
 .text.__retarget_lock_acquire_recursive
                0x08008362        0x2 C:/PROGRA~2/ARMGNU~1/142BCE~1.3RE/bin/../lib/gcc/arm-none-eabi/14.3.1/../../../../arm-none-eabi/lib/thumb/v7e-m+fp/hard\libg_nano.a(libc_a-lock.o)
                0x08008362                __retarget_lock_acquire_recursive
 .text.__retarget_lock_release_recursive
                0x08008364        0x2 C:/PROGRA~2/ARMGNU~1/142BCE~1.3RE/bin/../lib/gcc/arm-none-eabi/14.3.1/../../../../arm-none-eabi/lib/thumb/v7e-m+fp/hard\libg_nano.a(libc_a-lock.o)
                0x08008364                __retarget_lock_release_recursive
 .text.memcpy   0x08008366       0x1c C:/PROGRA~2/ARMGNU~1/142BCE~1.3RE/bin/../lib/gcc/arm-none-eabi/14.3.1/../../../../arm-none-eabi/lib/thumb/v7e-m+fp/hard\libg_nano.a(libc_a-memcpy-stub.o)
                0x08008366                memcpy
 *fill*         0x08008382        0x6 
 .text.nan      0x08008388       0x10 C:/PROGRA~2/ARMGNU~1/142BCE~1.3RE/bin/../lib/gcc/arm-none-eabi/14.3.1/../../../../arm-none-eabi/lib/thumb/v7e-m+fp/hard\libg_nano.a(libm_a-s_nan.o)
                0x08008388                nan
 .text.__assert_func
                0x08008398       0x3c C:/PROGRA~2/ARMGNU~1/142BCE~1.3RE/bin/../lib/gcc/arm-none-eabi/14.3.1/../../../../arm-none-eabi/lib/thumb/v7e-m+fp/hard\libg_nano.a(libc_a-assert.o)
                0x08008398                __assert_func
 .text._free_r  0x080083d4       0x94 C:/PROGRA~2/ARMGNU~1/142BCE~1.3RE/bin/../lib/gcc/arm-none-eabi/14.3.1/../../../../arm-none-eabi/lib/thumb/v7e-m+fp/hard\libg_nano.a(libc_a-freer.o)
                0x080083d4                _free_r
 .text.rshift   0x08008468       0xa4 C:/PROGRA~2/ARMGNU~1/142BCE~1.3RE/bin/../lib/gcc/arm-none-eabi/14.3.1/../../../../arm-none-eabi/lib/thumb/v7e-m+fp/hard\libg_nano.a(libc_a-gdtoa-gethex.o)
 .text.__hexdig_fun
                0x0800850c       0x2a C:/PROGRA~2/ARMGNU~1/142BCE~1.3RE/bin/../lib/gcc/arm-none-eabi/14.3.1/../../../../arm-none-eabi/lib/thumb/v7e-m+fp/hard\libg_nano.a(libc_a-gdtoa-gethex.o)
                0x0800850c                __hexdig_fun
 *fill*         0x08008536        0x2 
 .text.__gethex
                0x08008538      0x420 C:/PROGRA~2/ARMGNU~1/142BCE~1.3RE/bin/../lib/gcc/arm-none-eabi/14.3.1/../../../../arm-none-eabi/lib/thumb/v7e-m+fp/hard\libg_nano.a(libc_a-gdtoa-gethex.o)
                0x08008538                __gethex
 .text.L_shift  0x08008958       0x24 C:/PROGRA~2/ARMGNU~1/142BCE~1.3RE/bin/../lib/gcc/arm-none-eabi/14.3.1/../../../../arm-none-eabi/lib/thumb/v7e-m+fp/hard\libg_nano.a(libc_a-gdtoa-hexnan.o)
 .text.__match  0x0800897c       0x28 C:/PROGRA~2/ARMGNU~1/142BCE~1.3RE/bin/../lib/gcc/arm-none-eabi/14.3.1/../../../../arm-none-eabi/lib/thumb/v7e-m+fp/hard\libg_nano.a(libc_a-gdtoa-hexnan.o)
                0x0800897c                __match
 .text.__hexnan
                0x080089a4      0x13a C:/PROGRA~2/ARMGNU~1/142BCE~1.3RE/bin/../lib/gcc/arm-none-eabi/14.3.1/../../../../arm-none-eabi/lib/thumb/v7e-m+fp/hard\libg_nano.a(libc_a-gdtoa-hexnan.o)
                0x080089a4                __hexnan
 *fill*         0x08008ade        0x2 
 .text.malloc   0x08008ae0       0x10 C:/PROGRA~2/ARMGNU~1/142BCE~1.3RE/bin/../lib/gcc/arm-none-eabi/14.3.1/../../../../arm-none-eabi/lib/thumb/v7e-m+fp/hard\libg_nano.a(libc_a-malloc.o)
                0x08008ae0                malloc
 .text.sbrk_aligned
                0x08008af0       0x44 C:/PROGRA~2/ARMGNU~1/142BCE~1.3RE/bin/../lib/gcc/arm-none-eabi/14.3.1/../../../../arm-none-eabi/lib/thumb/v7e-m+fp/hard\libg_nano.a(libc_a-mallocr.o)
 .text._malloc_r
                0x08008b34      0x100 C:/PROGRA~2/ARMGNU~1/142BCE~1.3RE/bin/../lib/gcc/arm-none-eabi/14.3.1/../../../../arm-none-eabi/lib/thumb/v7e-m+fp/hard\libg_nano.a(libc_a-mallocr.o)
                0x08008b34                _malloc_r
 .text.__ascii_mbtowc
                0x08008c34       0x24 C:/PROGRA~2/ARMGNU~1/142BCE~1.3RE/bin/../lib/gcc/arm-none-eabi/14.3.1/../../../../arm-none-eabi/lib/thumb/v7e-m+fp/hard\libg_nano.a(libc_a-mbtowc_r.o)
                0x08008c34                __ascii_mbtowc
 .text.__malloc_lock
                0x08008c58        0xc C:/PROGRA~2/ARMGNU~1/142BCE~1.3RE/bin/../lib/gcc/arm-none-eabi/14.3.1/../../../../arm-none-eabi/lib/thumb/v7e-m+fp/hard\libg_nano.a(libc_a-mlock.o)
                0x08008c58                __malloc_lock
 .text.__malloc_unlock
                0x08008c64        0xc C:/PROGRA~2/ARMGNU~1/142BCE~1.3RE/bin/../lib/gcc/arm-none-eabi/14.3.1/../../../../arm-none-eabi/lib/thumb/v7e-m+fp/hard\libg_nano.a(libc_a-mlock.o)
                0x08008c64                __malloc_unlock
 .text._Balloc  0x08008c70       0x7c C:/PROGRA~2/ARMGNU~1/142BCE~1.3RE/bin/../lib/gcc/arm-none-eabi/14.3.1/../../../../arm-none-eabi/lib/thumb/v7e-m+fp/hard\libg_nano.a(libc_a-mprec.o)
                0x08008c70                _Balloc
 .text._Bfree   0x08008cec       0x44 C:/PROGRA~2/ARMGNU~1/142BCE~1.3RE/bin/../lib/gcc/arm-none-eabi/14.3.1/../../../../arm-none-eabi/lib/thumb/v7e-m+fp/hard\libg_nano.a(libc_a-mprec.o)
                0x08008cec                _Bfree
 .text.__multadd
                0x08008d30       0x8c C:/PROGRA~2/ARMGNU~1/142BCE~1.3RE/bin/../lib/gcc/arm-none-eabi/14.3.1/../../../../arm-none-eabi/lib/thumb/v7e-m+fp/hard\libg_nano.a(libc_a-mprec.o)
                0x08008d30                __multadd
 .text.__s2b    0x08008dbc       0x94 C:/PROGRA~2/ARMGNU~1/142BCE~1.3RE/bin/../lib/gcc/arm-none-eabi/14.3.1/../../../../arm-none-eabi/lib/thumb/v7e-m+fp/hard\libg_nano.a(libc_a-mprec.o)
                0x08008dbc                __s2b
 .text.__hi0bits
                0x08008e50       0x3e C:/PROGRA~2/ARMGNU~1/142BCE~1.3RE/bin/../lib/gcc/arm-none-eabi/14.3.1/../../../../arm-none-eabi/lib/thumb/v7e-m+fp/hard\libg_nano.a(libc_a-mprec.o)
                0x08008e50                __hi0bits
 .text.__lo0bits
                0x08008e8e       0x5a C:/PROGRA~2/ARMGNU~1/142BCE~1.3RE/bin/../lib/gcc/arm-none-eabi/14.3.1/../../../../arm-none-eabi/lib/thumb/v7e-m+fp/hard\libg_nano.a(libc_a-mprec.o)
                0x08008e8e                __lo0bits
 .text.__i2b    0x08008ee8       0x2c C:/PROGRA~2/ARMGNU~1/142BCE~1.3RE/bin/../lib/gcc/arm-none-eabi/14.3.1/../../../../arm-none-eabi/lib/thumb/v7e-m+fp/hard\libg_nano.a(libc_a-mprec.o)
                0x08008ee8                __i2b
 .text.__multiply
                0x08008f14      0x154 C:/PROGRA~2/ARMGNU~1/142BCE~1.3RE/bin/../lib/gcc/arm-none-eabi/14.3.1/../../../../arm-none-eabi/lib/thumb/v7e-m+fp/hard\libg_nano.a(libc_a-mprec.o)
                0x08008f14                __multiply
 .text.__pow5mult
                0x08009068       0xb8 C:/PROGRA~2/ARMGNU~1/142BCE~1.3RE/bin/../lib/gcc/arm-none-eabi/14.3.1/../../../../arm-none-eabi/lib/thumb/v7e-m+fp/hard\libg_nano.a(libc_a-mprec.o)
                0x08009068                __pow5mult
 .text.__lshift
                0x08009120       0xdc C:/PROGRA~2/ARMGNU~1/142BCE~1.3RE/bin/../lib/gcc/arm-none-eabi/14.3.1/../../../../arm-none-eabi/lib/thumb/v7e-m+fp/hard\libg_nano.a(libc_a-mprec.o)
                0x08009120                __lshift
 .text.__mcmp   0x080091fc       0x36 C:/PROGRA~2/ARMGNU~1/142BCE~1.3RE/bin/../lib/gcc/arm-none-eabi/14.3.1/../../../../arm-none-eabi/lib/thumb/v7e-m+fp/hard\libg_nano.a(libc_a-mprec.o)
                0x080091fc                __mcmp
 *fill*         0x08009232        0x2 
 .text.__mdiff  0x08009234      0x130 C:/PROGRA~2/ARMGNU~1/142BCE~1.3RE/bin/../lib/gcc/arm-none-eabi/14.3.1/../../../../arm-none-eabi/lib/thumb/v7e-m+fp/hard\libg_nano.a(libc_a-mprec.o)
                0x08009234                __mdiff
 .text.__ulp    0x08009364       0x4c C:/PROGRA~2/ARMGNU~1/142BCE~1.3RE/bin/../lib/gcc/arm-none-eabi/14.3.1/../../../../arm-none-eabi/lib/thumb/v7e-m+fp/hard\libg_nano.a(libc_a-mprec.o)
                0x08009364                __ulp
 .text.__b2d    0x080093b0       0x94 C:/PROGRA~2/ARMGNU~1/142BCE~1.3RE/bin/../lib/gcc/arm-none-eabi/14.3.1/../../../../arm-none-eabi/lib/thumb/v7e-m+fp/hard\libg_nano.a(libc_a-mprec.o)
                0x080093b0                __b2d
 .text.__d2b    0x08009444       0xb0 C:/PROGRA~2/ARMGNU~1/142BCE~1.3RE/bin/../lib/gcc/arm-none-eabi/14.3.1/../../../../arm-none-eabi/lib/thumb/v7e-m+fp/hard\libg_nano.a(libc_a-mprec.o)
                0x08009444                __d2b
 .text.__ratio  0x080094f4       0x64 C:/PROGRA~2/ARMGNU~1/142BCE~1.3RE/bin/../lib/gcc/arm-none-eabi/14.3.1/../../../../arm-none-eabi/lib/thumb/v7e-m+fp/hard\libg_nano.a(libc_a-mprec.o)
                0x080094f4                __ratio
 .text.__copybits
                0x08009558       0x46 C:/PROGRA~2/ARMGNU~1/142BCE~1.3RE/bin/../lib/gcc/arm-none-eabi/14.3.1/../../../../arm-none-eabi/lib/thumb/v7e-m+fp/hard\libg_nano.a(libc_a-mprec.o)
                0x08009558                __copybits
 .text.__any_on
                0x0800959e       0x42 C:/PROGRA~2/ARMGNU~1/142BCE~1.3RE/bin/../lib/gcc/arm-none-eabi/14.3.1/../../../../arm-none-eabi/lib/thumb/v7e-m+fp/hard\libg_nano.a(libc_a-mprec.o)
                0x0800959e                __any_on
 .text.__ascii_wctomb
                0x080095e0       0x1a C:/PROGRA~2/ARMGNU~1/142BCE~1.3RE/bin/../lib/gcc/arm-none-eabi/14.3.1/../../../../arm-none-eabi/lib/thumb/v7e-m+fp/hard\libg_nano.a(libc_a-wctomb_r.o)
                0x080095e0                __ascii_wctomb
 .text.__ssputs_r
                0x080095fa       0xc0 C:/PROGRA~2/ARMGNU~1/142BCE~1.3RE/bin/../lib/gcc/arm-none-eabi/14.3.1/../../../../arm-none-eabi/lib/thumb/v7e-m+fp/hard\libg_nano.a(libc_a-nano-svfprintf.o)
                0x080095fa                __ssputs_r
 *fill*         0x080096ba        0x2 
 .text._svfprintf_r
                0x080096bc      0x1f0 C:/PROGRA~2/ARMGNU~1/142BCE~1.3RE/bin/../lib/gcc/arm-none-eabi/14.3.1/../../../../arm-none-eabi/lib/thumb/v7e-m+fp/hard\libg_nano.a(libc_a-nano-svfprintf.o)
                0x080096bc                _svfiprintf_r
                0x080096bc                _svfprintf_r
 .text._printf_common
                0x080098ac       0xda C:/PROGRA~2/ARMGNU~1/142BCE~1.3RE/bin/../lib/gcc/arm-none-eabi/14.3.1/../../../../arm-none-eabi/lib/thumb/v7e-m+fp/hard\libg_nano.a(libc_a-nano-vfprintf_i.o)
                0x080098ac                _printf_common
 *fill*         0x08009986        0x2 
 .text._printf_i
                0x08009988      0x24c C:/PROGRA~2/ARMGNU~1/142BCE~1.3RE/bin/../lib/gcc/arm-none-eabi/14.3.1/../../../../arm-none-eabi/lib/thumb/v7e-m+fp/hard\libg_nano.a(libc_a-nano-vfprintf_i.o)
                0x08009988                _printf_i
 .text.__sflush_r
                0x08009bd4      0x104 C:/PROGRA~2/ARMGNU~1/142BCE~1.3RE/bin/../lib/gcc/arm-none-eabi/14.3.1/../../../../arm-none-eabi/lib/thumb/v7e-m+fp/hard\libg_nano.a(libc_a-fflush.o)
                0x08009bd4                __sflush_r
 .text._fflush_r
                0x08009cd8       0x50 C:/PROGRA~2/ARMGNU~1/142BCE~1.3RE/bin/../lib/gcc/arm-none-eabi/14.3.1/../../../../arm-none-eabi/lib/thumb/v7e-m+fp/hard\libg_nano.a(libc_a-fflush.o)
                0x08009cd8                _fflush_r
 .text.fprintf  0x08009d28       0x24 C:/PROGRA~2/ARMGNU~1/142BCE~1.3RE/bin/../lib/gcc/arm-none-eabi/14.3.1/../../../../arm-none-eabi/lib/thumb/v7e-m+fp/hard\libg_nano.a(libc_a-fprintf.o)
                0x08009d28                fiprintf
                0x08009d28                fprintf
 .text.memmove  0x08009d4c       0x32 C:/PROGRA~2/ARMGNU~1/142BCE~1.3RE/bin/../lib/gcc/arm-none-eabi/14.3.1/../../../../arm-none-eabi/lib/thumb/v7e-m+fp/hard\libg_nano.a(libc_a-memmove.o)
                0x08009d4c                memmove
 *fill*         0x08009d7e        0x2 
 .text._sbrk_r  0x08009d80       0x20 C:/PROGRA~2/ARMGNU~1/142BCE~1.3RE/bin/../lib/gcc/arm-none-eabi/14.3.1/../../../../arm-none-eabi/lib/thumb/v7e-m+fp/hard\libg_nano.a(libc_a-sbrkr.o)
                0x08009d80                _sbrk_r
 .text.abort    0x08009da0        0xe C:/PROGRA~2/ARMGNU~1/142BCE~1.3RE/bin/../lib/gcc/arm-none-eabi/14.3.1/../../../../arm-none-eabi/lib/thumb/v7e-m+fp/hard\libg_nano.a(libc_a-abort.o)
                0x08009da0                abort
 .text._calloc_r
                0x08009dae       0x28 C:/PROGRA~2/ARMGNU~1/142BCE~1.3RE/bin/../lib/gcc/arm-none-eabi/14.3.1/../../../../arm-none-eabi/lib/thumb/v7e-m+fp/hard\libg_nano.a(libc_a-callocr.o)
                0x08009dae                _calloc_r
 .text._realloc_r
                0x08009dd6       0x5c C:/PROGRA~2/ARMGNU~1/142BCE~1.3RE/bin/../lib/gcc/arm-none-eabi/14.3.1/../../../../arm-none-eabi/lib/thumb/v7e-m+fp/hard\libg_nano.a(libc_a-reallocr.o)
                0x08009dd6                _realloc_r
 .text.__sfputc_r
                0x08009e32       0x2e C:/PROGRA~2/ARMGNU~1/142BCE~1.3RE/bin/../lib/gcc/arm-none-eabi/14.3.1/../../../../arm-none-eabi/lib/thumb/v7e-m+fp/hard\libg_nano.a(libc_a-nano-vfprintf.o)
 .text.__sfputs_r
                0x08009e60       0x24 C:/PROGRA~2/ARMGNU~1/142BCE~1.3RE/bin/../lib/gcc/arm-none-eabi/14.3.1/../../../../arm-none-eabi/lib/thumb/v7e-m+fp/hard\libg_nano.a(libc_a-nano-vfprintf.o)
                0x08009e60                __sfputs_r
 .text._vfprintf_r
                0x08009e84      0x228 C:/PROGRA~2/ARMGNU~1/142BCE~1.3RE/bin/../lib/gcc/arm-none-eabi/14.3.1/../../../../arm-none-eabi/lib/thumb/v7e-m+fp/hard\libg_nano.a(libc_a-nano-vfprintf.o)
                0x08009e84                _vfprintf_r
                0x08009e84                _vfiprintf_r
 .text.__swbuf_r
                0x0800a0ac       0x7c C:/PROGRA~2/ARMGNU~1/142BCE~1.3RE/bin/../lib/gcc/arm-none-eabi/14.3.1/../../../../arm-none-eabi/lib/thumb/v7e-m+fp/hard\libg_nano.a(libc_a-wbuf.o)
                0x0800a0ac                __swbuf_r
 .text.__swsetup_r
                0x0800a128       0xa8 C:/PROGRA~2/ARMGNU~1/142BCE~1.3RE/bin/../lib/gcc/arm-none-eabi/14.3.1/../../../../arm-none-eabi/lib/thumb/v7e-m+fp/hard\libg_nano.a(libc_a-wsetup.o)
                0x0800a128                __swsetup_r
 .text._raise_r
                0x0800a1d0       0x50 C:/PROGRA~2/ARMGNU~1/142BCE~1.3RE/bin/../lib/gcc/arm-none-eabi/14.3.1/../../../../arm-none-eabi/lib/thumb/v7e-m+fp/hard\libg_nano.a(libc_a-signal.o)
                0x0800a1d0                _raise_r
 .text.raise    0x0800a220       0x10 C:/PROGRA~2/ARMGNU~1/142BCE~1.3RE/bin/../lib/gcc/arm-none-eabi/14.3.1/../../../../arm-none-eabi/lib/thumb/v7e-m+fp/hard\libg_nano.a(libc_a-signal.o)
                0x0800a220                raise